Archive member included to satisfy reference by file (symbol)

C:/ST/STM32CubeIDE_1.15.1/STM32CubeIDE/plugins/com.st.stm32cube.ide.mcu.externaltools.gnu-tools-for-stm32.12.3.rel1.win32_1.0.100.202403111256/tools/bin/../lib/gcc/arm-none-eabi/12.3.1/../../../../arm-none-eabi/lib/thumb/v7e-m+fp/hard\libc_nano.a(libc_a-atoi.o)
                              ./Core/Src/sdsys.o (atoi)
C:/ST/STM32CubeIDE_1.15.1/STM32CubeIDE/plugins/com.st.stm32cube.ide.mcu.externaltools.gnu-tools-for-stm32.12.3.rel1.win32_1.0.100.202403111256/tools/bin/../lib/gcc/arm-none-eabi/12.3.1/../../../../arm-none-eabi/lib/thumb/v7e-m+fp/hard\libc_nano.a(libc_a-exit.o)
                              C:/ST/STM32CubeIDE_1.15.1/STM32CubeIDE/plugins/com.st.stm32cube.ide.mcu.externaltools.gnu-tools-for-stm32.12.3.rel1.win32_1.0.100.202403111256/tools/bin/../lib/gcc/arm-none-eabi/12.3.1/../../../../arm-none-eabi/lib/thumb/v7e-m+fp/hard/crt0.o (exit)
C:/ST/STM32CubeIDE_1.15.1/STM32CubeIDE/plugins/com.st.stm32cube.ide.mcu.externaltools.gnu-tools-for-stm32.12.3.rel1.win32_1.0.100.202403111256/tools/bin/../lib/gcc/arm-none-eabi/12.3.1/../../../../arm-none-eabi/lib/thumb/v7e-m+fp/hard\libc_nano.a(libc_a-malloc.o)
                              ./Core/Src/audio.o (malloc)
C:/ST/STM32CubeIDE_1.15.1/STM32CubeIDE/plugins/com.st.stm32cube.ide.mcu.externaltools.gnu-tools-for-stm32.12.3.rel1.win32_1.0.100.202403111256/tools/bin/../lib/gcc/arm-none-eabi/12.3.1/../../../../arm-none-eabi/lib/thumb/v7e-m+fp/hard\libc_nano.a(libc_a-mallocr.o)
                              C:/ST/STM32CubeIDE_1.15.1/STM32CubeIDE/plugins/com.st.stm32cube.ide.mcu.externaltools.gnu-tools-for-stm32.12.3.rel1.win32_1.0.100.202403111256/tools/bin/../lib/gcc/arm-none-eabi/12.3.1/../../../../arm-none-eabi/lib/thumb/v7e-m+fp/hard\libc_nano.a(libc_a-malloc.o) (_malloc_r)
C:/ST/STM32CubeIDE_1.15.1/STM32CubeIDE/plugins/com.st.stm32cube.ide.mcu.externaltools.gnu-tools-for-stm32.12.3.rel1.win32_1.0.100.202403111256/tools/bin/../lib/gcc/arm-none-eabi/12.3.1/../../../../arm-none-eabi/lib/thumb/v7e-m+fp/hard\libc_nano.a(libc_a-mlock.o)
                              C:/ST/STM32CubeIDE_1.15.1/STM32CubeIDE/plugins/com.st.stm32cube.ide.mcu.externaltools.gnu-tools-for-stm32.12.3.rel1.win32_1.0.100.202403111256/tools/bin/../lib/gcc/arm-none-eabi/12.3.1/../../../../arm-none-eabi/lib/thumb/v7e-m+fp/hard\libc_nano.a(libc_a-mallocr.o) (__malloc_lock)
C:/ST/STM32CubeIDE_1.15.1/STM32CubeIDE/plugins/com.st.stm32cube.ide.mcu.externaltools.gnu-tools-for-stm32.12.3.rel1.win32_1.0.100.202403111256/tools/bin/../lib/gcc/arm-none-eabi/12.3.1/../../../../arm-none-eabi/lib/thumb/v7e-m+fp/hard\libc_nano.a(libc_a-realloc.o)
                              ./Core/Src/graphics.o (realloc)
C:/ST/STM32CubeIDE_1.15.1/STM32CubeIDE/plugins/com.st.stm32cube.ide.mcu.externaltools.gnu-tools-for-stm32.12.3.rel1.win32_1.0.100.202403111256/tools/bin/../lib/gcc/arm-none-eabi/12.3.1/../../../../arm-none-eabi/lib/thumb/v7e-m+fp/hard\libc_nano.a(libc_a-reallocr.o)
                              C:/ST/STM32CubeIDE_1.15.1/STM32CubeIDE/plugins/com.st.stm32cube.ide.mcu.externaltools.gnu-tools-for-stm32.12.3.rel1.win32_1.0.100.202403111256/tools/bin/../lib/gcc/arm-none-eabi/12.3.1/../../../../arm-none-eabi/lib/thumb/v7e-m+fp/hard\libc_nano.a(libc_a-realloc.o) (_realloc_r)
C:/ST/STM32CubeIDE_1.15.1/STM32CubeIDE/plugins/com.st.stm32cube.ide.mcu.externaltools.gnu-tools-for-stm32.12.3.rel1.win32_1.0.100.202403111256/tools/bin/../lib/gcc/arm-none-eabi/12.3.1/../../../../arm-none-eabi/lib/thumb/v7e-m+fp/hard\libc_nano.a(libc_a-strtol.o)
                              C:/ST/STM32CubeIDE_1.15.1/STM32CubeIDE/plugins/com.st.stm32cube.ide.mcu.externaltools.gnu-tools-for-stm32.12.3.rel1.win32_1.0.100.202403111256/tools/bin/../lib/gcc/arm-none-eabi/12.3.1/../../../../arm-none-eabi/lib/thumb/v7e-m+fp/hard\libc_nano.a(libc_a-atoi.o) (_strtol_r)
C:/ST/STM32CubeIDE_1.15.1/STM32CubeIDE/plugins/com.st.stm32cube.ide.mcu.externaltools.gnu-tools-for-stm32.12.3.rel1.win32_1.0.100.202403111256/tools/bin/../lib/gcc/arm-none-eabi/12.3.1/../../../../arm-none-eabi/lib/thumb/v7e-m+fp/hard\libc_nano.a(libc_a-ctype_.o)
                              C:/ST/STM32CubeIDE_1.15.1/STM32CubeIDE/plugins/com.st.stm32cube.ide.mcu.externaltools.gnu-tools-for-stm32.12.3.rel1.win32_1.0.100.202403111256/tools/bin/../lib/gcc/arm-none-eabi/12.3.1/../../../../arm-none-eabi/lib/thumb/v7e-m+fp/hard\libc_nano.a(libc_a-strtol.o) (_ctype_)
C:/ST/STM32CubeIDE_1.15.1/STM32CubeIDE/plugins/com.st.stm32cube.ide.mcu.externaltools.gnu-tools-for-stm32.12.3.rel1.win32_1.0.100.202403111256/tools/bin/../lib/gcc/arm-none-eabi/12.3.1/../../../../arm-none-eabi/lib/thumb/v7e-m+fp/hard\libc_nano.a(libc_a-findfp.o)
[...]
Memory Configuration

Name             Origin             Length             Attributes
CCMRAM           0x10000000         0x00010000         xrw
RAM              0x20000000         0x00020000         xrw
FLASH            0x08000000         0x00080000         xr
*default*        0x00000000         0xffffffff

Linker script and memory map

LOAD C:/ST/STM32CubeIDE_1.15.1/STM32CubeIDE/plugins/com.st.stm32cube.ide.mcu.externaltools.gnu-tools-for-stm32.12.3.rel1.win32_1.0.100.202403111256/tools/bin/../lib/gcc/arm-none-eabi/12.3.1/thumb/v7e-m+fp/hard/crti.o
LOAD C:/ST/STM32CubeIDE_1.15.1/STM32CubeIDE/plugins/com.st.stm32cube.ide.mcu.externaltools.gnu-tools-for-stm32.12.3.rel1.win32_1.0.100.202403111256/tools/bin/../lib/gcc/arm-none-eabi/12.3.1/thumb/v7e-m+fp/hard/crtbegin.o
LOAD C:/ST/STM32CubeIDE_1.15.1/STM32CubeIDE/plugins/com.st.stm32cube.ide.mcu.externaltools.gnu-tools-for-stm32.12.3.rel1.win32_1.0.100.202403111256/tools/bin/../lib/gcc/arm-none-eabi/12.3.1/../../../../arm-none-eabi/lib/thumb/v7e-m+fp/hard/crt0.o
LOAD ./Core/Src/audio.o
LOAD ./Core/Src/font.o
LOAD ./Core/Src/graphics.o
LOAD ./Core/Src/lcd.o
LOAD ./Core/Src/main.o
LOAD ./Core/Src/sdsys.o
LOAD ./Core/Src/stm32f4xx_hal_msp.o
LOAD ./Core/Src/stm32f4xx_it.o
LOAD ./Core/Src/syscalls.o
LOAD ./Core/Src/sysmem.o
LOAD ./Core/Src/system_stm32f4xx.o
LOAD ./Core/Startup/startup_stm32f407vetx.o
LOAD ./Drivers/STM32F4xx_HAL_Driver/Src/stm32f4xx_hal.o
LOAD ./Drivers/STM32F4xx_HAL_Driver/Src/stm32f4xx_hal_cortex.o
LOAD ./Drivers/STM32F4xx_HAL_Driver/Src/stm32f4xx_hal_dac.o
LOAD ./Drivers/STM32F4xx_HAL_Driver/Src/stm32f4xx_hal_dac_ex.o
LOAD ./Drivers/STM32F4xx_HAL_Driver/Src/stm32f4xx_hal_dma.o
LOAD ./Drivers/STM32F4xx_HAL_Driver/Src/stm32f4xx_hal_dma_ex.o
LOAD ./Drivers/STM32F4xx_HAL_Driver/Src/stm32f4xx_hal_exti.o
LOAD ./Drivers/STM32F4xx_HAL_Driver/Src/stm32f4xx_hal_flash.o
LOAD ./Drivers/STM32F4xx_HAL_Driver/Src/stm32f4xx_hal_flash_ex.o
LOAD ./Drivers/STM32F4xx_HAL_Driver/Src/stm32f4xx_hal_flash_ramfunc.o
LOAD ./Drivers/STM32F4xx_HAL_Driver/Src/stm32f4xx_hal_gpio.o
LOAD ./Drivers/STM32F4xx_HAL_Driver/Src/stm32f4xx_hal_pwr.o
LOAD ./Drivers/STM32F4xx_HAL_Driver/Src/stm32f4xx_hal_pwr_ex.o
LOAD ./Drivers/STM32F4xx_HAL_Driver/Src/stm32f4xx_hal_rcc.o
LOAD ./Drivers/STM32F4xx_HAL_Driver/Src/stm32f4xx_hal_rcc_ex.o
LOAD ./Drivers/STM32F4xx_HAL_Driver/Src/stm32f4xx_hal_sd.o
LOAD ./Drivers/STM32F4xx_HAL_Driver/Src/stm32f4xx_hal_spi.o
LOAD ./Drivers/STM32F4xx_HAL_Driver/Src/stm32f4xx_hal_tim.o
LOAD ./Drivers/STM32F4xx_HAL_Driver/Src/stm32f4xx_hal_tim_ex.o
LOAD ./Drivers/STM32F4xx_HAL_Driver/Src/stm32f4xx_hal_uart.o
LOAD ./Drivers/STM32F4xx_HAL_Driver/Src/stm32f4xx_ll_sdmmc.o
LOAD ./FATFS/App/fatfs.o
LOAD ./FATFS/Target/bsp_driver_sd.o
LOAD ./FATFS/Target/sd_diskio.o
LOAD ./Middlewares/Third_Party/FatFs/src/diskio.o
LOAD ./Middlewares/Third_Party/FatFs/src/ff.o
LOAD ./Middlewares/Third_Party/FatFs/src/ff_gen_drv.o
LOAD ./Middlewares/Third_Party/FatFs/src/option/syscall.o
START GROUP
LOAD C:/ST/STM32CubeIDE_1.15.1/STM32CubeIDE/plugins/com.st.stm32cube.ide.mcu.externaltools.gnu-tools-for-stm32.12.3.rel1.win32_1.0.100.202403111256/tools/bin/../lib/gcc/arm-none-eabi/12.3.1/../../../../arm-none-eabi/lib/thumb/v7e-m+fp/hard\libc_nano.a
LOAD C:/ST/STM32CubeIDE_1.15.1/STM32CubeIDE/plugins/com.st.stm32cube.ide.mcu.externaltools.gnu-tools-for-stm32.12.3.rel1.win32_1.0.100.202403111256/tools/bin/../lib/gcc/arm-none-eabi/12.3.1/../../../../arm-none-eabi/lib/thumb/v7e-m+fp/hard\libm.a
END GROUP
START GROUP
LOAD C:/ST/STM32CubeIDE_1.15.1/STM32CubeIDE/plugins/com.st.stm32cube.ide.mcu.externaltools.gnu-tools-for-stm32.12.3.rel1.win32_1.0.100.202403111256/tools/bin/../lib/gcc/arm-none-eabi/12.3.1/thumb/v7e-m+fp/hard\libgcc.a
LOAD C:/ST/STM32CubeIDE_1.15.1/STM32CubeIDE/plugins/com.st.stm32cube.ide.mcu.externaltools.gnu-tools-for-stm32.12.3.rel1.win32_1.0.100.202403111256/tools/bin/../lib/gcc/arm-none-eabi/12.3.1/../../../../arm-none-eabi/lib/thumb/v7e-m+fp/hard\libc_nano.a
END GROUP
START GROUP
LOAD C:/ST/STM32CubeIDE_1.15.1/STM32CubeIDE/plugins/com.st.stm32cube.ide.mcu.externaltools.gnu-tools-for-stm32.12.3.rel1.win32_1.0.100.202403111256/tools/bin/../lib/gcc/arm-none-eabi/12.3.1/thumb/v7e-m+fp/hard\libgcc.a
LOAD C:/ST/STM32CubeIDE_1.15.1/STM32CubeIDE/plugins/com.st.stm32cube.ide.mcu.externaltools.gnu-tools-for-stm32.12.3.rel1.win32_1.0.100.202403111256/tools/bin/../lib/gcc/arm-none-eabi/12.3.1/../../../../arm-none-eabi/lib/thumb/v7e-m+fp/hard\libc_nano.a
LOAD C:/ST/STM32CubeIDE_1.15.1/STM32CubeIDE/plugins/com.st.stm32cube.ide.mcu.externaltools.gnu-tools-for-stm32.12.3.rel1.win32_1.0.100.202403111256/tools/bin/../lib/gcc/arm-none-eabi/12.3.1/../../../../arm-none-eabi/lib/thumb/v7e-m+fp/hard\libnosys.a
END GROUP
START GROUP
LOAD C:/ST/STM32CubeIDE_1.15.1/STM32CubeIDE/plugins/com.st.stm32cube.ide.mcu.externaltools.gnu-tools-for-stm32.12.3.rel1.win32_1.0.100.202403111256/tools/bin/../lib/gcc/arm-none-eabi/12.3.1/thumb/v7e-m+fp/hard\libgcc.a
LOAD C:/ST/STM32CubeIDE_1.15.1/STM32CubeIDE/plugins/com.st.stm32cube.ide.mcu.externaltools.gnu-tools-for-stm32.12.3.rel1.win32_1.0.100.202403111256/tools/bin/../lib/gcc/arm-none-eabi/12.3.1/../../../../arm-none-eabi/lib/thumb/v7e-m+fp/hard\libc_nano.a
LOAD C:/ST/STM32CubeIDE_1.15.1/STM32CubeIDE/plugins/com.st.stm32cube.ide.mcu.externaltools.gnu-tools-for-stm32.12.3.rel1.win32_1.0.100.202403111256/tools/bin/../lib/gcc/arm-none-eabi/12.3.1/../../../../arm-none-eabi/lib/thumb/v7e-m+fp/hard\libnosys.a
END GROUP
LOAD C:/ST/STM32CubeIDE_1.15.1/STM32CubeIDE/plugins/com.st.stm32cube.ide.mcu.externaltools.gnu-tools-for-stm32.12.3.rel1.win32_1.0.100.202403111256/tools/bin/../lib/gcc/arm-none-eabi/12.3.1/thumb/v7e-m+fp/hard/crtend.o
LOAD C:/ST/STM32CubeIDE_1.15.1/STM32CubeIDE/plugins/com.st.stm32cube.ide.mcu.externaltools.gnu-tools-for-stm32.12.3.rel1.win32_1.0.100.202403111256/tools/bin/../lib/gcc/arm-none-eabi/12.3.1/thumb/v7e-m+fp/hard/crtn.o
                0x20020000                        _estack = (ORIGIN (RAM) + LENGTH (RAM))
                0x00000200                        _Min_Heap_Size = 0x200
                0x00000400                        _Min_Stack_Size = 0x400

.isr_vector     0x08000000      0x188
                0x08000000                        . = ALIGN (0x4)
 *(.isr_vector)
 .isr_vector    0x08000000      0x188 ./Core/Startup/startup_stm32f407vetx.o
                0x08000000                g_pfnVectors
                0x08000188                        . = ALIGN (0x4)

.text           0x08000188     0xc9c0
                0x08000188                        . = ALIGN (0x4)
 *(.text)
 .text          0x08000188       0x40 C:/ST/STM32CubeIDE_1.15.1/STM32CubeIDE/plugins/com.st.stm32cube.ide.mcu.externaltools.gnu-tools-for-stm32.12.3.rel1.win32_1.0.100.202403111256/tools/bin/../lib/gcc/arm-none-eabi/12.3.1/thumb/v7e-m+fp/hard/crtbegin.o
 .text          0x080001c8       0x10 C:/ST/STM32CubeIDE_1.15.1/STM32CubeIDE/plugins/com.st.stm32cube.ide.mcu.externaltools.gnu-tools-for-stm32.12.3.rel1.win32_1.0.100.202403111256/tools/bin/../lib/gcc/arm-none-eabi/12.3.1/../../../../arm-none-eabi/lib/thumb/v7e-m+fp/hard\libc_nano.a(libc_a-strlen.o)
                0x080001c8                strlen
 .text          0x080001d8       0x30 C:/ST/STM32CubeIDE_1.15.1/STM32CubeIDE/plugins/com.st.stm32cube.ide.mcu.externaltools.gnu-tools-for-stm32.12.3.rel1.win32_1.0.100.202403111256/tools/bin/../lib/gcc/arm-none-eabi/12.3.1/thumb/v7e-m+fp/hard\libgcc.a(_aeabi_uldivmod.o)
                0x080001d8                __aeabi_uldivmod
 .text          0x08000208      0x2bc C:/ST/STM32CubeIDE_1.15.1/STM32CubeIDE/plugins/com.st.stm32cube.ide.mcu.externaltools.gnu-tools-for-stm32.12.3.rel1.win32_1.0.100.202403111256/tools/bin/../lib/gcc/arm-none-eabi/12.3.1/thumb/v7e-m+fp/hard\libgcc.a(_udivmoddi4.o)
                0x08000208                __udivmoddi4
 .text          0x080004c4        0x4 C:/ST/STM32CubeIDE_1.15.1/STM32CubeIDE/plugins/com.st.stm32cube.ide.mcu.externaltools.gnu-tools-for-stm32.12.3.rel1.win32_1.0.100.202403111256/tools/bin/../lib/gcc/arm-none-eabi/12.3.1/thumb/v7e-m+fp/hard\libgcc.a(_dvmd_tls.o)
                0x080004c4                __aeabi_idiv0
                0x080004c4                __aeabi_ldiv0
 *(.text*)
 .text.play_audio_file
                0x080004c8       0xec ./Core/Src/audio.o
                0x080004c8                play_audio_file
 .text.convert_color_16_to_18
                0x080005b4       0x90 ./Core/Src/graphics.o
                0x080005b4                convert_color_16_to_18
 .text.write_color
                0x08000644       0x34 ./Core/Src/graphics.o
                0x08000644                write_color
 .text.draw_pixel
                0x08000678       0x54 ./Core/Src/graphics.o
                0x08000678                draw_pixel
 .text.draw_pixel_data
                0x080006cc       0x5c ./Core/Src/graphics.o
 .text.fill_screen1
                0x08000728       0xc0 ./Core/Src/graphics.o
                0x08000728                fill_screen1
 .text.fill_screen2
                0x080007e8      0x1a8 ./Core/Src/graphics.o
                0x080007e8                fill_screen2
 .text.print_character
                0x08000990      0x110 ./Core/Src/graphics.o
                0x08000990                print_character
 .text.print_string
                0x08000aa0       0x88 ./Core/Src/graphics.o
                0x08000aa0                print_string
 .text.draw_horizontal_line
                0x08000b28       0x76 ./Core/Src/graphics.o
                0x08000b28                draw_horizontal_line
 .text.draw_vertical_line
                0x08000b9e       0x76 ./Core/Src/graphics.o
                0x08000b9e                draw_vertical_line
 .text.draw_rectangle
                0x08000c14       0xba ./Core/Src/graphics.o
                0x08000c14                draw_rectangle
 *fill*         0x08000cce        0x2 
 .text.draw_entity
                0x08000cd0      0x200 ./Core/Src/graphics.o
                0x08000cd0                draw_entity
 .text.translation_entity
                0x08000ed0      0x200 ./Core/Src/graphics.o
                0x08000ed0                translation_entity
 .text.scaling_entity
                0x080010d0      0x2c8 ./Core/Src/graphics.o
                0x080010d0                scaling_entity
 .text.rotate_entity
                0x08001398      0x198 ./Core/Src/graphics.o
                0x08001398                rotate_entity
 .text.LCD_send_command
                0x08001530       0x48 ./Core/Src/lcd.o
                0x08001530                LCD_send_command
 .text.LCD_send_data_multi
                0x08001578       0xe8 ./Core/Src/lcd.o
                0x08001578                LCD_send_data_multi
 .text.LCD_send_data
                0x08001660       0x48 ./Core/Src/lcd.o
                0x08001660                LCD_send_data
 .text.ILI9488_driver_init
                0x080016a8      0x200 ./Core/Src/lcd.o
                0x080016a8                ILI9488_driver_init
 .text.set_adress_window
                0x080018a8       0xa6 ./Core/Src/lcd.o
                0x080018a8                set_adress_window
 *fill*         0x0800194e        0x2 
 .text.read_pixel_frame
                0x08001950      0x220 ./Core/Src/lcd.o
                0x08001950                read_pixel_frame
 .text.HAL_SPI_TxCpltCallback
                0x08001b70       0x2c ./Core/Src/main.o
                0x08001b70                HAL_SPI_TxCpltCallback
 .text.HAL_SPI_RxCpltCallback
                0x08001b9c       0xc4 ./Core/Src/main.o
                0x08001b9c                HAL_SPI_RxCpltCallback
 .text.HAL_DAC_ConvHalfCpltCallbackCh1
                0x08001c60       0x20 ./Core/Src/main.o
                0x08001c60                HAL_DAC_ConvHalfCpltCallbackCh1
 .text.main     0x08001c80      0x4c0 ./Core/Src/main.o
                0x08001c80                main
 .text.SystemClock_Config
                0x08002140       0xd4 ./Core/Src/main.o
                0x08002140                SystemClock_Config
 .text.MX_DAC_Init
                0x08002214       0x54 ./Core/Src/main.o
 .text.MX_SDIO_SD_Init
                0x08002268       0x40 ./Core/Src/main.o
 .text.MX_SPI1_Init
                0x080022a8       0x6c ./Core/Src/main.o
 .text.MX_TIM2_Init
                0x08002314       0x98 ./Core/Src/main.o
 .text.MX_USART1_UART_Init
                0x080023ac       0x54 ./Core/Src/main.o
 .text.MX_DMA_Init
                0x08002400       0x7c ./Core/Src/main.o
 .text.MX_GPIO_Init
                0x0800247c       0xbc ./Core/Src/main.o
 .text.Error_Handler
                0x08002538        0xc ./Core/Src/main.o
                0x08002538                Error_Handler
 .text.init_cardSD
                0x08002544       0x1c ./Core/Src/sdsys.o
                0x08002544                init_cardSD
 .text.string_to_int
                0x08002560       0x52 ./Core/Src/sdsys.o
 .text.assign_filePath
                0x080025b2       0x48 ./Core/Src/sdsys.o
                0x080025b2                assign_filePath
 *fill*         0x080025fa        0x2 
 .text.read_audio_file
                0x080025fc      0x270 ./Core/Src/sdsys.o
                0x080025fc                read_audio_file
 .text.read_image_file
                0x0800286c      0x3d8 ./Core/Src/sdsys.o
                0x0800286c                read_image_file
 .text.frame_number_x
                0x08002c44      0x108 ./Core/Src/sdsys.o
 .text.read_image_file_scaling
                0x08002d4c      0x3fc ./Core/Src/sdsys.o
                0x08002d4c                read_image_file_scaling
 .text.write_image_file
                0x08003148      0x168 ./Core/Src/sdsys.o
                0x08003148                write_image_file
 .text.HAL_MspInit
                0x080032b0       0x50 ./Core/Src/stm32f4xx_hal_msp.o
                0x080032b0                HAL_MspInit
 .text.HAL_DAC_MspInit
                0x08003300       0xf4 ./Core/Src/stm32f4xx_hal_msp.o
                0x08003300                HAL_DAC_MspInit
 .text.HAL_SD_MspInit
                0x080033f4       0xf4 ./Core/Src/stm32f4xx_hal_msp.o
                0x080033f4                HAL_SD_MspInit
 .text.HAL_SPI_MspInit
                0x080034e8      0x158 ./Core/Src/stm32f4xx_hal_msp.o
                0x080034e8                HAL_SPI_MspInit
 .text.HAL_TIM_Base_MspInit
                0x08003640       0x40 ./Core/Src/stm32f4xx_hal_msp.o
                0x08003640                HAL_TIM_Base_MspInit
 .text.HAL_UART_MspInit
                0x08003680       0xa0 ./Core/Src/stm32f4xx_hal_msp.o
                0x08003680                HAL_UART_MspInit
 .text.NMI_Handler
                0x08003720        0x8 ./Core/Src/stm32f4xx_it.o
                0x08003720                NMI_Handler
 .text.HardFault_Handler
                0x08003728        0x8 ./Core/Src/stm32f4xx_it.o
                0x08003728                HardFault_Handler
 .text.MemManage_Handler
                0x08003730        0x8 ./Core/Src/stm32f4xx_it.o
                0x08003730                MemManage_Handler
 .text.BusFault_Handler
                0x08003738        0x8 ./Core/Src/stm32f4xx_it.o
                0x08003738                BusFault_Handler
 .text.UsageFault_Handler
                0x08003740        0x8 ./Core/Src/stm32f4xx_it.o
                0x08003740                UsageFault_Handler
 .text.SVC_Handler
                0x08003748        0xe ./Core/Src/stm32f4xx_it.o
                0x08003748                SVC_Handler
 .text.DebugMon_Handler
                0x08003756        0xe ./Core/Src/stm32f4xx_it.o
                0x08003756                DebugMon_Handler
 .text.PendSV_Handler
                0x08003764        0xe ./Core/Src/stm32f4xx_it.o
                0x08003764                PendSV_Handler
 .text.SysTick_Handler
                0x08003772        0xc ./Core/Src/stm32f4xx_it.o
                0x08003772                SysTick_Handler
 *fill*         0x0800377e        0x2 
 .text.DMA1_Stream5_IRQHandler
                0x08003780       0x14 ./Core/Src/stm32f4xx_it.o
                0x08003780                DMA1_Stream5_IRQHandler
 .text.USART1_IRQHandler
                0x08003794       0x14 ./Core/Src/stm32f4xx_it.o
                0x08003794                USART1_IRQHandler
 .text.DMA2_Stream0_IRQHandler
                0x080037a8       0x14 ./Core/Src/stm32f4xx_it.o
                0x080037a8                DMA2_Stream0_IRQHandler
 .text.DMA2_Stream3_IRQHandler
                0x080037bc       0x14 ./Core/Src/stm32f4xx_it.o
                0x080037bc                DMA2_Stream3_IRQHandler
 .text._sbrk    0x080037d0       0x6c ./Core/Src/sysmem.o
                0x080037d0                _sbrk
 .text.SystemInit
                0x0800383c       0x24 ./Core/Src/system_stm32f4xx.o
                0x0800383c                SystemInit
 .text.Reset_Handler
                0x08003860       0x50 ./Core/Startup/startup_stm32f407vetx.o
                0x08003860                Reset_Handler
 .text.Default_Handler
                0x080038b0        0x2 ./Core/Startup/startup_stm32f407vetx.o
                0x080038b0                RTC_Alarm_IRQHandler
                0x080038b0                HASH_RNG_IRQHandler
                0x080038b0                EXTI2_IRQHandler
                0x080038b0                TIM8_CC_IRQHandler
                0x080038b0                TIM1_CC_IRQHandler
                0x080038b0                DMA2_Stream5_IRQHandler
                0x080038b0                PVD_IRQHandler
                0x080038b0                SDIO_IRQHandler
                0x080038b0                TAMP_STAMP_IRQHandler
                0x080038b0                CAN2_RX1_IRQHandler
                0x080038b0                EXTI3_IRQHandler
                0x080038b0                TIM8_TRG_COM_TIM14_IRQHandler
                0x080038b0                TIM1_UP_TIM10_IRQHandler
                0x080038b0                TIM8_UP_TIM13_IRQHandler
                0x080038b0                I2C3_ER_IRQHandler
                0x080038b0                EXTI0_IRQHandler
                0x080038b0                I2C2_EV_IRQHandler
                0x080038b0                DMA1_Stream2_IRQHandler
                0x080038b0                CAN1_RX0_IRQHandler
                0x080038b0                FPU_IRQHandler
                0x080038b0                OTG_HS_WKUP_IRQHandler
                0x080038b0                CAN2_SCE_IRQHandler
                0x080038b0                DMA2_Stream2_IRQHandler
                0x080038b0                SPI1_IRQHandler
                0x080038b0                TIM6_DAC_IRQHandler
                0x080038b0                TIM1_BRK_TIM9_IRQHandler
                0x080038b0                DCMI_IRQHandler
                0x080038b0                CAN2_RX0_IRQHandler
                0x080038b0                USART6_IRQHandler
                0x080038b0                USART3_IRQHandler
                0x080038b0                CAN1_RX1_IRQHandler
                0x080038b0                UART5_IRQHandler
                0x080038b0                TIM4_IRQHandler
                0x080038b0                I2C1_EV_IRQHandler
                0x080038b0                DMA1_Stream6_IRQHandler
                0x080038b0                DMA1_Stream1_IRQHandler
                0x080038b0                UART4_IRQHandler
                0x080038b0                TIM3_IRQHandler
                0x080038b0                RCC_IRQHandler
                0x080038b0                TIM8_BRK_TIM12_IRQHandler
                0x080038b0                Default_Handler
                0x080038b0                EXTI15_10_IRQHandler
                0x080038b0                ADC_IRQHandler
                0x080038b0                DMA1_Stream7_IRQHandler
                0x080038b0                TIM7_IRQHandler
                0x080038b0                CAN2_TX_IRQHandler
                0x080038b0                TIM5_IRQHandler
                0x080038b0                DMA2_Stream7_IRQHandler
                0x080038b0                I2C3_EV_IRQHandler
                0x080038b0                EXTI9_5_IRQHandler
                0x080038b0                RTC_WKUP_IRQHandler
                0x080038b0                ETH_WKUP_IRQHandler
                0x080038b0                SPI2_IRQHandler
                0x080038b0                OTG_HS_EP1_IN_IRQHandler
                0x080038b0                DMA1_Stream0_IRQHandler
                0x080038b0                CAN1_TX_IRQHandler
                0x080038b0                EXTI4_IRQHandler
                0x080038b0                FSMC_IRQHandler
                0x080038b0                ETH_IRQHandler
                0x080038b0                OTG_HS_EP1_OUT_IRQHandler
                0x080038b0                WWDG_IRQHandler
                0x080038b0                TIM2_IRQHandler
                0x080038b0                OTG_FS_WKUP_IRQHandler
                0x080038b0                TIM1_TRG_COM_TIM11_IRQHandler
                0x080038b0                OTG_HS_IRQHandler
                0x080038b0                EXTI1_IRQHandler
                0x080038b0                USART2_IRQHandler
                0x080038b0                I2C2_ER_IRQHandler
                0x080038b0                DMA2_Stream1_IRQHandler
                0x080038b0                CAN1_SCE_IRQHandler
                0x080038b0                FLASH_IRQHandler
                0x080038b0                DMA2_Stream4_IRQHandler
                0x080038b0                OTG_FS_IRQHandler
                0x080038b0                SPI3_IRQHandler
                0x080038b0                DMA1_Stream4_IRQHandler
                0x080038b0                I2C1_ER_IRQHandler
                0x080038b0                DMA2_Stream6_IRQHandler
                0x080038b0                DMA1_Stream3_IRQHandler
 *fill*         0x080038b2        0x2 
 .text.HAL_Init
                0x080038b4       0x44 ./Drivers/STM32F4xx_HAL_Driver/Src/stm32f4xx_hal.o
                0x080038b4                HAL_Init
 .text.HAL_InitTick
                0x080038f8       0x60 ./Drivers/STM32F4xx_HAL_Driver/Src/stm32f4xx_hal.o
                0x080038f8                HAL_InitTick
 .text.HAL_IncTick
                0x08003958       0x28 ./Drivers/STM32F4xx_HAL_Driver/Src/stm32f4xx_hal.o
                0x08003958                HAL_IncTick
 .text.HAL_GetTick
                0x08003980       0x18 ./Drivers/STM32F4xx_HAL_Driver/Src/stm32f4xx_hal.o
                0x08003980                HAL_GetTick
 .text.HAL_Delay
                0x08003998       0x48 ./Drivers/STM32F4xx_HAL_Driver/Src/stm32f4xx_hal.o
                0x08003998                HAL_Delay
 .text.__NVIC_SetPriorityGrouping
                0x080039e0       0x48 ./Drivers/STM32F4xx_HAL_Driver/Src/stm32f4xx_hal_cortex.o
 .text.__NVIC_GetPriorityGrouping
                0x08003a28       0x1c ./Drivers/STM32F4xx_HAL_Driver/Src/stm32f4xx_hal_cortex.o
 .text.__NVIC_EnableIRQ
                0x08003a44       0x3c ./Drivers/STM32F4xx_HAL_Driver/Src/stm32f4xx_hal_cortex.o
 .text.__NVIC_SetPriority
                0x08003a80       0x54 ./Drivers/STM32F4xx_HAL_Driver/Src/stm32f4xx_hal_cortex.o
 .text.NVIC_EncodePriority
                0x08003ad4       0x66 ./Drivers/STM32F4xx_HAL_Driver/Src/stm32f4xx_hal_cortex.o
 *fill*         0x08003b3a        0x2 
 .text.SysTick_Config
                0x08003b3c       0x44 ./Drivers/STM32F4xx_HAL_Driver/Src/stm32f4xx_hal_cortex.o
 .text.HAL_NVIC_SetPriorityGrouping
                0x08003b80       0x16 ./Drivers/STM32F4xx_HAL_Driver/Src/stm32f4xx_hal_cortex.o
                0x08003b80                HAL_NVIC_SetPriorityGrouping
 .text.HAL_NVIC_SetPriority
                0x08003b96       0x38 ./Drivers/STM32F4xx_HAL_Driver/Src/stm32f4xx_hal_cortex.o
                0x08003b96                HAL_NVIC_SetPriority
 .text.HAL_NVIC_EnableIRQ
                0x08003bce       0x1c ./Drivers/STM32F4xx_HAL_Driver/Src/stm32f4xx_hal_cortex.o
                0x08003bce                HAL_NVIC_EnableIRQ
 .text.HAL_SYSTICK_Config
                0x08003bea       0x18 ./Drivers/STM32F4xx_HAL_Driver/Src/stm32f4xx_hal_cortex.o
                0x08003bea                HAL_SYSTICK_Config
 .text.HAL_DAC_Init
                0x08003c02       0x44 ./Drivers/STM32F4xx_HAL_Driver/Src/stm32f4xx_hal_dac.o
                0x08003c02                HAL_DAC_Init
 *fill*         0x08003c46        0x2 
 .text.HAL_DAC_Start_DMA
                0x08003c48      0x184 ./Drivers/STM32F4xx_HAL_Driver/Src/stm32f4xx_hal_dac.o
                0x08003c48                HAL_DAC_Start_DMA
 .text.HAL_DAC_Stop_DMA
                0x08003dcc       0x9a ./Drivers/STM32F4xx_HAL_Driver/Src/stm32f4xx_hal_dac.o
                0x08003dcc                HAL_DAC_Stop_DMA
 .text.HAL_DAC_ConvCpltCallbackCh1
                0x08003e66       0x14 ./Drivers/STM32F4xx_HAL_Driver/Src/stm32f4xx_hal_dac.o
                0x08003e66                HAL_DAC_ConvCpltCallbackCh1
 .text.HAL_DAC_ErrorCallbackCh1
                0x08003e7a       0x14 ./Drivers/STM32F4xx_HAL_Driver/Src/stm32f4xx_hal_dac.o
                0x08003e7a                HAL_DAC_ErrorCallbackCh1
 .text.HAL_DAC_ConfigChannel
                0x08003e8e       0xb2 ./Drivers/STM32F4xx_HAL_Driver/Src/stm32f4xx_hal_dac.o
                0x08003e8e                HAL_DAC_ConfigChannel
 .text.DAC_DMAConvCpltCh1
                0x08003f40       0x22 ./Drivers/STM32F4xx_HAL_Driver/Src/stm32f4xx_hal_dac.o
                0x08003f40                DAC_DMAConvCpltCh1
 .text.DAC_DMAHalfConvCpltCh1
                0x08003f62       0x1c ./Drivers/STM32F4xx_HAL_Driver/Src/stm32f4xx_hal_dac.o
                0x08003f62                DAC_DMAHalfConvCpltCh1
 .text.DAC_DMAErrorCh1
                0x08003f7e       0x2e ./Drivers/STM32F4xx_HAL_Driver/Src/stm32f4xx_hal_dac.o
                0x08003f7e                DAC_DMAErrorCh1
 .text.HAL_DACEx_ConvCpltCallbackCh2
                0x08003fac       0x14 ./Drivers/STM32F4xx_HAL_Driver/Src/stm32f4xx_hal_dac_ex.o
                0x08003fac                HAL_DACEx_ConvCpltCallbackCh2
 .text.HAL_DACEx_ConvHalfCpltCallbackCh2
                0x08003fc0       0x14 ./Drivers/STM32F4xx_HAL_Driver/Src/stm32f4xx_hal_dac_ex.o
                0x08003fc0                HAL_DACEx_ConvHalfCpltCallbackCh2
 .text.HAL_DACEx_ErrorCallbackCh2
                0x08003fd4       0x14 ./Drivers/STM32F4xx_HAL_Driver/Src/stm32f4xx_hal_dac_ex.o
                0x08003fd4                HAL_DACEx_ErrorCallbackCh2
 .text.DAC_DMAConvCpltCh2
                0x08003fe8       0x22 ./Drivers/STM32F4xx_HAL_Driver/Src/stm32f4xx_hal_dac_ex.o
                0x08003fe8                DAC_DMAConvCpltCh2
 .text.DAC_DMAHalfConvCpltCh2
                0x0800400a       0x1c ./Drivers/STM32F4xx_HAL_Driver/Src/stm32f4xx_hal_dac_ex.o
                0x0800400a                DAC_DMAHalfConvCpltCh2
 .text.DAC_DMAErrorCh2
                0x08004026       0x2e ./Drivers/STM32F4xx_HAL_Driver/Src/stm32f4xx_hal_dac_ex.o
                0x08004026                DAC_DMAErrorCh2
 .text.HAL_DMA_Init
                0x08004054      0x15c ./Drivers/STM32F4xx_HAL_Driver/Src/stm32f4xx_hal_dma.o
                0x08004054                HAL_DMA_Init
 .text.HAL_DMA_Start_IT
                0x080041b0       0xb0 ./Drivers/STM32F4xx_HAL_Driver/Src/stm32f4xx_hal_dma.o
                0x080041b0                HAL_DMA_Start_IT
 .text.HAL_DMA_Abort
                0x08004260       0xe0 ./Drivers/STM32F4xx_HAL_Driver/Src/stm32f4xx_hal_dma.o
                0x08004260                HAL_DMA_Abort
 .text.HAL_DMA_Abort_IT
                0x08004340       0x44 ./Drivers/STM32F4xx_HAL_Driver/Src/stm32f4xx_hal_dma.o
                0x08004340                HAL_DMA_Abort_IT
 .text.HAL_DMA_IRQHandler
                0x08004384      0x314 ./Drivers/STM32F4xx_HAL_Driver/Src/stm32f4xx_hal_dma.o
                0x08004384                HAL_DMA_IRQHandler
 .text.DMA_SetConfig
                0x08004698       0x5c ./Drivers/STM32F4xx_HAL_Driver/Src/stm32f4xx_hal_dma.o
 .text.DMA_CalcBaseAndBitshift
                0x080046f4       0x6c ./Drivers/STM32F4xx_HAL_Driver/Src/stm32f4xx_hal_dma.o
 .text.DMA_CheckFifoParam
                0x08004760       0xf8 ./Drivers/STM32F4xx_HAL_Driver/Src/stm32f4xx_hal_dma.o
 .text.HAL_GPIO_Init
                0x08004858      0x338 ./Drivers/STM32F4xx_HAL_Driver/Src/stm32f4xx_hal_gpio.o
                0x08004858                HAL_GPIO_Init
 .text.HAL_GPIO_WritePin
                0x08004b90       0x32 ./Drivers/STM32F4xx_HAL_Driver/Src/stm32f4xx_hal_gpio.o
                0x08004b90                HAL_GPIO_WritePin
 *fill*         0x08004bc2        0x2 
 .text.HAL_RCC_OscConfig
                0x08004bc4      0x4f0 ./Drivers/STM32F4xx_HAL_Driver/Src/stm32f4xx_hal_rcc.o
                0x08004bc4                HAL_RCC_OscConfig
 .text.HAL_RCC_ClockConfig
                0x080050b4      0x1cc ./Drivers/STM32F4xx_HAL_Driver/Src/stm32f4xx_hal_rcc.o
                0x080050b4                HAL_RCC_ClockConfig
 .text.HAL_RCC_GetSysClockFreq
                0x08005280      0x20c ./Drivers/STM32F4xx_HAL_Driver/Src/stm32f4xx_hal_rcc.o
                0x08005280                HAL_RCC_GetSysClockFreq
 .text.HAL_RCC_GetHCLKFreq
                0x0800548c       0x18 ./Drivers/STM32F4xx_HAL_Driver/Src/stm32f4xx_hal_rcc.o
                0x0800548c                HAL_RCC_GetHCLKFreq
 .text.HAL_RCC_GetPCLK1Freq
                0x080054a4       0x28 ./Drivers/STM32F4xx_HAL_Driver/Src/stm32f4xx_hal_rcc.o
                0x080054a4                HAL_RCC_GetPCLK1Freq
 .text.HAL_RCC_GetPCLK2Freq
                0x080054cc       0x28 ./Drivers/STM32F4xx_HAL_Driver/Src/stm32f4xx_hal_rcc.o
                0x080054cc                HAL_RCC_GetPCLK2Freq
 .text.HAL_SD_Init
                0x080054f4       0x60 ./Drivers/STM32F4xx_HAL_Driver/Src/stm32f4xx_hal_sd.o
                0x080054f4                HAL_SD_Init
 .text.HAL_SD_InitCard
                0x08005554      0x100 ./Drivers/STM32F4xx_HAL_Driver/Src/stm32f4xx_hal_sd.o
                0x08005554                HAL_SD_InitCard
 .text.HAL_SD_ReadBlocks
                0x08005654      0x3cc ./Drivers/STM32F4xx_HAL_Driver/Src/stm32f4xx_hal_sd.o
                0x08005654                HAL_SD_ReadBlocks
 .text.HAL_SD_WriteBlocks
                0x08005a20      0x31c ./Drivers/STM32F4xx_HAL_Driver/Src/stm32f4xx_hal_sd.o
                0x08005a20                HAL_SD_WriteBlocks
 .text.HAL_SD_GetCardCSD
                0x08005d3c      0x348 ./Drivers/STM32F4xx_HAL_Driver/Src/stm32f4xx_hal_sd.o
                0x08005d3c                HAL_SD_GetCardCSD
 .text.HAL_SD_GetCardInfo
                0x08006084       0x58 ./Drivers/STM32F4xx_HAL_Driver/Src/stm32f4xx_hal_sd.o
                0x08006084                HAL_SD_GetCardInfo
 .text.HAL_SD_GetCardState
                0x080060dc       0x40 ./Drivers/STM32F4xx_HAL_Driver/Src/stm32f4xx_hal_sd.o
                0x080060dc                HAL_SD_GetCardState
 .text.SD_InitCard
                0x0800611c      0x19c ./Drivers/STM32F4xx_HAL_Driver/Src/stm32f4xx_hal_sd.o
 .text.SD_PowerON
                0x080062b8      0x11c ./Drivers/STM32F4xx_HAL_Driver/Src/stm32f4xx_hal_sd.o
 .text.SD_SendStatus
                0x080063d4       0x50 ./Drivers/STM32F4xx_HAL_Driver/Src/stm32f4xx_hal_sd.o
 .text.HAL_SPI_Init
                0x08006424      0x112 ./Drivers/STM32F4xx_HAL_Driver/Src/stm32f4xx_hal_spi.o
                0x08006424                HAL_SPI_Init
 .text.HAL_SPI_Transmit
                0x08006536      0x288 ./Drivers/STM32F4xx_HAL_Driver/Src/stm32f4xx_hal_spi.o
                0x08006536                HAL_SPI_Transmit
 .text.HAL_SPI_Receive
                0x080067be      0x232 ./Drivers/STM32F4xx_HAL_Driver/Src/stm32f4xx_hal_spi.o
                0x080067be                HAL_SPI_Receive
 .text.HAL_SPI_TransmitReceive
                0x080069f0      0x352 ./Drivers/STM32F4xx_HAL_Driver/Src/stm32f4xx_hal_spi.o
                0x080069f0                HAL_SPI_TransmitReceive
 *fill*         0x08006d42        0x2 
 .text.HAL_SPI_Transmit_DMA
                0x08006d44      0x164 ./Drivers/STM32F4xx_HAL_Driver/Src/stm32f4xx_hal_spi.o
                0x08006d44                HAL_SPI_Transmit_DMA
 .text.HAL_SPI_Receive_DMA
                0x08006ea8      0x188 ./Drivers/STM32F4xx_HAL_Driver/Src/stm32f4xx_hal_spi.o
                0x08006ea8                HAL_SPI_Receive_DMA
 .text.HAL_SPI_TransmitReceive_DMA
                0x08007030      0x1f8 ./Drivers/STM32F4xx_HAL_Driver/Src/stm32f4xx_hal_spi.o
                0x08007030                HAL_SPI_TransmitReceive_DMA
 .text.HAL_SPI_TxRxCpltCallback
                0x08007228       0x14 ./Drivers/STM32F4xx_HAL_Driver/Src/stm32f4xx_hal_spi.o
                0x08007228                HAL_SPI_TxRxCpltCallback
 .text.HAL_SPI_TxHalfCpltCallback
                0x0800723c       0x14 ./Drivers/STM32F4xx_HAL_Driver/Src/stm32f4xx_hal_spi.o
                0x0800723c                HAL_SPI_TxHalfCpltCallback
 .text.HAL_SPI_RxHalfCpltCallback
                0x08007250       0x14 ./Drivers/STM32F4xx_HAL_Driver/Src/stm32f4xx_hal_spi.o
                0x08007250                HAL_SPI_RxHalfCpltCallback
 .text.HAL_SPI_TxRxHalfCpltCallback
                0x08007264       0x14 ./Drivers/STM32F4xx_HAL_Driver/Src/stm32f4xx_hal_spi.o
                0x08007264                HAL_SPI_TxRxHalfCpltCallback
 .text.HAL_SPI_ErrorCallback
                0x08007278       0x14 ./Drivers/STM32F4xx_HAL_Driver/Src/stm32f4xx_hal_spi.o
                0x08007278                HAL_SPI_ErrorCallback
 .text.SPI_DMATransmitCplt
                0x0800728c       0xa8 ./Drivers/STM32F4xx_HAL_Driver/Src/stm32f4xx_hal_spi.o
 .text.SPI_DMAReceiveCplt
                0x08007334       0xa8 ./Drivers/STM32F4xx_HAL_Driver/Src/stm32f4xx_hal_spi.o
 .text.SPI_DMATransmitReceiveCplt
                0x080073dc       0x90 ./Drivers/STM32F4xx_HAL_Driver/Src/stm32f4xx_hal_spi.o
 .text.SPI_DMAHalfTransmitCplt
                0x0800746c       0x1c ./Drivers/STM32F4xx_HAL_Driver/Src/stm32f4xx_hal_spi.o
 .text.SPI_DMAHalfReceiveCplt
                0x08007488       0x1c ./Drivers/STM32F4xx_HAL_Driver/Src/stm32f4xx_hal_spi.o
 .text.SPI_DMAHalfTransmitReceiveCplt
                0x080074a4       0x1c ./Drivers/STM32F4xx_HAL_Driver/Src/stm32f4xx_hal_spi.o
 .text.SPI_DMAError
                0x080074c0       0x40 ./Drivers/STM32F4xx_HAL_Driver/Src/stm32f4xx_hal_spi.o
 .text.SPI_WaitFlagStateUntilTimeout
                0x08007500      0x110 ./Drivers/STM32F4xx_HAL_Driver/Src/stm32f4xx_hal_spi.o
 .text.SPI_EndRxTransaction
                0x08007610       0xca ./Drivers/STM32F4xx_HAL_Driver/Src/stm32f4xx_hal_spi.o
 *fill*         0x080076da        0x2 
 .text.SPI_EndRxTxTransaction
                0x080076dc       0xa8 ./Drivers/STM32F4xx_HAL_Driver/Src/stm32f4xx_hal_spi.o
 .text.HAL_TIM_Base_Init
                0x08007784       0x9e ./Drivers/STM32F4xx_HAL_Driver/Src/stm32f4xx_hal_tim.o
                0x08007784                HAL_TIM_Base_Init
 *fill*         0x08007822        0x2 
 .text.HAL_TIM_Base_Start
                0x08007824       0xd0 ./Drivers/STM32F4xx_HAL_Driver/Src/stm32f4xx_hal_tim.o
                0x08007824                HAL_TIM_Base_Start
 .text.HAL_TIM_ConfigClockSource
                0x080078f4      0x18e ./Drivers/STM32F4xx_HAL_Driver/Src/stm32f4xx_hal_tim.o
                0x080078f4                HAL_TIM_ConfigClockSource
 *fill*         0x08007a82        0x2 
 .text.TIM_Base_SetConfig
                0x08007a84      0x158 ./Drivers/STM32F4xx_HAL_Driver/Src/stm32f4xx_hal_tim.o
                0x08007a84                TIM_Base_SetConfig
 .text.TIM_TI1_ConfigInputStage
                0x08007bdc       0x5e ./Drivers/STM32F4xx_HAL_Driver/Src/stm32f4xx_hal_tim.o
 .text.TIM_TI2_ConfigInputStage
                0x08007c3a       0x60 ./Drivers/STM32F4xx_HAL_Driver/Src/stm32f4xx_hal_tim.o
 .text.TIM_ITRx_SetConfig
                0x08007c9a       0x36 ./Drivers/STM32F4xx_HAL_Driver/Src/stm32f4xx_hal_tim.o
 .text.TIM_ETR_SetConfig
                0x08007cd0       0x40 ./Drivers/STM32F4xx_HAL_Driver/Src/stm32f4xx_hal_tim.o
                0x08007cd0                TIM_ETR_SetConfig
 .text.HAL_TIMEx_MasterConfigSynchronization
                0x08007d10       0xf8 ./Drivers/STM32F4xx_HAL_Driver/Src/stm32f4xx_hal_tim_ex.o
                0x08007d10                HAL_TIMEx_MasterConfigSynchronization
 .text.HAL_UART_Init
                0x08007e08       0xa0 ./Drivers/STM32F4xx_HAL_Driver/Src/stm32f4xx_hal_uart.o
                0x08007e08                HAL_UART_Init
 .text.HAL_UART_IRQHandler
                0x08007ea8      0x524 ./Drivers/STM32F4xx_HAL_Driver/Src/stm32f4xx_hal_uart.o
                0x08007ea8                HAL_UART_IRQHandler
 .text.HAL_UART_TxCpltCallback
                0x080083cc       0x14 ./Drivers/STM32F4xx_HAL_Driver/Src/stm32f4xx_hal_uart.o
                0x080083cc                HAL_UART_TxCpltCallback
 .text.HAL_UART_RxCpltCallback
                0x080083e0       0x14 ./Drivers/STM32F4xx_HAL_Driver/Src/stm32f4xx_hal_uart.o
                0x080083e0                HAL_UART_RxCpltCallback
 .text.HAL_UART_ErrorCallback
                0x080083f4       0x14 ./Drivers/STM32F4xx_HAL_Driver/Src/stm32f4xx_hal_uart.o
                0x080083f4                HAL_UART_ErrorCallback
 .text.HAL_UARTEx_RxEventCallback
                0x08008408       0x18 ./Drivers/STM32F4xx_HAL_Driver/Src/stm32f4xx_hal_uart.o
                0x08008408                HAL_UARTEx_RxEventCallback
 .text.UART_EndRxTransfer
                0x08008420       0xc6 ./Drivers/STM32F4xx_HAL_Driver/Src/stm32f4xx_hal_uart.o
 .text.UART_DMAAbortOnError
                0x080084e6       0x28 ./Drivers/STM32F4xx_HAL_Driver/Src/stm32f4xx_hal_uart.o
 .text.UART_Transmit_IT
                0x0800850e       0xa0 ./Drivers/STM32F4xx_HAL_Driver/Src/stm32f4xx_hal_uart.o
 .text.UART_EndTransmit_IT
                0x080085ae       0x30 ./Drivers/STM32F4xx_HAL_Driver/Src/stm32f4xx_hal_uart.o
 .text.UART_Receive_IT
                0x080085de      0x17c ./Drivers/STM32F4xx_HAL_Driver/Src/stm32f4xx_hal_uart.o
 *fill*         0x0800875a        0x2 
 .text.UART_SetConfig
                0x0800875c      0x4e8 ./Drivers/STM32F4xx_HAL_Driver/Src/stm32f4xx_hal_uart.o
 .text.SDIO_Init
                0x08008c44       0x56 ./Drivers/STM32F4xx_HAL_Driver/Src/stm32f4xx_ll_sdmmc.o
                0x08008c44                SDIO_Init
 .text.SDIO_ReadFIFO
                0x08008c9a       0x1a ./Drivers/STM32F4xx_HAL_Driver/Src/stm32f4xx_ll_sdmmc.o
                0x08008c9a                SDIO_ReadFIFO
 .text.SDIO_WriteFIFO
                0x08008cb4       0x22 ./Drivers/STM32F4xx_HAL_Driver/Src/stm32f4xx_ll_sdmmc.o
                0x08008cb4                SDIO_WriteFIFO
 .text.SDIO_PowerState_ON
                0x08008cd6       0x1c ./Drivers/STM32F4xx_HAL_Driver/Src/stm32f4xx_ll_sdmmc.o
                0x08008cd6                SDIO_PowerState_ON
 .text.SDIO_GetPowerState
                0x08008cf2       0x1c ./Drivers/STM32F4xx_HAL_Driver/Src/stm32f4xx_ll_sdmmc.o
                0x08008cf2                SDIO_GetPowerState
 .text.SDIO_SendCommand
                0x08008d0e       0x54 ./Drivers/STM32F4xx_HAL_Driver/Src/stm32f4xx_ll_sdmmc.o
                0x08008d0e                SDIO_SendCommand
 .text.SDIO_GetCommandResponse
                0x08008d62       0x1a ./Drivers/STM32F4xx_HAL_Driver/Src/stm32f4xx_ll_sdmmc.o
                0x08008d62                SDIO_GetCommandResponse
 .text.SDIO_GetResponse
                0x08008d7c       0x26 ./Drivers/STM32F4xx_HAL_Driver/Src/stm32f4xx_ll_sdmmc.o
                0x08008d7c                SDIO_GetResponse
 .text.SDIO_ConfigData
                0x08008da2       0x58 ./Drivers/STM32F4xx_HAL_Driver/Src/stm32f4xx_ll_sdmmc.o
                0x08008da2                SDIO_ConfigData
 .text.SDMMC_CmdBlockLength
                0x08008dfa       0x44 ./Drivers/STM32F4xx_HAL_Driver/Src/stm32f4xx_ll_sdmmc.o
                0x08008dfa                SDMMC_CmdBlockLength
 .text.SDMMC_CmdReadSingleBlock
                0x08008e3e       0x44 ./Drivers/STM32F4xx_HAL_Driver/Src/stm32f4xx_ll_sdmmc.o
                0x08008e3e                SDMMC_CmdReadSingleBlock
 .text.SDMMC_CmdReadMultiBlock
                0x08008e82       0x44 ./Drivers/STM32F4xx_HAL_Driver/Src/stm32f4xx_ll_sdmmc.o
                0x08008e82                SDMMC_CmdReadMultiBlock
 .text.SDMMC_CmdWriteSingleBlock
                0x08008ec6       0x44 ./Drivers/STM32F4xx_HAL_Driver/Src/stm32f4xx_ll_sdmmc.o
                0x08008ec6                SDMMC_CmdWriteSingleBlock
 .text.SDMMC_CmdWriteMultiBlock
                0x08008f0a       0x44 ./Drivers/STM32F4xx_HAL_Driver/Src/stm32f4xx_ll_sdmmc.o
                0x08008f0a                SDMMC_CmdWriteMultiBlock
 *fill*         0x08008f4e        0x2 
 .text.SDMMC_CmdStopTransfer
                0x08008f50       0x44 ./Drivers/STM32F4xx_HAL_Driver/Src/stm32f4xx_ll_sdmmc.o
                0x08008f50                SDMMC_CmdStopTransfer
 .text.SDMMC_CmdSelDesel
                0x08008f94       0x46 ./Drivers/STM32F4xx_HAL_Driver/Src/stm32f4xx_ll_sdmmc.o
                0x08008f94                SDMMC_CmdSelDesel
 .text.SDMMC_CmdGoIdleState
                0x08008fda       0x3c ./Drivers/STM32F4xx_HAL_Driver/Src/stm32f4xx_ll_sdmmc.o
                0x08008fda                SDMMC_CmdGoIdleState
 .text.SDMMC_CmdOperCond
                0x08009016       0x3e ./Drivers/STM32F4xx_HAL_Driver/Src/stm32f4xx_ll_sdmmc.o
                0x08009016                SDMMC_CmdOperCond
 .text.SDMMC_CmdAppCommand
                0x08009054       0x44 ./Drivers/STM32F4xx_HAL_Driver/Src/stm32f4xx_ll_sdmmc.o
                0x08009054                SDMMC_CmdAppCommand
 .text.SDMMC_CmdAppOperCommand
                0x08009098       0x46 ./Drivers/STM32F4xx_HAL_Driver/Src/stm32f4xx_ll_sdmmc.o
                0x08009098                SDMMC_CmdAppOperCommand
 .text.SDMMC_CmdSendCID
                0x080090de       0x3c ./Drivers/STM32F4xx_HAL_Driver/Src/stm32f4xx_ll_sdmmc.o
                0x080090de                SDMMC_CmdSendCID
 .text.SDMMC_CmdSendCSD
                0x0800911a       0x3e ./Drivers/STM32F4xx_HAL_Driver/Src/stm32f4xx_ll_sdmmc.o
                0x0800911a                SDMMC_CmdSendCSD
 .text.SDMMC_CmdSetRelAdd
                0x08009158       0x42 ./Drivers/STM32F4xx_HAL_Driver/Src/stm32f4xx_ll_sdmmc.o
                0x08009158                SDMMC_CmdSetRelAdd
 .text.SDMMC_CmdSendStatus
                0x0800919a       0x44 ./Drivers/STM32F4xx_HAL_Driver/Src/stm32f4xx_ll_sdmmc.o
                0x0800919a                SDMMC_CmdSendStatus
 *fill*         0x080091de        0x2 
 .text.SDMMC_GetCmdResp1
                0x080091e0      0x1dc ./Drivers/STM32F4xx_HAL_Driver/Src/stm32f4xx_ll_sdmmc.o
                0x080091e0                SDMMC_GetCmdResp1
 .text.SDMMC_GetCmdResp2
                0x080093bc       0x90 ./Drivers/STM32F4xx_HAL_Driver/Src/stm32f4xx_ll_sdmmc.o
                0x080093bc                SDMMC_GetCmdResp2
 .text.SDMMC_GetCmdResp3
                0x0800944c       0x7c ./Drivers/STM32F4xx_HAL_Driver/Src/stm32f4xx_ll_sdmmc.o
                0x0800944c                SDMMC_GetCmdResp3
 .text.SDMMC_GetCmdResp6
                0x080094c8       0xec ./Drivers/STM32F4xx_HAL_Driver/Src/stm32f4xx_ll_sdmmc.o
                0x080094c8                SDMMC_GetCmdResp6
 .text.SDMMC_GetCmdResp7
                0x080095b4       0x9c ./Drivers/STM32F4xx_HAL_Driver/Src/stm32f4xx_ll_sdmmc.o
                0x080095b4                SDMMC_GetCmdResp7
 .text.SDMMC_GetCmdError
                0x08009650       0x58 ./Drivers/STM32F4xx_HAL_Driver/Src/stm32f4xx_ll_sdmmc.o
 .text.MX_FATFS_Init
                0x080096a8       0x24 ./FATFS/App/fatfs.o
                0x080096a8                MX_FATFS_Init
 .text.get_fattime
                0x080096cc       0x10 ./FATFS/App/fatfs.o
                0x080096cc                get_fattime
 .text.BSP_SD_Init
                0x080096dc       0x30 ./FATFS/Target/bsp_driver_sd.o
                0x080096dc                BSP_SD_Init
 .text.BSP_SD_ReadBlocks
                0x0800970c       0x3c ./FATFS/Target/bsp_driver_sd.o
                0x0800970c                BSP_SD_ReadBlocks
 .text.BSP_SD_WriteBlocks
                0x08009748       0x3c ./FATFS/Target/bsp_driver_sd.o
                0x08009748                BSP_SD_WriteBlocks
 .text.BSP_SD_GetCardState
                0x08009784       0x20 ./FATFS/Target/bsp_driver_sd.o
                0x08009784                BSP_SD_GetCardState
 .text.BSP_SD_GetCardInfo
                0x080097a4       0x1c ./FATFS/Target/bsp_driver_sd.o
                0x080097a4                BSP_SD_GetCardInfo
 .text.BSP_SD_IsDetected
                0x080097c0       0x1a ./FATFS/Target/bsp_driver_sd.o
                0x080097c0                BSP_SD_IsDetected
 *fill*         0x080097da        0x2 
 .text.SD_CheckStatus
                0x080097dc       0x3c ./FATFS/Target/sd_diskio.o
 .text.SD_initialize
                0x08009818       0x3c ./FATFS/Target/sd_diskio.o
                0x08009818                SD_initialize
 .text.SD_status
                0x08009854       0x1c ./FATFS/Target/sd_diskio.o
                0x08009854                SD_status
 .text.SD_read  0x08009870       0x42 ./FATFS/Target/sd_diskio.o
                0x08009870                SD_read
 .text.SD_write
                0x080098b2       0x42 ./FATFS/Target/sd_diskio.o
                0x080098b2                SD_write
 .text.SD_ioctl
                0x080098f4       0xb0 ./FATFS/Target/sd_diskio.o
                0x080098f4                SD_ioctl
 .text.disk_status
                0x080099a4       0x34 ./Middlewares/Third_Party/FatFs/src/diskio.o
                0x080099a4                disk_status
 .text.disk_initialize
                0x080099d8       0x50 ./Middlewares/Third_Party/FatFs/src/diskio.o
                0x080099d8                disk_initialize
 .text.disk_read
                0x08009a28       0x40 ./Middlewares/Third_Party/FatFs/src/diskio.o
                0x08009a28                disk_read
 .text.disk_write
                0x08009a68       0x40 ./Middlewares/Third_Party/FatFs/src/diskio.o
                0x08009a68                disk_write
 .text.disk_ioctl
                0x08009aa8       0x3c ./Middlewares/Third_Party/FatFs/src/diskio.o
                0x08009aa8                disk_ioctl
 .text.ld_word  0x08009ae4       0x30 ./Middlewares/Third_Party/FatFs/src/ff.o
 .text.ld_dword
                0x08009b14       0x46 ./Middlewares/Third_Party/FatFs/src/ff.o
 .text.st_word  0x08009b5a       0x36 ./Middlewares/Third_Party/FatFs/src/ff.o
 .text.st_dword
                0x08009b90       0x58 ./Middlewares/Third_Party/FatFs/src/ff.o
 .text.mem_cpy  0x08009be8       0x42 ./Middlewares/Third_Party/FatFs/src/ff.o
 .text.mem_set  0x08009c2a       0x36 ./Middlewares/Third_Party/FatFs/src/ff.o
 .text.mem_cmp  0x08009c60       0x4e ./Middlewares/Third_Party/FatFs/src/ff.o
 .text.chk_chr  0x08009cae       0x36 ./Middlewares/Third_Party/FatFs/src/ff.o
 .text.chk_lock
                0x08009ce4       0xb8 ./Middlewares/Third_Party/FatFs/src/ff.o
 .text.enq_lock
                0x08009d9c       0x44 ./Middlewares/Third_Party/FatFs/src/ff.o
 .text.inc_lock
                0x08009de0      0x11c ./Middlewares/Third_Party/FatFs/src/ff.o
 .text.dec_lock
                0x08009efc       0x78 ./Middlewares/Third_Party/FatFs/src/ff.o
 .text.clear_lock
                0x08009f74       0x48 ./Middlewares/Third_Party/FatFs/src/ff.o
 .text.sync_window
                0x08009fbc       0x88 ./Middlewares/Third_Party/FatFs/src/ff.o
 .text.move_window
                0x0800a044       0x5a ./Middlewares/Third_Party/FatFs/src/ff.o
 *fill*         0x0800a09e        0x2 
 .text.sync_fs  0x0800a0a0       0xdc ./Middlewares/Third_Party/FatFs/src/ff.o
 .text.clust2sect
                0x0800a17c       0x3e ./Middlewares/Third_Party/FatFs/src/ff.o
 .text.get_fat  0x0800a1ba      0x14e ./Middlewares/Third_Party/FatFs/src/ff.o
 .text.put_fat  0x0800a308      0x1d4 ./Middlewares/Third_Party/FatFs/src/ff.o
 .text.remove_chain
                0x0800a4dc       0xca ./Middlewares/Third_Party/FatFs/src/ff.o
 .text.create_chain
                0x0800a5a6      0x130 ./Middlewares/Third_Party/FatFs/src/ff.o
 .text.clmt_clust
                0x0800a6d6       0x68 ./Middlewares/Third_Party/FatFs/src/ff.o
 .text.dir_sdi  0x0800a73e       0xf6 ./Middlewares/Third_Party/FatFs/src/ff.o
 .text.dir_next
                0x0800a834      0x18a ./Middlewares/Third_Party/FatFs/src/ff.o
 .text.dir_alloc
                0x0800a9be       0x8e ./Middlewares/Third_Party/FatFs/src/ff.o
 .text.ld_clust
                0x0800aa4c       0x3e ./Middlewares/Third_Party/FatFs/src/ff.o
 .text.st_clust
                0x0800aa8a       0x40 ./Middlewares/Third_Party/FatFs/src/ff.o
 .text.dir_read
                0x0800aaca       0xba ./Middlewares/Third_Party/FatFs/src/ff.o
 .text.dir_find
                0x0800ab84       0xaa ./Middlewares/Third_Party/FatFs/src/ff.o
 .text.dir_register
                0x0800ac2e       0x64 ./Middlewares/Third_Party/FatFs/src/ff.o
 .text.dir_remove
                0x0800ac92       0x3c ./Middlewares/Third_Party/FatFs/src/ff.o
 *fill*         0x0800acce        0x2 
 .text.create_name
                0x0800acd0      0x128 ./Middlewares/Third_Party/FatFs/src/ff.o
 .text.follow_path
                0x0800adf8       0xe2 ./Middlewares/Third_Party/FatFs/src/ff.o
 .text.get_ldnumber
                0x0800aeda       0x88 ./Middlewares/Third_Party/FatFs/src/ff.o
 *fill*         0x0800af62        0x2 
 .text.check_fs
                0x0800af64       0xac ./Middlewares/Third_Party/FatFs/src/ff.o
 .text.find_volume
                0x0800b010      0x498 ./Middlewares/Third_Party/FatFs/src/ff.o
 .text.validate
                0x0800b4a8       0x6a ./Middlewares/Third_Party/FatFs/src/ff.o
 *fill*         0x0800b512        0x2 
 .text.f_mount  0x0800b514       0x8c ./Middlewares/Third_Party/FatFs/src/ff.o
                0x0800b514                f_mount
 .text.f_open   0x0800b5a0      0x374 ./Middlewares/Third_Party/FatFs/src/ff.o
                0x0800b5a0                f_open
 .text.f_read   0x0800b914      0x27e ./Middlewares/Third_Party/FatFs/src/ff.o
                0x0800b914                f_read
 .text.f_write  0x0800bb92      0x2ea ./Middlewares/Third_Party/FatFs/src/ff.o
                0x0800bb92                f_write
 .text.f_sync   0x0800be7c       0xfc ./Middlewares/Third_Party/FatFs/src/ff.o
                0x0800be7c                f_sync
 .text.f_close  0x0800bf78       0x54 ./Middlewares/Third_Party/FatFs/src/ff.o
                0x0800bf78                f_close
 .text.f_lseek  0x0800bfcc      0x412 ./Middlewares/Third_Party/FatFs/src/ff.o
                0x0800bfcc                f_lseek
 .text.f_unlink
                0x0800c3de      0x156 ./Middlewares/Third_Party/FatFs/src/ff.o
                0x0800c3de                f_unlink
 .text.f_rename
                0x0800c534      0x1f2 ./Middlewares/Third_Party/FatFs/src/ff.o
                0x0800c534                f_rename
 *fill*         0x0800c726        0x2 
 .text.FATFS_LinkDriverEx
                0x0800c728       0x98 ./Middlewares/Third_Party/FatFs/src/ff_gen_drv.o
                0x0800c728                FATFS_LinkDriverEx
 .text.FATFS_LinkDriver
                0x0800c7c0       0x1e ./Middlewares/Third_Party/FatFs/src/ff_gen_drv.o
                0x0800c7c0                FATFS_LinkDriver
 *fill*         0x0800c7de        0x2 
 .text.malloc   0x0800c7e0       0x10 C:/ST/STM32CubeIDE_1.15.1/STM32CubeIDE/plugins/com.st.stm32cube.ide.mcu.externaltools.gnu-tools-for-stm32.12.3.rel1.win32_1.0.100.202403111256/tools/bin/../lib/gcc/arm-none-eabi/12.3.1/../../../../arm-none-eabi/lib/thumb/v7e-m+fp/hard\libc_nano.a(libc_a-malloc.o)
                0x0800c7e0                malloc
 .text.free     0x0800c7f0       0x10 C:/ST/STM32CubeIDE_1.15.1/STM32CubeIDE/plugins/com.st.stm32cube.ide.mcu.externaltools.gnu-tools-for-stm32.12.3.rel1.win32_1.0.100.202403111256/tools/bin/../lib/gcc/arm-none-eabi/12.3.1/../../../../arm-none-eabi/lib/thumb/v7e-m+fp/hard\libc_nano.a(libc_a-malloc.o)
                0x0800c7f0                free
 .text.sbrk_aligned
                0x0800c800       0x44 C:/ST/STM32CubeIDE_1.15.1/STM32CubeIDE/plugins/com.st.stm32cube.ide.mcu.externaltools.gnu-tools-for-stm32.12.3.rel1.win32_1.0.100.202403111256/tools/bin/../lib/gcc/arm-none-eabi/12.3.1/../../../../arm-none-eabi/lib/thumb/v7e-m+fp/hard\libc_nano.a(libc_a-mallocr.o)
 .text._malloc_r
                0x0800c844      0x100 C:/ST/STM32CubeIDE_1.15.1/STM32CubeIDE/plugins/com.st.stm32cube.ide.mcu.externaltools.gnu-tools-for-stm32.12.3.rel1.win32_1.0.100.202403111256/tools/bin/../lib/gcc/arm-none-eabi/12.3.1/../../../../arm-none-eabi/lib/thumb/v7e-m+fp/hard\libc_nano.a(libc_a-mallocr.o)
                0x0800c844                _malloc_r
 .text.__malloc_lock
                0x0800c944        0xc C:/ST/STM32CubeIDE_1.15.1/STM32CubeIDE/plugins/com.st.stm32cube.ide.mcu.externaltools.gnu-tools-for-stm32.12.3.rel1.win32_1.0.100.202403111256/tools/bin/../lib/gcc/arm-none-eabi/12.3.1/../../../../arm-none-eabi/lib/thumb/v7e-m+fp/hard\libc_nano.a(libc_a-mlock.o)
                0x0800c944                __malloc_lock
 .text.__malloc_unlock
                0x0800c950        0xc C:/ST/STM32CubeIDE_1.15.1/STM32CubeIDE/plugins/com.st.stm32cube.ide.mcu.externaltools.gnu-tools-for-stm32.12.3.rel1.win32_1.0.100.202403111256/tools/bin/../lib/gcc/arm-none-eabi/12.3.1/../../../../arm-none-eabi/lib/thumb/v7e-m+fp/hard\libc_nano.a(libc_a-mlock.o)
                0x0800c950                __malloc_unlock
 .text.realloc  0x0800c95c       0x10 C:/ST/STM32CubeIDE_1.15.1/STM32CubeIDE/plugins/com.st.stm32cube.ide.mcu.externaltools.gnu-tools-for-stm32.12.3.rel1.win32_1.0.100.202403111256/tools/bin/../lib/gcc/arm-none-eabi/12.3.1/../../../../arm-none-eabi/lib/thumb/v7e-m+fp/hard\libc_nano.a(libc_a-realloc.o)
                0x0800c95c                realloc
 .text._realloc_r
                0x0800c96c       0x5c C:/ST/STM32CubeIDE_1.15.1/STM32CubeIDE/plugins/com.st.stm32cube.ide.mcu.externaltools.gnu-tools-for-stm32.12.3.rel1.win32_1.0.100.202403111256/tools/bin/../lib/gcc/arm-none-eabi/12.3.1/../../../../arm-none-eabi/lib/thumb/v7e-m+fp/hard\libc_nano.a(libc_a-reallocr.o)
                0x0800c96c                _realloc_r
 .text.memset   0x0800c9c8       0x10 C:/ST/STM32CubeIDE_1.15.1/STM32CubeIDE/plugins/com.st.stm32cube.ide.mcu.externaltools.gnu-tools-for-stm32.12.3.rel1.win32_1.0.100.202403111256/tools/bin/../lib/gcc/arm-none-eabi/12.3.1/../../../../arm-none-eabi/lib/thumb/v7e-m+fp/hard\libc_nano.a(libc_a-memset.o)
                0x0800c9c8                memset
 .text.strcat   0x0800c9d8       0x1e C:/ST/STM32CubeIDE_1.15.1/STM32CubeIDE/plugins/com.st.stm32cube.ide.mcu.externaltools.gnu-tools-for-stm32.12.3.rel1.win32_1.0.100.202403111256/tools/bin/../lib/gcc/arm-none-eabi/12.3.1/../../../../arm-none-eabi/lib/thumb/v7e-m+fp/hard\libc_nano.a(libc_a-strcat.o)
                0x0800c9d8                strcat
 *fill*         0x0800c9f6        0x2 
 .text._sbrk_r  0x0800c9f8       0x20 C:/ST/STM32CubeIDE_1.15.1/STM32CubeIDE/plugins/com.st.stm32cube.ide.mcu.externaltools.gnu-tools-for-stm32.12.3.rel1.win32_1.0.100.202403111256/tools/bin/../lib/gcc/arm-none-eabi/12.3.1/../../../../arm-none-eabi/lib/thumb/v7e-m+fp/hard\libc_nano.a(libc_a-sbrkr.o)
                0x0800c9f8                _sbrk_r
 .text.__errno  0x0800ca18        0xc C:/ST/STM32CubeIDE_1.15.1/STM32CubeIDE/plugins/com.st.stm32cube.ide.mcu.externaltools.gnu-tools-for-stm32.12.3.rel1.win32_1.0.100.202403111256/tools/bin/../lib/gcc/arm-none-eabi/12.3.1/../../../../arm-none-eabi/lib/thumb/v7e-m+fp/hard\libc_nano.a(libc_a-errno.o)
                0x0800ca18                __errno
 .text.__libc_init_array
                0x0800ca24       0x48 C:/ST/STM32CubeIDE_1.15.1/STM32CubeIDE/plugins/com.st.stm32cube.ide.mcu.externaltools.gnu-tools-for-stm32.12.3.rel1.win32_1.0.100.202403111256/tools/bin/../lib/gcc/arm-none-eabi/12.3.1/../../../../arm-none-eabi/lib/thumb/v7e-m+fp/hard\libc_nano.a(libc_a-init.o)
                0x0800ca24                __libc_init_array
 .text.__retarget_lock_acquire_recursive
                0x0800ca6c        0x2 C:/ST/STM32CubeIDE_1.15.1/STM32CubeIDE/plugins/com.st.stm32cube.ide.mcu.externaltools.gnu-tools-for-stm32.12.3.rel1.win32_1.0.100.202403111256/tools/bin/../lib/gcc/arm-none-eabi/12.3.1/../../../../arm-none-eabi/lib/thumb/v7e-m+fp/hard\libc_nano.a(libc_a-lock.o)
                0x0800ca6c                __retarget_lock_acquire_recursive
 .text.__retarget_lock_release_recursive
                0x0800ca6e        0x2 C:/ST/STM32CubeIDE_1.15.1/STM32CubeIDE/plugins/com.st.stm32cube.ide.mcu.externaltools.gnu-tools-for-stm32.12.3.rel1.win32_1.0.100.202403111256/tools/bin/../lib/gcc/arm-none-eabi/12.3.1/../../../../arm-none-eabi/lib/thumb/v7e-m+fp/hard\libc_nano.a(libc_a-lock.o)
                0x0800ca6e                __retarget_lock_release_recursive
 .text.memcpy   0x0800ca70       0x1c C:/ST/STM32CubeIDE_1.15.1/STM32CubeIDE/plugins/com.st.stm32cube.ide.mcu.externaltools.gnu-tools-for-stm32.12.3.rel1.win32_1.0.100.202403111256/tools/bin/../lib/gcc/arm-none-eabi/12.3.1/../../../../arm-none-eabi/lib/thumb/v7e-m+fp/hard\libc_nano.a(libc_a-memcpy-stub.o)
                0x0800ca70                memcpy
 .text._free_r  0x0800ca8c       0x94 C:/ST/STM32CubeIDE_1.15.1/STM32CubeIDE/plugins/com.st.stm32cube.ide.mcu.externaltools.gnu-tools-for-stm32.12.3.rel1.win32_1.0.100.202403111256/tools/bin/../lib/gcc/arm-none-eabi/12.3.1/../../../../arm-none-eabi/lib/thumb/v7e-m+fp/hard\libc_nano.a(libc_a-freer.o)
                0x0800ca8c                _free_r
 .text._malloc_usable_size_r
                0x0800cb20       0x10 C:/ST/STM32CubeIDE_1.15.1/STM32CubeIDE/plugins/com.st.stm32cube.ide.mcu.externaltools.gnu-tools-for-stm32.12.3.rel1.win32_1.0.100.202403111256/tools/bin/../lib/gcc/arm-none-eabi/12.3.1/../../../../arm-none-eabi/lib/thumb/v7e-m+fp/hard\libc_nano.a(libc_a-msizer.o)
                0x0800cb20                _malloc_usable_size_r
 *(.glue_7)
 .glue_7        0x0800cb30        0x0 linker stubs
 *(.glue_7t)
 .glue_7t       0x0800cb30        0x0 linker stubs
 *(.eh_frame)
 .eh_frame      0x0800cb30        0x0 C:/ST/STM32CubeIDE_1.15.1/STM32CubeIDE/plugins/com.st.stm32cube.ide.mcu.externaltools.gnu-tools-for-stm32.12.3.rel1.win32_1.0.100.202403111256/tools/bin/../lib/gcc/arm-none-eabi/12.3.1/thumb/v7e-m+fp/hard/crtbegin.o
 *(.init)
 .init          0x0800cb30        0x4 C:/ST/STM32CubeIDE_1.15.1/STM32CubeIDE/plugins/com.st.stm32cube.ide.mcu.externaltools.gnu-tools-for-stm32.12.3.rel1.win32_1.0.100.202403111256/tools/bin/../lib/gcc/arm-none-eabi/12.3.1/thumb/v7e-m+fp/hard/crti.o
                0x0800cb30                _init
 .init          0x0800cb34        0x8 C:/ST/STM32CubeIDE_1.15.1/STM32CubeIDE/plugins/com.st.stm32cube.ide.mcu.externaltools.gnu-tools-for-stm32.12.3.rel1.win32_1.0.100.202403111256/tools/bin/../lib/gcc/arm-none-eabi/12.3.1/thumb/v7e-m+fp/hard/crtn.o
 *(.fini)
 .fini          0x0800cb3c        0x4 C:/ST/STM32CubeIDE_1.15.1/STM32CubeIDE/plugins/com.st.stm32cube.ide.mcu.externaltools.gnu-tools-for-stm32.12.3.rel1.win32_1.0.100.202403111256/tools/bin/../lib/gcc/arm-none-eabi/12.3.1/thumb/v7e-m+fp/hard/crti.o
                0x0800cb3c                _fini
 .fini          0x0800cb40        0x8 C:/ST/STM32CubeIDE_1.15.1/STM32CubeIDE/plugins/com.st.stm32cube.ide.mcu.externaltools.gnu-tools-for-stm32.12.3.rel1.win32_1.0.100.202403111256/tools/bin/../lib/gcc/arm-none-eabi/12.3.1/thumb/v7e-m+fp/hard/crtn.o
                0x0800cb48                        . = ALIGN (0x4)
                0x0800cb48                        _etext = .

.vfp11_veneer   0x0800cb48        0x0
 .vfp11_veneer  0x0800cb48        0x0 linker stubs

.v4_bx          0x0800cb48        0x0
 .v4_bx         0x0800cb48        0x0 linker stubs

.iplt           0x0800cb48        0x0
 .iplt          0x0800cb48        0x0 C:/ST/STM32CubeIDE_1.15.1/STM32CubeIDE/plugins/com.st.stm32cube.ide.mcu.externaltools.gnu-tools-for-stm32.12.3.rel1.win32_1.0.100.202403111256/tools/bin/../lib/gcc/arm-none-eabi/12.3.1/thumb/v7e-m+fp/hard/crtbegin.o

.rodata         0x0800cb48      0xf6c
                0x0800cb48                        . = ALIGN (0x4)
 *(.rodata)
 .rodata        0x0800cb48       0x2d ./Core/Src/graphics.o
 *fill*         0x0800cb75        0x3 
 .rodata        0x0800cb78       0xdd ./Core/Src/main.o
 *fill*         0x0800cc55        0x3 
 .rodata        0x0800cc58        0x1 ./Core/Src/sdsys.o
 *fill*         0x0800cc59        0x3 
 .rodata        0x0800cc5c       0x44 ./Middlewares/Third_Party/FatFs/src/ff.o
 *(.rodata*)
 .rodata.dataFont11x18
                0x0800cca0      0xd5c ./Core/Src/font.o
 .rodata.n.9    0x0800d9fc        0x4 ./Core/Src/sdsys.o
 .rodata.AHBPrescTable
                0x0800da00       0x10 ./Core/Src/system_stm32f4xx.o
                0x0800da00                AHBPrescTable
 .rodata.APBPrescTable
                0x0800da10        0x8 ./Core/Src/system_stm32f4xx.o
                0x0800da10                APBPrescTable
 .rodata.flagBitshiftOffset.0
                0x0800da18        0x8 ./Drivers/STM32F4xx_HAL_Driver/Src/stm32f4xx_hal_dma.o
 .rodata.SD_Driver
                0x0800da20       0x14 ./FATFS/Target/sd_diskio.o
                0x0800da20                SD_Driver
 .rodata.ExCvt  0x0800da34       0x80 ./Middlewares/Third_Party/FatFs/src/ff.o
                0x0800dab4                        . = ALIGN (0x4)

.ARM.extab      0x0800dab4        0x0
                0x0800dab4                        . = ALIGN (0x4)
 *(.ARM.extab* .gnu.linkonce.armextab.*)
                0x0800dab4                        . = ALIGN (0x4)

.ARM            0x0800dab4        0x8
                0x0800dab4                        . = ALIGN (0x4)
                0x0800dab4                        __exidx_start = .
 *(.ARM.exidx*)
 .ARM.exidx     0x0800dab4        0x8 C:/ST/STM32CubeIDE_1.15.1/STM32CubeIDE/plugins/com.st.stm32cube.ide.mcu.externaltools.gnu-tools-for-stm32.12.3.rel1.win32_1.0.100.202403111256/tools/bin/../lib/gcc/arm-none-eabi/12.3.1/../../../../arm-none-eabi/lib/thumb/v7e-m+fp/hard\libc_nano.a(libc_a-strlen.o)
 .ARM.exidx     0x0800dabc        0x0 C:/ST/STM32CubeIDE_1.15.1/STM32CubeIDE/plugins/com.st.stm32cube.ide.mcu.externaltools.gnu-tools-for-stm32.12.3.rel1.win32_1.0.100.202403111256/tools/bin/../lib/gcc/arm-none-eabi/12.3.1/thumb/v7e-m+fp/hard\libgcc.a(_udivmoddi4.o)
                                  0x8 (size before relaxing)
                0x0800dabc                        __exidx_end = .
                0x0800dabc                        . = ALIGN (0x4)

.preinit_array  0x0800dabc        0x0
                0x0800dabc                        . = ALIGN (0x4)
                0x0800dabc                        PROVIDE (__preinit_array_start = .)
 *(.preinit_array*)
                0x0800dabc                        PROVIDE (__preinit_array_end = .)
                0x0800dabc                        . = ALIGN (0x4)

.init_array     0x0800dabc        0x4
                0x0800dabc                        . = ALIGN (0x4)
                0x0800dabc                        PROVIDE (__init_array_start = .)
 *(SORT_BY_NAME(.init_array.*))
 *(.init_array*)
 .init_array    0x0800dabc        0x4 C:/ST/STM32CubeIDE_1.15.1/STM32CubeIDE/plugins/com.st.stm32cube.ide.mcu.externaltools.gnu-tools-for-stm32.12.3.rel1.win32_1.0.100.202403111256/tools/bin/../lib/gcc/arm-none-eabi/12.3.1/thumb/v7e-m+fp/hard/crtbegin.o
                0x0800dac0                        PROVIDE (__init_array_end = .)
                0x0800dac0                        . = ALIGN (0x4)

.fini_array     0x0800dac0        0x4
                0x0800dac0                        . = ALIGN (0x4)
                [!provide]                        PROVIDE (__fini_array_start = .)
 *(SORT_BY_NAME(.fini_array.*))
 *(.fini_array*)
 .fini_array    0x0800dac0        0x4 C:/ST/STM32CubeIDE_1.15.1/STM32CubeIDE/plugins/com.st.stm32cube.ide.mcu.externaltools.gnu-tools-for-stm32.12.3.rel1.win32_1.0.100.202403111256/tools/bin/../lib/gcc/arm-none-eabi/12.3.1/thumb/v7e-m+fp/hard/crtbegin.o
                [!provide]                        PROVIDE (__fini_array_end = .)
                0x0800dac4                        . = ALIGN (0x4)
                0x0800dac4                        _sidata = LOADADDR (.data)

.rel.dyn        0x0800dac4        0x0
 .rel.iplt      0x0800dac4        0x0 C:/ST/STM32CubeIDE_1.15.1/STM32CubeIDE/plugins/com.st.stm32cube.ide.mcu.externaltools.gnu-tools-for-stm32.12.3.rel1.win32_1.0.100.202403111256/tools/bin/../lib/gcc/arm-none-eabi/12.3.1/thumb/v7e-m+fp/hard/crtbegin.o

.data           0x20000000       0x68 load address 0x0800dac4
                0x20000000                        . = ALIGN (0x4)
                0x20000000                        _sdata = .
 *(.data)
 *(.data*)
 .data.font     0x20000000        0x8 ./Core/Src/font.o
                0x20000000                font
 .data.flagNewAudioFile.16
                0x20000008        0x1 ./Core/Src/sdsys.o
 .data.flagNewImageFile.13
                0x20000009        0x1 ./Core/Src/sdsys.o
 .data.flagNewImageFile.7
                0x2000000a        0x1 ./Core/Src/sdsys.o
 *fill*         0x2000000b        0x1 
 .data.SystemCoreClock
                0x2000000c        0x4 ./Core/Src/system_stm32f4xx.o
                0x2000000c                SystemCoreClock
 .data.uwTickPrio
                0x20000010        0x4 ./Drivers/STM32F4xx_HAL_Driver/Src/stm32f4xx_hal.o
                0x20000010                uwTickPrio
 .data.uwTickFreq
                0x20000014        0x1 ./Drivers/STM32F4xx_HAL_Driver/Src/stm32f4xx_hal.o
                0x20000014                uwTickFreq
 .data.Stat     0x20000015        0x1 ./FATFS/Target/sd_diskio.o
 *fill*         0x20000016        0x2 
 .data._impure_ptr
                0x20000018        0x4 C:/ST/STM32CubeIDE_1.15.1/STM32CubeIDE/plugins/com.st.stm32cube.ide.mcu.externaltools.gnu-tools-for-stm32.12.3.rel1.win32_1.0.100.202403111256/tools/bin/../lib/gcc/arm-none-eabi/12.3.1/../../../../arm-none-eabi/lib/thumb/v7e-m+fp/hard\libc_nano.a(libc_a-impure.o)
                0x20000018                _impure_ptr
 .data._impure_data
                0x2000001c       0x4c C:/ST/STM32CubeIDE_1.15.1/STM32CubeIDE/plugins/com.st.stm32cube.ide.mcu.externaltools.gnu-tools-for-stm32.12.3.rel1.win32_1.0.100.202403111256/tools/bin/../lib/gcc/arm-none-eabi/12.3.1/../../../../arm-none-eabi/lib/thumb/v7e-m+fp/hard\libc_nano.a(libc_a-impure.o)
                0x2000001c                _impure_data
 *(.RamFunc)
 *(.RamFunc*)
                0x20000068                        . = ALIGN (0x4)
                0x20000068                        _edata = .
                0x0800db2c                        _siccmram = LOADADDR (.ccmram)

.igot.plt       0x20000068        0x0 load address 0x0800db2c
 .igot.plt      0x20000068        0x0 C:/ST/STM32CubeIDE_1.15.1/STM32CubeIDE/plugins/com.st.stm32cube.ide.mcu.externaltools.gnu-tools-for-stm32.12.3.rel1.win32_1.0.100.202403111256/tools/bin/../lib/gcc/arm-none-eabi/12.3.1/thumb/v7e-m+fp/hard/crtbegin.o

.ccmram         0x10000000        0x0 load address 0x0800db2c
                0x10000000                        . = ALIGN (0x4)
                0x10000000                        _sccmram = .
 *(.ccmram)
 *(.ccmram*)
                0x10000000                        . = ALIGN (0x4)
                0x10000000                        _eccmram = .
                0x10000000                        . = ALIGN (0x4)

.bss            0x20000068      0x6b8
                0x20000068                        _sbss = .
                0x20000068                        __bss_start__ = _sbss
 *(.bss)
 .bss           0x20000068       0x1c C:/ST/STM32CubeIDE_1.15.1/STM32CubeIDE/plugins/com.st.stm32cube.ide.mcu.externaltools.gnu-tools-for-stm32.12.3.rel1.win32_1.0.100.202403111256/tools/bin/../lib/gcc/arm-none-eabi/12.3.1/thumb/v7e-m+fp/hard/crtbegin.o
 *(.bss*)
 .bss.buffer    0x20000084        0x4 ./Core/Src/audio.o
 .bss.hdac      0x20000088       0x14 ./Core/Src/main.o
                0x20000088                hdac
 .bss.hdma_dac1
                0x2000009c       0x60 ./Core/Src/main.o
                0x2000009c                hdma_dac1
 .bss.hsd       0x200000fc       0x84 ./Core/Src/main.o
                0x200000fc                hsd
 .bss.hspi1     0x20000180       0x58 ./Core/Src/main.o
                0x20000180                hspi1
 .bss.hdma_spi1_tx
                0x200001d8       0x60 ./Core/Src/main.o
                0x200001d8                hdma_spi1_tx
 .bss.hdma_spi1_rx
                0x20000238       0x60 ./Core/Src/main.o
                0x20000238                hdma_spi1_rx
 .bss.htim2     0x20000298       0x48 ./Core/Src/main.o
                0x20000298                htim2
 .bss.huart1    0x200002e0       0x48 ./Core/Src/main.o
                0x200002e0                huart1
 .bss.flagDmaSpiTx
                0x20000328        0x1 ./Core/Src/main.o
                0x20000328                flagDmaSpiTx
 .bss.flagDmaSpiRx
                0x20000329        0x1 ./Core/Src/main.o
                0x20000329                flagDmaSpiRx
 .bss.flagDmaDAC
                0x2000032a        0x1 ./Core/Src/main.o
                0x2000032a                flagDmaDAC
 .bss.dataController
                0x2000032b        0x1 ./Core/Src/main.o
                0x2000032b                dataController
 .bss.currentDx
                0x2000032c        0x1 ./Core/Src/main.o
                0x2000032c                currentDx
 *fill*         0x2000032d        0x3 
 .bss.fs        0x20000330      0x230 ./Core/Src/sdsys.o
 .bss.currentPosition.17
                0x20000560        0x4 ./Core/Src/sdsys.o
 .bss.currentFrame.15
                0x20000564        0x2 ./Core/Src/sdsys.o
 *fill*         0x20000566        0x2 
 .bss.fileSize.14
                0x20000568        0x4 ./Core/Src/sdsys.o
 .bss.currentPosition.12
                0x2000056c        0x4 ./Core/Src/sdsys.o
 .bss.currentFrame.11
                0x20000570        0x2 ./Core/Src/sdsys.o
 *fill*         0x20000572        0x2 
 .bss.fileSize.10
                0x20000574        0x4 ./Core/Src/sdsys.o
 .bss.nrFrames.8
                0x20000578        0x4 ./Core/Src/sdsys.o
 .bss.currentPosition.6
                0x2000057c        0x4 ./Core/Src/sdsys.o
 .bss.currentFrame.5
                0x20000580        0x2 ./Core/Src/sdsys.o
 .bss.flagOneFrame.4
                0x20000582        0x1 ./Core/Src/sdsys.o
 *fill*         0x20000583        0x1 
 .bss.x.3       0x20000584        0x2 ./Core/Src/sdsys.o
 *fill*         0x20000586        0x2 
 .bss.nrFrames.2
                0x20000588        0x4 ./Core/Src/sdsys.o
 .bss.flagStart.1
                0x2000058c        0x1 ./Core/Src/sdsys.o
 *fill*         0x2000058d        0x3 
 .bss.currentPosition.0
                0x20000590        0x4 ./Core/Src/sdsys.o
 .bss.__sbrk_heap_end
                0x20000594        0x4 ./Core/Src/sysmem.o
 .bss.uwTick    0x20000598        0x4 ./Drivers/STM32F4xx_HAL_Driver/Src/stm32f4xx_hal.o
                0x20000598                uwTick
 .bss.retSD     0x2000059c        0x1 ./FATFS/App/fatfs.o
                0x2000059c                retSD
 *fill*         0x2000059d        0x3 
 .bss.SDPath    0x200005a0        0x4 ./FATFS/App/fatfs.o
                0x200005a0                SDPath
 .bss.FatFs     0x200005a4        0x4 ./Middlewares/Third_Party/FatFs/src/ff.o
 .bss.Fsid      0x200005a8        0x2 ./Middlewares/Third_Party/FatFs/src/ff.o
 *fill*         0x200005aa        0x2 
 .bss.Files     0x200005ac       0x20 ./Middlewares/Third_Party/FatFs/src/ff.o
 .bss.disk      0x200005cc        0xc ./Middlewares/Third_Party/FatFs/src/ff_gen_drv.o
                0x200005cc                disk
 .bss.__malloc_sbrk_start
                0x200005d8        0x4 C:/ST/STM32CubeIDE_1.15.1/STM32CubeIDE/plugins/com.st.stm32cube.ide.mcu.externaltools.gnu-tools-for-stm32.12.3.rel1.win32_1.0.100.202403111256/tools/bin/../lib/gcc/arm-none-eabi/12.3.1/../../../../arm-none-eabi/lib/thumb/v7e-m+fp/hard\libc_nano.a(libc_a-mallocr.o)
                0x200005d8                __malloc_sbrk_start
 .bss.__malloc_free_list
                0x200005dc        0x4 C:/ST/STM32CubeIDE_1.15.1/STM32CubeIDE/plugins/com.st.stm32cube.ide.mcu.externaltools.gnu-tools-for-stm32.12.3.rel1.win32_1.0.100.202403111256/tools/bin/../lib/gcc/arm-none-eabi/12.3.1/../../../../arm-none-eabi/lib/thumb/v7e-m+fp/hard\libc_nano.a(libc_a-mallocr.o)
                0x200005dc                __malloc_free_list
 .bss.__sf      0x200005e0      0x138 C:/ST/STM32CubeIDE_1.15.1/STM32CubeIDE/plugins/com.st.stm32cube.ide.mcu.externaltools.gnu-tools-for-stm32.12.3.rel1.win32_1.0.100.202403111256/tools/bin/../lib/gcc/arm-none-eabi/12.3.1/../../../../arm-none-eabi/lib/thumb/v7e-m+fp/hard\libc_nano.a(libc_a-findfp.o)
                0x200005e0                __sf
 .bss.errno     0x20000718        0x4 C:/ST/STM32CubeIDE_1.15.1/STM32CubeIDE/plugins/com.st.stm32cube.ide.mcu.externaltools.gnu-tools-for-stm32.12.3.rel1.win32_1.0.100.202403111256/tools/bin/../lib/gcc/arm-none-eabi/12.3.1/../../../../arm-none-eabi/lib/thumb/v7e-m+fp/hard\libc_nano.a(libc_a-reent.o)
                0x20000718                errno
 .bss.__lock___malloc_recursive_mutex
                0x2000071c        0x1 C:/ST/STM32CubeIDE_1.15.1/STM32CubeIDE/plugins/com.st.stm32cube.ide.mcu.externaltools.gnu-tools-for-stm32.12.3.rel1.win32_1.0.100.202403111256/tools/bin/../lib/gcc/arm-none-eabi/12.3.1/../../../../arm-none-eabi/lib/thumb/v7e-m+fp/hard\libc_nano.a(libc_a-lock.o)
                0x2000071c                __lock___malloc_recursive_mutex
 *(COMMON)
                0x20000720                        . = ALIGN (0x4)
 *fill*         0x2000071d        0x3 
                0x20000720                        _ebss = .
                0x20000720                        __bss_end__ = _ebss

._user_heap_stack
                0x20000720      0x600
                0x20000720                        . = ALIGN (0x8)
                [!provide]                        PROVIDE (end = .)
                0x20000720                        PROVIDE (_end = .)
                0x20000920                        . = (. + _Min_Heap_Size)
 *fill*         0x20000720      0x200 
                0x20000d20                        . = (. + _Min_Stack_Size)
 *fill*         0x20000920      0x400 
                0x20000d20                        . = ALIGN (0x8)

/DISCARD/
 libc.a(*)
 libm.a(*)
 libgcc.a(*)

.ARM.attributes
                0x00000000       0x30
 *(.ARM.attributes)
 .ARM.attributes
                0x00000000       0x22 C:/ST/STM32CubeIDE_1.15.1/STM32CubeIDE/plugins/com.st.stm32cube.ide.mcu.externaltools.gnu-tools-for-stm32.12.3.rel1.win32_1.0.100.202403111256/tools/bin/../lib/gcc/arm-none-eabi/12.3.1/thumb/v7e-m+fp/hard/crti.o
 .ARM.attributes
                0x00000022       0x34 C:/ST/STM32CubeIDE_1.15.1/STM32CubeIDE/plugins/com.st.stm32cube.ide.mcu.externaltools.gnu-tools-for-stm32.12.3.rel1.win32_1.0.100.202403111256/tools/bin/../lib/gcc/arm-none-eabi/12.3.1/thumb/v7e-m+fp/hard/crtbegin.o
 .ARM.attributes
                0x00000056       0x34 ./Core/Src/audio.o
 .ARM.attributes
                0x0000008a       0x34 ./Core/Src/font.o
 .ARM.attributes
                0x000000be       0x34 ./Core/Src/graphics.o
 .ARM.attributes
                0x000000f2       0x34 ./Core/Src/lcd.o
 .ARM.attributes
                0x00000126       0x34 ./Core/Src/main.o
 .ARM.attributes
                0x0000015a       0x34 ./Core/Src/sdsys.o
 .ARM.attributes
                0x0000018e       0x34 ./Core/Src/stm32f4xx_hal_msp.o
 .ARM.attributes
                0x000001c2       0x34 ./Core/Src/stm32f4xx_it.o
 .ARM.attributes
                0x000001f6       0x34 ./Core/Src/sysmem.o
 .ARM.attributes
                0x0000022a       0x34 ./Core/Src/system_stm32f4xx.o
 .ARM.attributes
                0x0000025e       0x21 ./Core/Startup/startup_stm32f407vetx.o
 .ARM.attributes
                0x0000027f       0x34 ./Drivers/STM32F4xx_HAL_Driver/Src/stm32f4xx_hal.o
 .ARM.attributes
                0x000002b3       0x34 ./Drivers/STM32F4xx_HAL_Driver/Src/stm32f4xx_hal_cortex.o
 .ARM.attributes
                0x000002e7       0x34 ./Drivers/STM32F4xx_HAL_Driver/Src/stm32f4xx_hal_dac.o
 .ARM.attributes
                0x0000031b       0x34 ./Drivers/STM32F4xx_HAL_Driver/Src/stm32f4xx_hal_dac_ex.o
 .ARM.attributes
                0x0000034f       0x34 ./Drivers/STM32F4xx_HAL_Driver/Src/stm32f4xx_hal_dma.o
 .ARM.attributes
                0x00000383       0x34 ./Drivers/STM32F4xx_HAL_Driver/Src/stm32f4xx_hal_gpio.o
 .ARM.attributes
                0x000003b7       0x34 ./Drivers/STM32F4xx_HAL_Driver/Src/stm32f4xx_hal_rcc.o
 .ARM.attributes
                0x000003eb       0x34 ./Drivers/STM32F4xx_HAL_Driver/Src/stm32f4xx_hal_sd.o
 .ARM.attributes
                0x0000041f       0x34 ./Drivers/STM32F4xx_HAL_Driver/Src/stm32f4xx_hal_spi.o
 .ARM.attributes
                0x00000453       0x34 ./Drivers/STM32F4xx_HAL_Driver/Src/stm32f4xx_hal_tim.o
 .ARM.attributes
                0x00000487       0x34 ./Drivers/STM32F4xx_HAL_Driver/Src/stm32f4xx_hal_tim_ex.o
 .ARM.attributes
                0x000004bb       0x34 ./Drivers/STM32F4xx_HAL_Driver/Src/stm32f4xx_hal_uart.o
 .ARM.attributes
                0x000004ef       0x34 ./Drivers/STM32F4xx_HAL_Driver/Src/stm32f4xx_ll_sdmmc.o
 .ARM.attributes
                0x00000523       0x34 ./FATFS/App/fatfs.o
 .ARM.attributes
                0x00000557       0x34 ./FATFS/Target/bsp_driver_sd.o
 .ARM.attributes
                0x0000058b       0x34 ./FATFS/Target/sd_diskio.o
 .ARM.attributes
                0x000005bf       0x34 ./Middlewares/Third_Party/FatFs/src/diskio.o
 .ARM.attributes
                0x000005f3       0x34 ./Middlewares/Third_Party/FatFs/src/ff.o
 .ARM.attributes
                0x00000627       0x34 ./Middlewares/Third_Party/FatFs/src/ff_gen_drv.o
 .ARM.attributes
                0x0000065b       0x34 C:/ST/STM32CubeIDE_1.15.1/STM32CubeIDE/plugins/com.st.stm32cube.ide.mcu.externaltools.gnu-tools-for-stm32.12.3.rel1.win32_1.0.100.202403111256/tools/bin/../lib/gcc/arm-none-eabi/12.3.1/../../../../arm-none-eabi/lib/thumb/v7e-m+fp/hard\libc_nano.a(libc_a-malloc.o)
 .ARM.attributes
                0x0000068f       0x34 C:/ST/STM32CubeIDE_1.15.1/STM32CubeIDE/plugins/com.st.stm32cube.ide.mcu.externaltools.gnu-tools-for-stm32.12.3.rel1.win32_1.0.100.202403111256/tools/bin/../lib/gcc/arm-none-eabi/12.3.1/../../../../arm-none-eabi/lib/thumb/v7e-m+fp/hard\libc_nano.a(libc_a-mallocr.o)
 .ARM.attributes
                0x000006c3       0x34 C:/ST/STM32CubeIDE_1.15.1/STM32CubeIDE/plugins/com.st.stm32cube.ide.mcu.externaltools.gnu-tools-for-stm32.12.3.rel1.win32_1.0.100.202403111256/tools/bin/../lib/gcc/arm-none-eabi/12.3.1/../../../../arm-none-eabi/lib/thumb/v7e-m+fp/hard\libc_nano.a(libc_a-mlock.o)
 .ARM.attributes
                0x000006f7       0x34 C:/ST/STM32CubeIDE_1.15.1/STM32CubeIDE/plugins/com.st.stm32cube.ide.mcu.externaltools.gnu-tools-for-stm32.12.3.rel1.win32_1.0.100.202403111256/tools/bin/../lib/gcc/arm-none-eabi/12.3.1/../../../../arm-none-eabi/lib/thumb/v7e-m+fp/hard\libc_nano.a(libc_a-realloc.o)
 .ARM.attributes
                0x0000072b       0x34 C:/ST/STM32CubeIDE_1.15.1/STM32CubeIDE/plugins/com.st.stm32cube.ide.mcu.externaltools.gnu-tools-for-stm32.12.3.rel1.win32_1.0.100.202403111256/tools/bin/../lib/gcc/arm-none-eabi/12.3.1/../../../../arm-none-eabi/lib/thumb/v7e-m+fp/hard\libc_nano.a(libc_a-reallocr.o)
 .ARM.attributes
                0x0000075f       0x34 C:/ST/STM32CubeIDE_1.15.1/STM32CubeIDE/plugins/com.st.stm32cube.ide.mcu.externaltools.gnu-tools-for-stm32.12.3.rel1.win32_1.0.100.202403111256/tools/bin/../lib/gcc/arm-none-eabi/12.3.1/../../../../arm-none-eabi/lib/thumb/v7e-m+fp/hard\libc_nano.a(libc_a-findfp.o)
 .ARM.attributes
                0x00000793       0x34 C:/ST/STM32CubeIDE_1.15.1/STM32CubeIDE/plugins/com.st.stm32cube.ide.mcu.externaltools.gnu-tools-for-stm32.12.3.rel1.win32_1.0.100.202403111256/tools/bin/../lib/gcc/arm-none-eabi/12.3.1/../../../../arm-none-eabi/lib/thumb/v7e-m+fp/hard\libc_nano.a(libc_a-memset.o)
 .ARM.attributes
                0x000007c7       0x34 C:/ST/STM32CubeIDE_1.15.1/STM32CubeIDE/plugins/com.st.stm32cube.ide.mcu.externaltools.gnu-tools-for-stm32.12.3.rel1.win32_1.0.100.202403111256/tools/bin/../lib/gcc/arm-none-eabi/12.3.1/../../../../arm-none-eabi/lib/thumb/v7e-m+fp/hard\libc_nano.a(libc_a-strcat.o)
 .ARM.attributes
                0x000007fb       0x34 C:/ST/STM32CubeIDE_1.15.1/STM32CubeIDE/plugins/com.st.stm32cube.ide.mcu.externaltools.gnu-tools-for-stm32.12.3.rel1.win32_1.0.100.202403111256/tools/bin/../lib/gcc/arm-none-eabi/12.3.1/../../../../arm-none-eabi/lib/thumb/v7e-m+fp/hard\libc_nano.a(libc_a-reent.o)
 .ARM.attributes
                0x0000082f       0x34 C:/ST/STM32CubeIDE_1.15.1/STM32CubeIDE/plugins/com.st.stm32cube.ide.mcu.externaltools.gnu-tools-for-stm32.12.3.rel1.win32_1.0.100.202403111256/tools/bin/../lib/gcc/arm-none-eabi/12.3.1/../../../../arm-none-eabi/lib/thumb/v7e-m+fp/hard\libc_nano.a(libc_a-impure.o)
 .ARM.attributes
                0x00000863       0x34 C:/ST/STM32CubeIDE_1.15.1/STM32CubeIDE/plugins/com.st.stm32cube.ide.mcu.externaltools.gnu-tools-for-stm32.12.3.rel1.win32_1.0.100.202403111256/tools/bin/../lib/gcc/arm-none-eabi/12.3.1/../../../../arm-none-eabi/lib/thumb/v7e-m+fp/hard\libc_nano.a(libc_a-sbrkr.o)
 .ARM.attributes
                0x00000897       0x34 C:/ST/STM32CubeIDE_1.15.1/STM32CubeIDE/plugins/com.st.stm32cube.ide.mcu.externaltools.gnu-tools-for-stm32.12.3.rel1.win32_1.0.100.202403111256/tools/bin/../lib/gcc/arm-none-eabi/12.3.1/../../../../arm-none-eabi/lib/thumb/v7e-m+fp/hard\libc_nano.a(libc_a-errno.o)
 .ARM.attributes
                0x000008cb       0x34 C:/ST/STM32CubeIDE_1.15.1/STM32CubeIDE/plugins/com.st.stm32cube.ide.mcu.externaltools.gnu-tools-for-stm32.12.3.rel1.win32_1.0.100.202403111256/tools/bin/../lib/gcc/arm-none-eabi/12.3.1/../../../../arm-none-eabi/lib/thumb/v7e-m+fp/hard\libc_nano.a(libc_a-init.o)
 .ARM.attributes
                0x000008ff       0x34 C:/ST/STM32CubeIDE_1.15.1/STM32CubeIDE/plugins/com.st.stm32cube.ide.mcu.externaltools.gnu-tools-for-stm32.12.3.rel1.win32_1.0.100.202403111256/tools/bin/../lib/gcc/arm-none-eabi/12.3.1/../../../../arm-none-eabi/lib/thumb/v7e-m+fp/hard\libc_nano.a(libc_a-lock.o)
 .ARM.attributes
                0x00000933       0x34 C:/ST/STM32CubeIDE_1.15.1/STM32CubeIDE/plugins/com.st.stm32cube.ide.mcu.externaltools.gnu-tools-for-stm32.12.3.rel1.win32_1.0.100.202403111256/tools/bin/../lib/gcc/arm-none-eabi/12.3.1/../../../../arm-none-eabi/lib/thumb/v7e-m+fp/hard\libc_nano.a(libc_a-memcpy-stub.o)
 .ARM.attributes
                0x00000967       0x17 C:/ST/STM32CubeIDE_1.15.1/STM32CubeIDE/plugins/com.st.stm32cube.ide.mcu.externaltools.gnu-tools-for-stm32.12.3.rel1.win32_1.0.100.202403111256/tools/bin/../lib/gcc/arm-none-eabi/12.3.1/../../../../arm-none-eabi/lib/thumb/v7e-m+fp/hard\libc_nano.a(libc_a-strlen.o)
 .ARM.attributes
                0x0000097e       0x34 C:/ST/STM32CubeIDE_1.15.1/STM32CubeIDE/plugins/com.st.stm32cube.ide.mcu.externaltools.gnu-tools-for-stm32.12.3.rel1.win32_1.0.100.202403111256/tools/bin/../lib/gcc/arm-none-eabi/12.3.1/../../../../arm-none-eabi/lib/thumb/v7e-m+fp/hard\libc_nano.a(libc_a-freer.o)
 .ARM.attributes
                0x000009b2       0x34 C:/ST/STM32CubeIDE_1.15.1/STM32CubeIDE/plugins/com.st.stm32cube.ide.mcu.externaltools.gnu-tools-for-stm32.12.3.rel1.win32_1.0.100.202403111256/tools/bin/../lib/gcc/arm-none-eabi/12.3.1/../../../../arm-none-eabi/lib/thumb/v7e-m+fp/hard\libc_nano.a(libc_a-msizer.o)
 .ARM.attributes
                0x000009e6       0x22 C:/ST/STM32CubeIDE_1.15.1/STM32CubeIDE/plugins/com.st.stm32cube.ide.mcu.externaltools.gnu-tools-for-stm32.12.3.rel1.win32_1.0.100.202403111256/tools/bin/../lib/gcc/arm-none-eabi/12.3.1/thumb/v7e-m+fp/hard\libgcc.a(_aeabi_uldivmod.o)
 .ARM.attributes
                0x00000a08       0x34 C:/ST/STM32CubeIDE_1.15.1/STM32CubeIDE/plugins/com.st.stm32cube.ide.mcu.externaltools.gnu-tools-for-stm32.12.3.rel1.win32_1.0.100.202403111256/tools/bin/../lib/gcc/arm-none-eabi/12.3.1/thumb/v7e-m+fp/hard\libgcc.a(_udivmoddi4.o)
 .ARM.attributes
                0x00000a3c       0x22 C:/ST/STM32CubeIDE_1.15.1/STM32CubeIDE/plugins/com.st.stm32cube.ide.mcu.externaltools.gnu-tools-for-stm32.12.3.rel1.win32_1.0.100.202403111256/tools/bin/../lib/gcc/arm-none-eabi/12.3.1/thumb/v7e-m+fp/hard\libgcc.a(_dvmd_tls.o)
 .ARM.attributes
                0x00000a5e       0x22 C:/ST/STM32CubeIDE_1.15.1/STM32CubeIDE/plugins/com.st.stm32cube.ide.mcu.externaltools.gnu-tools-for-stm32.12.3.rel1.win32_1.0.100.202403111256/tools/bin/../lib/gcc/arm-none-eabi/12.3.1/thumb/v7e-m+fp/hard/crtn.o
OUTPUT(ProcessAV.elf elf32-littlearm)
LOAD linker stubs
LOAD C:/ST/STM32CubeIDE_1.15.1/STM32CubeIDE/plugins/com.st.stm32cube.ide.mcu.externaltools.gnu-tools-for-stm32.12.3.rel1.win32_1.0.100.202403111256/tools/bin/../lib/gcc/arm-none-eabi/12.3.1/../../../../arm-none-eabi/lib/thumb/v7e-m+fp/hard\libc.a
LOAD C:/ST/STM32CubeIDE_1.15.1/STM32CubeIDE/plugins/com.st.stm32cube.ide.mcu.externaltools.gnu-tools-for-stm32.12.3.rel1.win32_1.0.100.202403111256/tools/bin/../lib/gcc/arm-none-eabi/12.3.1/../../../../arm-none-eabi/lib/thumb/v7e-m+fp/hard\libm.a
LOAD C:/ST/STM32CubeIDE_1.15.1/STM32CubeIDE/plugins/com.st.stm32cube.ide.mcu.externaltools.gnu-tools-for-stm32.12.3.rel1.win32_1.0.100.202403111256/tools/bin/../lib/gcc/arm-none-eabi/12.3.1/thumb/v7e-m+fp/hard\libgcc.a

.debug_info     0x00000000    0x1a745
 .debug_info    0x00000000      0x6ed ./Core/Src/audio.o
 .debug_info    0x000006ed      0x10c ./Core/Src/font.o
 .debug_info    0x000007f9     0x12cb ./Core/Src/graphics.o
 .debug_info    0x00001ac4      0xc58 ./Core/Src/lcd.o
 .debug_info    0x0000271c     0x1fad ./Core/Src/main.o
 .debug_info    0x000046c9      0xc9a ./Core/Src/sdsys.o
 .debug_info    0x00005363     0x18df ./Core/Src/stm32f4xx_hal_msp.o
 .debug_info    0x00006c42      0x69c ./Core/Src/stm32f4xx_it.o
 .debug_info    0x000072de      0x168 ./Core/Src/sysmem.o
 .debug_info    0x00007446      0x512 ./Core/Src/system_stm32f4xx.o
 .debug_info    0x00007958       0x30 ./Core/Startup/startup_stm32f407vetx.o
 .debug_info    0x00007988      0x944 ./Drivers/STM32F4xx_HAL_Driver/Src/stm32f4xx_hal.o
 .debug_info    0x000082cc      0xd8c ./Drivers/STM32F4xx_HAL_Driver/Src/stm32f4xx_hal_cortex.o
 .debug_info    0x00009058      0xa01 ./Drivers/STM32F4xx_HAL_Driver/Src/stm32f4xx_hal_dac.o
 .debug_info    0x00009a59      0x750 ./Drivers/STM32F4xx_HAL_Driver/Src/stm32f4xx_hal_dac_ex.o
 .debug_info    0x0000a1a9      0x8e7 ./Drivers/STM32F4xx_HAL_Driver/Src/stm32f4xx_hal_dma.o
 .debug_info    0x0000aa90      0x6c3 ./Drivers/STM32F4xx_HAL_Driver/Src/stm32f4xx_hal_gpio.o
 .debug_info    0x0000b153      0x8af ./Drivers/STM32F4xx_HAL_Driver/Src/stm32f4xx_hal_rcc.o
 .debug_info    0x0000ba02     0x1c0a ./Drivers/STM32F4xx_HAL_Driver/Src/stm32f4xx_hal_sd.o
 .debug_info    0x0000d60c     0x1525 ./Drivers/STM32F4xx_HAL_Driver/Src/stm32f4xx_hal_spi.o
 .debug_info    0x0000eb31     0x299d ./Drivers/STM32F4xx_HAL_Driver/Src/stm32f4xx_hal_tim.o
 .debug_info    0x000114ce     0x14db ./Drivers/STM32F4xx_HAL_Driver/Src/stm32f4xx_hal_tim_ex.o
 .debug_info    0x000129a9     0x2f4f ./Drivers/STM32F4xx_HAL_Driver/Src/stm32f4xx_hal_uart.o
 .debug_info    0x000158f8     0x10c4 ./Drivers/STM32F4xx_HAL_Driver/Src/stm32f4xx_ll_sdmmc.o
 .debug_info    0x000169bc      0x4d9 ./FATFS/App/fatfs.o
 .debug_info    0x00016e95      0xabd ./FATFS/Target/bsp_driver_sd.o
 .debug_info    0x00017952      0x4b8 ./FATFS/Target/sd_diskio.o
 .debug_info    0x00017e0a      0x3df ./Middlewares/Third_Party/FatFs/src/diskio.o
 .debug_info    0x000181e9     0x21dd ./Middlewares/Third_Party/FatFs/src/ff.o
 .debug_info    0x0001a3c6      0x37f ./Middlewares/Third_Party/FatFs/src/ff_gen_drv.o

.debug_abbrev   0x00000000     0x3d86
 .debug_abbrev  0x00000000      0x206 ./Core/Src/audio.o
 .debug_abbrev  0x00000206       0xaf ./Core/Src/font.o
 .debug_abbrev  0x000002b5      0x29d ./Core/Src/graphics.o
 .debug_abbrev  0x00000552      0x27f ./Core/Src/lcd.o
 .debug_abbrev  0x000007d1      0x345 ./Core/Src/main.o
 .debug_abbrev  0x00000b16      0x270 ./Core/Src/sdsys.o
 .debug_abbrev  0x00000d86      0x28e ./Core/Src/stm32f4xx_hal_msp.o
 .debug_abbrev  0x00001014      0x176 ./Core/Src/stm32f4xx_it.o
 .debug_abbrev  0x0000118a       0xbc ./Core/Src/sysmem.o
 .debug_abbrev  0x00001246      0x11a ./Core/Src/system_stm32f4xx.o
 .debug_abbrev  0x00001360       0x24 ./Core/Startup/startup_stm32f407vetx.o
 .debug_abbrev  0x00001384      0x214 ./Drivers/STM32F4xx_HAL_Driver/Src/stm32f4xx_hal.o
 .debug_abbrev  0x00001598      0x31d ./Drivers/STM32F4xx_HAL_Driver/Src/stm32f4xx_hal_cortex.o
 .debug_abbrev  0x000018b5      0x1fa ./Drivers/STM32F4xx_HAL_Driver/Src/stm32f4xx_hal_dac.o
 .debug_abbrev  0x00001aaf      0x1ef ./Drivers/STM32F4xx_HAL_Driver/Src/stm32f4xx_hal_dac_ex.o
 .debug_abbrev  0x00001c9e      0x264 ./Drivers/STM32F4xx_HAL_Driver/Src/stm32f4xx_hal_dma.o
 .debug_abbrev  0x00001f02      0x1d4 ./Drivers/STM32F4xx_HAL_Driver/Src/stm32f4xx_hal_gpio.o
 .debug_abbrev  0x000020d6      0x2b7 ./Drivers/STM32F4xx_HAL_Driver/Src/stm32f4xx_hal_rcc.o
 .debug_abbrev  0x0000238d      0x297 ./Drivers/STM32F4xx_HAL_Driver/Src/stm32f4xx_hal_sd.o
 .debug_abbrev  0x00002624      0x27a ./Drivers/STM32F4xx_HAL_Driver/Src/stm32f4xx_hal_spi.o
 .debug_abbrev  0x0000289e      0x278 ./Drivers/STM32F4xx_HAL_Driver/Src/stm32f4xx_hal_tim.o
 .debug_abbrev  0x00002b16      0x283 ./Drivers/STM32F4xx_HAL_Driver/Src/stm32f4xx_hal_tim_ex.o
 .debug_abbrev  0x00002d99      0x30e ./Drivers/STM32F4xx_HAL_Driver/Src/stm32f4xx_hal_uart.o
 .debug_abbrev  0x000030a7      0x1d6 ./Drivers/STM32F4xx_HAL_Driver/Src/stm32f4xx_ll_sdmmc.o
 .debug_abbrev  0x0000327d      0x160 ./FATFS/App/fatfs.o
 .debug_abbrev  0x000033dd      0x276 ./FATFS/Target/bsp_driver_sd.o
 .debug_abbrev  0x00003653      0x191 ./FATFS/Target/sd_diskio.o
 .debug_abbrev  0x000037e4      0x181 ./Middlewares/Third_Party/FatFs/src/diskio.o
 .debug_abbrev  0x00003965      0x282 ./Middlewares/Third_Party/FatFs/src/ff.o
 .debug_abbrev  0x00003be7      0x19f ./Middlewares/Third_Party/FatFs/src/ff_gen_drv.o

.debug_aranges  0x00000000     0x17f0
 .debug_aranges
                0x00000000       0x30 ./Core/Src/audio.o
 .debug_aranges
                0x00000030       0x18 ./Core/Src/font.o
 .debug_aranges
                0x00000048       0x98 ./Core/Src/graphics.o
 .debug_aranges
                0x000000e0       0x50 ./Core/Src/lcd.o
 .debug_aranges
                0x00000130       0x80 ./Core/Src/main.o
 .debug_aranges
                0x000001b0       0x70 ./Core/Src/sdsys.o
 .debug_aranges
                0x00000220       0x70 ./Core/Src/stm32f4xx_hal_msp.o
 .debug_aranges
                0x00000290       0x80 ./Core/Src/stm32f4xx_it.o
 .debug_aranges
                0x00000310       0x20 ./Core/Src/sysmem.o
 .debug_aranges
                0x00000330       0x28 ./Core/Src/system_stm32f4xx.o
 .debug_aranges
                0x00000358       0x28 ./Core/Startup/startup_stm32f407vetx.o
 .debug_aranges
                0x00000380       0xf0 ./Drivers/STM32F4xx_HAL_Driver/Src/stm32f4xx_hal.o
 .debug_aranges
                0x00000470      0x130 ./Drivers/STM32F4xx_HAL_Driver/Src/stm32f4xx_hal_cortex.o
 .debug_aranges
                0x000005a0       0xc0 ./Drivers/STM32F4xx_HAL_Driver/Src/stm32f4xx_hal_dac.o
 .debug_aranges
                0x00000660       0x80 ./Drivers/STM32F4xx_HAL_Driver/Src/stm32f4xx_hal_dac_ex.o
 .debug_aranges
                0x000006e0       0x90 ./Drivers/STM32F4xx_HAL_Driver/Src/stm32f4xx_hal_dma.o
 .debug_aranges
                0x00000770       0x58 ./Drivers/STM32F4xx_HAL_Driver/Src/stm32f4xx_hal_gpio.o
 .debug_aranges
                0x000007c8       0x88 ./Drivers/STM32F4xx_HAL_Driver/Src/stm32f4xx_hal_rcc.o
 .debug_aranges
                0x00000850      0x168 ./Drivers/STM32F4xx_HAL_Driver/Src/stm32f4xx_hal_sd.o
 .debug_aranges
                0x000009b8      0x1d0 ./Drivers/STM32F4xx_HAL_Driver/Src/stm32f4xx_hal_spi.o
 .debug_aranges
                0x00000b88      0x3d0 ./Drivers/STM32F4xx_HAL_Driver/Src/stm32f4xx_hal_tim.o
 .debug_aranges
                0x00000f58      0x168 ./Drivers/STM32F4xx_HAL_Driver/Src/stm32f4xx_hal_tim_ex.o
 .debug_aranges
                0x000010c0      0x208 ./Drivers/STM32F4xx_HAL_Driver/Src/stm32f4xx_hal_uart.o
 .debug_aranges
                0x000012c8      0x188 ./Drivers/STM32F4xx_HAL_Driver/Src/stm32f4xx_ll_sdmmc.o
 .debug_aranges
                0x00001450       0x28 ./FATFS/App/fatfs.o
 .debug_aranges
                0x00001478       0xa0 ./FATFS/Target/bsp_driver_sd.o
 .debug_aranges
                0x00001518       0x48 ./FATFS/Target/sd_diskio.o
 .debug_aranges
                0x00001560       0x48 ./Middlewares/Third_Party/FatFs/src/diskio.o
 .debug_aranges
                0x000015a8      0x208 ./Middlewares/Third_Party/FatFs/src/ff.o
 .debug_aranges
                0x000017b0       0x40 ./Middlewares/Third_Party/FatFs/src/ff_gen_drv.o

.debug_rnglists
                0x00000000     0x128c
 .debug_rnglists
                0x00000000       0x22 ./Core/Src/audio.o
 .debug_rnglists
                0x00000022       0x78 ./Core/Src/graphics.o
 .debug_rnglists
                0x0000009a       0x3c ./Core/Src/lcd.o
 .debug_rnglists
                0x000000d6       0x60 ./Core/Src/main.o
 .debug_rnglists
                0x00000136       0x65 ./Core/Src/sdsys.o
 .debug_rnglists
                0x0000019b       0x53 ./Core/Src/stm32f4xx_hal_msp.o
 .debug_rnglists
                0x000001ee       0x5b ./Core/Src/stm32f4xx_it.o
 .debug_rnglists
                0x00000249       0x13 ./Core/Src/sysmem.o
 .debug_rnglists
                0x0000025c       0x1a ./Core/Src/system_stm32f4xx.o
 .debug_rnglists
                0x00000276       0x19 ./Core/Startup/startup_stm32f407vetx.o
 .debug_rnglists
                0x0000028f       0xaf ./Drivers/STM32F4xx_HAL_Driver/Src/stm32f4xx_hal.o
 .debug_rnglists
                0x0000033e       0xe0 ./Drivers/STM32F4xx_HAL_Driver/Src/stm32f4xx_hal_cortex.o
 .debug_rnglists
                0x0000041e       0x90 ./Drivers/STM32F4xx_HAL_Driver/Src/stm32f4xx_hal_dac.o
 .debug_rnglists
                0x000004ae       0x5c ./Drivers/STM32F4xx_HAL_Driver/Src/stm32f4xx_hal_dac_ex.o
 .debug_rnglists