Archive member included to satisfy reference by file (symbol)

C:/ST/STM32CubeIDE_1.15.1/STM32CubeIDE/plugins/com.st.stm32cube.ide.mcu.externaltools.gnu-tools-for-stm32.12.3.rel1.win32_1.0.100.202403111256/tools/bin/../lib/gcc/arm-none-eabi/12.3.1/../../../../arm-none-eabi/lib/thumb/v7e-m+fp/hard\libc_nano.a(libc_a-atoi.o)
                              ./Core/Src/sdsys.o (atoi)
C:/ST/STM32CubeIDE_1.15.1/STM32CubeIDE/plugins/com.st.stm32cube.ide.mcu.externaltools.gnu-tools-for-stm32.12.3.rel1.win32_1.0.100.202403111256/tools/bin/../lib/gcc/arm-none-eabi/12.3.1/../../../../arm-none-eabi/lib/thumb/v7e-m+fp/hard\libc_nano.a(libc_a-exit.o)
                              C:/ST/STM32CubeIDE_1.15.1/STM32CubeIDE/plugins/com.st.stm32cube.ide.mcu.externaltools.gnu-tools-for-stm32.12.3.rel1.win32_1.0.100.202403111256/tools/bin/../lib/gcc/arm-none-eabi/12.3.1/../../../../arm-none-eabi/lib/thumb/v7e-m+fp/hard/crt0.o (exit)
C:/ST/STM32CubeIDE_1.15.1/STM32CubeIDE/plugins/com.st.stm32cube.ide.mcu.externaltools.gnu-tools-for-stm32.12.3.rel1.win32_1.0.100.202403111256/tools/bin/../lib/gcc/arm-none-eabi/12.3.1/../../../../arm-none-eabi/lib/thumb/v7e-m+fp/hard\libc_nano.a(libc_a-malloc.o)
                              ./Core/Src/audio.o (malloc)
C:/ST/STM32CubeIDE_1.15.1/STM32CubeIDE/plugins/com.st.stm32cube.ide.mcu.externaltools.gnu-tools-for-stm32.12.3.rel1.win32_1.0.100.202403111256/tools/bin/../lib/gcc/arm-none-eabi/12.3.1/../../../../arm-none-eabi/lib/thumb/v7e-m+fp/hard\libc_nano.a(libc_a-mallocr.o)
                              C:/ST/STM32CubeIDE_1.15.1/STM32CubeIDE/plugins/com.st.stm32cube.ide.mcu.externaltools.gnu-tools-for-stm32.12.3.rel1.win32_1.0.100.202403111256/tools/bin/../lib/gcc/arm-none-eabi/12.3.1/../../../../arm-none-eabi/lib/thumb/v7e-m+fp/hard\libc_nano.a(libc_a-malloc.o) (_malloc_r)
C:/ST/STM32CubeIDE_1.15.1/STM32CubeIDE/plugins/com.st.stm32cube.ide.mcu.externaltools.gnu-tools-for-stm32.12.3.rel1.win32_1.0.100.202403111256/tools/bin/../lib/gcc/arm-none-eabi/12.3.1/../../../../arm-none-eabi/lib/thumb/v7e-m+fp/hard\libc_nano.a(libc_a-mlock.o)
                              C:/ST/STM32CubeIDE_1.15.1/STM32CubeIDE/plugins/com.st.stm32cube.ide.mcu.externaltools.gnu-tools-for-stm32.12.3.rel1.win32_1.0.100.202403111256/tools/bin/../lib/gcc/arm-none-eabi/12.3.1/../../../../arm-none-eabi/lib/thumb/v7e-m+fp/hard\libc_nano.a(libc_a-mallocr.o) (__malloc_lock)
C:/ST/STM32CubeIDE_1.15.1/STM32CubeIDE/plugins/com.st.stm32cube.ide.mcu.externaltools.gnu-tools-for-stm32.12.3.rel1.win32_1.0.100.202403111256/tools/bin/../lib/gcc/arm-none-eabi/12.3.1/../../../../arm-none-eabi/lib/thumb/v7e-m+fp/hard\libc_nano.a(libc_a-realloc.o)
                              ./Core/Src/sdsys.o (realloc)
C:/ST/STM32CubeIDE_1.15.1/STM32CubeIDE/plugins/com.st.stm32cube.ide.mcu.externaltools.gnu-tools-for-stm32.12.3.rel1.win32_1.0.100.202403111256/tools/bin/../lib/gcc/arm-none-eabi/12.3.1/../../../../arm-none-eabi/lib/thumb/v7e-m+fp/hard\libc_nano.a(libc_a-reallocr.o)
                              C:/ST/STM32CubeIDE_1.15.1/STM32CubeIDE/plugins/com.st.stm32cube.ide.mcu.externaltools.gnu-tools-for-stm32.12.3.rel1.win32_1.0.100.202403111256/tools/bin/../lib/gcc/arm-none-eabi/12.3.1/../../../../arm-none-eabi/lib/thumb/v7e-m+fp/hard\libc_nano.a(libc_a-realloc.o) (_realloc_r)
C:/ST/STM32CubeIDE_1.15.1/STM32CubeIDE/plugins/com.st.stm32cube.ide.mcu.externaltools.gnu-tools-for-stm32.12.3.rel1.win32_1.0.100.202403111256/tools/bin/../lib/gcc/arm-none-eabi/12.3.1/../../../../arm-none-eabi/lib/thumb/v7e-m+fp/hard\libc_nano.a(libc_a-strtol.o)
                              C:/ST/STM32CubeIDE_1.15.1/STM32CubeIDE/plugins/com.st.stm32cube.ide.mcu.externaltools.gnu-tools-for-stm32.12.3.rel1.win32_1.0.100.202403111256/tools/bin/../lib/gcc/arm-none-eabi/12.3.1/../../../../arm-none-eabi/lib/thumb/v7e-m+fp/hard\libc_nano.a(libc_a-atoi.o) (_strtol_r)
C:/ST/STM32CubeIDE_1.15.1/STM32CubeIDE/plugins/com.st.stm32cube.ide.mcu.externaltools.gnu-tools-for-stm32.12.3.rel1.win32_1.0.100.202403111256/tools/bin/../lib/gcc/arm-none-eabi/12.3.1/../../../../arm-none-eabi/lib/thumb/v7e-m+fp/hard\libc_nano.a(libc_a-ctype_.o)
                              C:/ST/STM32CubeIDE_1.15.1/STM32CubeIDE/plugins/com.st.stm32cube.ide.mcu.externaltools.gnu-tools-for-stm32.12.3.rel1.win32_1.0.100.202403111256/tools/bin/../lib/gcc/arm-none-eabi/12.3.1/../../../../arm-none-eabi/lib/thumb/v7e-m+fp/hard\libc_nano.a(libc_a-strtol.o) (_ctype_)
C:/ST/STM32CubeIDE_1.15.1/STM32CubeIDE/plugins/com.st.stm32cube.ide.mcu.externaltools.gnu-tools-for-stm32.12.3.rel1.win32_1.0.100.202403111256/tools/bin/../lib/gcc/arm-none-eabi/12.3.1/../../../../arm-none-eabi/lib/thumb/v7e-m+fp/hard\libc_nano.a(libc_a-findfp.o)
[...]
Memory Configuration

Name             Origin             Length             Attributes
CCMRAM           0x10000000         0x00010000         xrw
RAM              0x20000000         0x00020000         xrw
FLASH            0x08000000         0x00080000         xr
*default*        0x00000000         0xffffffff

Linker script and memory map

LOAD C:/ST/STM32CubeIDE_1.15.1/STM32CubeIDE/plugins/com.st.stm32cube.ide.mcu.externaltools.gnu-tools-for-stm32.12.3.rel1.win32_1.0.100.202403111256/tools/bin/../lib/gcc/arm-none-eabi/12.3.1/thumb/v7e-m+fp/hard/crti.o
LOAD C:/ST/STM32CubeIDE_1.15.1/STM32CubeIDE/plugins/com.st.stm32cube.ide.mcu.externaltools.gnu-tools-for-stm32.12.3.rel1.win32_1.0.100.202403111256/tools/bin/../lib/gcc/arm-none-eabi/12.3.1/thumb/v7e-m+fp/hard/crtbegin.o
LOAD C:/ST/STM32CubeIDE_1.15.1/STM32CubeIDE/plugins/com.st.stm32cube.ide.mcu.externaltools.gnu-tools-for-stm32.12.3.rel1.win32_1.0.100.202403111256/tools/bin/../lib/gcc/arm-none-eabi/12.3.1/../../../../arm-none-eabi/lib/thumb/v7e-m+fp/hard/crt0.o
LOAD ./Core/Src/audio.o
LOAD ./Core/Src/font.o
LOAD ./Core/Src/graphics.o
LOAD ./Core/Src/lcd.o
LOAD ./Core/Src/main.o
LOAD ./Core/Src/sdsys.o
LOAD ./Core/Src/stm32f4xx_hal_msp.o
LOAD ./Core/Src/stm32f4xx_it.o
LOAD ./Core/Src/syscalls.o
LOAD ./Core/Src/sysmem.o
LOAD ./Core/Src/system_stm32f4xx.o
LOAD ./Core/Startup/startup_stm32f407vetx.o
LOAD ./Drivers/STM32F4xx_HAL_Driver/Src/stm32f4xx_hal.o
LOAD ./Drivers/STM32F4xx_HAL_Driver/Src/stm32f4xx_hal_cortex.o
LOAD ./Drivers/STM32F4xx_HAL_Driver/Src/stm32f4xx_hal_dac.o
LOAD ./Drivers/STM32F4xx_HAL_Driver/Src/stm32f4xx_hal_dac_ex.o
LOAD ./Drivers/STM32F4xx_HAL_Driver/Src/stm32f4xx_hal_dma.o
LOAD ./Drivers/STM32F4xx_HAL_Driver/Src/stm32f4xx_hal_dma_ex.o
LOAD ./Drivers/STM32F4xx_HAL_Driver/Src/stm32f4xx_hal_exti.o
LOAD ./Drivers/STM32F4xx_HAL_Driver/Src/stm32f4xx_hal_flash.o
LOAD ./Drivers/STM32F4xx_HAL_Driver/Src/stm32f4xx_hal_flash_ex.o
LOAD ./Drivers/STM32F4xx_HAL_Driver/Src/stm32f4xx_hal_flash_ramfunc.o
LOAD ./Drivers/STM32F4xx_HAL_Driver/Src/stm32f4xx_hal_gpio.o
LOAD ./Drivers/STM32F4xx_HAL_Driver/Src/stm32f4xx_hal_pwr.o
LOAD ./Drivers/STM32F4xx_HAL_Driver/Src/stm32f4xx_hal_pwr_ex.o
LOAD ./Drivers/STM32F4xx_HAL_Driver/Src/stm32f4xx_hal_rcc.o
LOAD ./Drivers/STM32F4xx_HAL_Driver/Src/stm32f4xx_hal_rcc_ex.o
LOAD ./Drivers/STM32F4xx_HAL_Driver/Src/stm32f4xx_hal_sd.o
LOAD ./Drivers/STM32F4xx_HAL_Driver/Src/stm32f4xx_hal_spi.o
LOAD ./Drivers/STM32F4xx_HAL_Driver/Src/stm32f4xx_hal_tim.o
LOAD ./Drivers/STM32F4xx_HAL_Driver/Src/stm32f4xx_hal_tim_ex.o
LOAD ./Drivers/STM32F4xx_HAL_Driver/Src/stm32f4xx_hal_uart.o
LOAD ./Drivers/STM32F4xx_HAL_Driver/Src/stm32f4xx_ll_sdmmc.o
LOAD ./FATFS/App/fatfs.o
LOAD ./FATFS/Target/bsp_driver_sd.o
LOAD ./FATFS/Target/sd_diskio.o
LOAD ./Middlewares/Third_Party/FatFs/src/diskio.o
LOAD ./Middlewares/Third_Party/FatFs/src/ff.o
LOAD ./Middlewares/Third_Party/FatFs/src/ff_gen_drv.o
LOAD ./Middlewares/Third_Party/FatFs/src/option/syscall.o
START GROUP
LOAD C:/ST/STM32CubeIDE_1.15.1/STM32CubeIDE/plugins/com.st.stm32cube.ide.mcu.externaltools.gnu-tools-for-stm32.12.3.rel1.win32_1.0.100.202403111256/tools/bin/../lib/gcc/arm-none-eabi/12.3.1/../../../../arm-none-eabi/lib/thumb/v7e-m+fp/hard\libc_nano.a
LOAD C:/ST/STM32CubeIDE_1.15.1/STM32CubeIDE/plugins/com.st.stm32cube.ide.mcu.externaltools.gnu-tools-for-stm32.12.3.rel1.win32_1.0.100.202403111256/tools/bin/../lib/gcc/arm-none-eabi/12.3.1/../../../../arm-none-eabi/lib/thumb/v7e-m+fp/hard\libm.a
END GROUP
START GROUP
LOAD C:/ST/STM32CubeIDE_1.15.1/STM32CubeIDE/plugins/com.st.stm32cube.ide.mcu.externaltools.gnu-tools-for-stm32.12.3.rel1.win32_1.0.100.202403111256/tools/bin/../lib/gcc/arm-none-eabi/12.3.1/thumb/v7e-m+fp/hard\libgcc.a
LOAD C:/ST/STM32CubeIDE_1.15.1/STM32CubeIDE/plugins/com.st.stm32cube.ide.mcu.externaltools.gnu-tools-for-stm32.12.3.rel1.win32_1.0.100.202403111256/tools/bin/../lib/gcc/arm-none-eabi/12.3.1/../../../../arm-none-eabi/lib/thumb/v7e-m+fp/hard\libc_nano.a
END GROUP
START GROUP
LOAD C:/ST/STM32CubeIDE_1.15.1/STM32CubeIDE/plugins/com.st.stm32cube.ide.mcu.externaltools.gnu-tools-for-stm32.12.3.rel1.win32_1.0.100.202403111256/tools/bin/../lib/gcc/arm-none-eabi/12.3.1/thumb/v7e-m+fp/hard\libgcc.a
LOAD C:/ST/STM32CubeIDE_1.15.1/STM32CubeIDE/plugins/com.st.stm32cube.ide.mcu.externaltools.gnu-tools-for-stm32.12.3.rel1.win32_1.0.100.202403111256/tools/bin/../lib/gcc/arm-none-eabi/12.3.1/../../../../arm-none-eabi/lib/thumb/v7e-m+fp/hard\libc_nano.a
LOAD C:/ST/STM32CubeIDE_1.15.1/STM32CubeIDE/plugins/com.st.stm32cube.ide.mcu.externaltools.gnu-tools-for-stm32.12.3.rel1.win32_1.0.100.202403111256/tools/bin/../lib/gcc/arm-none-eabi/12.3.1/../../../../arm-none-eabi/lib/thumb/v7e-m+fp/hard\libnosys.a
END GROUP
START GROUP
LOAD C:/ST/STM32CubeIDE_1.15.1/STM32CubeIDE/plugins/com.st.stm32cube.ide.mcu.externaltools.gnu-tools-for-stm32.12.3.rel1.win32_1.0.100.202403111256/tools/bin/../lib/gcc/arm-none-eabi/12.3.1/thumb/v7e-m+fp/hard\libgcc.a
LOAD C:/ST/STM32CubeIDE_1.15.1/STM32CubeIDE/plugins/com.st.stm32cube.ide.mcu.externaltools.gnu-tools-for-stm32.12.3.rel1.win32_1.0.100.202403111256/tools/bin/../lib/gcc/arm-none-eabi/12.3.1/../../../../arm-none-eabi/lib/thumb/v7e-m+fp/hard\libc_nano.a
LOAD C:/ST/STM32CubeIDE_1.15.1/STM32CubeIDE/plugins/com.st.stm32cube.ide.mcu.externaltools.gnu-tools-for-stm32.12.3.rel1.win32_1.0.100.202403111256/tools/bin/../lib/gcc/arm-none-eabi/12.3.1/../../../../arm-none-eabi/lib/thumb/v7e-m+fp/hard\libnosys.a
END GROUP
LOAD C:/ST/STM32CubeIDE_1.15.1/STM32CubeIDE/plugins/com.st.stm32cube.ide.mcu.externaltools.gnu-tools-for-stm32.12.3.rel1.win32_1.0.100.202403111256/tools/bin/../lib/gcc/arm-none-eabi/12.3.1/thumb/v7e-m+fp/hard/crtend.o
LOAD C:/ST/STM32CubeIDE_1.15.1/STM32CubeIDE/plugins/com.st.stm32cube.ide.mcu.externaltools.gnu-tools-for-stm32.12.3.rel1.win32_1.0.100.202403111256/tools/bin/../lib/gcc/arm-none-eabi/12.3.1/thumb/v7e-m+fp/hard/crtn.o
                0x20020000                        _estack = (ORIGIN (RAM) + LENGTH (RAM))
                0x00000200                        _Min_Heap_Size = 0x200
                0x00000400                        _Min_Stack_Size = 0x400

.isr_vector     0x08000000      0x188
                0x08000000                        . = ALIGN (0x4)
 *(.isr_vector)
 .isr_vector    0x08000000      0x188 ./Core/Startup/startup_stm32f407vetx.o
                0x08000000                g_pfnVectors
                0x08000188                        . = ALIGN (0x4)

.text           0x08000188     0xb914
                0x08000188                        . = ALIGN (0x4)
 *(.text)
 .text          0x08000188       0x40 C:/ST/STM32CubeIDE_1.15.1/STM32CubeIDE/plugins/com.st.stm32cube.ide.mcu.externaltools.gnu-tools-for-stm32.12.3.rel1.win32_1.0.100.202403111256/tools/bin/../lib/gcc/arm-none-eabi/12.3.1/thumb/v7e-m+fp/hard/crtbegin.o
 .text          0x080001c8       0x30 C:/ST/STM32CubeIDE_1.15.1/STM32CubeIDE/plugins/com.st.stm32cube.ide.mcu.externaltools.gnu-tools-for-stm32.12.3.rel1.win32_1.0.100.202403111256/tools/bin/../lib/gcc/arm-none-eabi/12.3.1/thumb/v7e-m+fp/hard\libgcc.a(_aeabi_uldivmod.o)
                0x080001c8                __aeabi_uldivmod
 .text          0x080001f8      0x2bc C:/ST/STM32CubeIDE_1.15.1/STM32CubeIDE/plugins/com.st.stm32cube.ide.mcu.externaltools.gnu-tools-for-stm32.12.3.rel1.win32_1.0.100.202403111256/tools/bin/../lib/gcc/arm-none-eabi/12.3.1/thumb/v7e-m+fp/hard\libgcc.a(_udivmoddi4.o)
                0x080001f8                __udivmoddi4
 .text          0x080004b4        0x4 C:/ST/STM32CubeIDE_1.15.1/STM32CubeIDE/plugins/com.st.stm32cube.ide.mcu.externaltools.gnu-tools-for-stm32.12.3.rel1.win32_1.0.100.202403111256/tools/bin/../lib/gcc/arm-none-eabi/12.3.1/thumb/v7e-m+fp/hard\libgcc.a(_dvmd_tls.o)
                0x080004b4                __aeabi_idiv0
                0x080004b4                __aeabi_ldiv0
 *(.text*)
 .text.play_audio_file
                0x080004b8       0xa4 ./Core/Src/audio.o
                0x080004b8                play_audio_file
 .text.convert_color_16_to_18
                0x0800055c       0x90 ./Core/Src/graphics.o
                0x0800055c                convert_color_16_to_18
 .text.write_color
                0x080005ec       0x34 ./Core/Src/graphics.o
                0x080005ec                write_color
 .text.draw_pixel
                0x08000620       0x54 ./Core/Src/graphics.o
                0x08000620                draw_pixel
 .text.fill_screen1
                0x08000674       0xc0 ./Core/Src/graphics.o
                0x08000674                fill_screen1
 .text.fill_screen2
                0x08000734      0x1a8 ./Core/Src/graphics.o
                0x08000734                fill_screen2
 .text.print_character
                0x080008dc      0x110 ./Core/Src/graphics.o
                0x080008dc                print_character
 .text.print_string
                0x080009ec       0x88 ./Core/Src/graphics.o
                0x080009ec                print_string
 .text.draw_horizontal_line
                0x08000a74       0x76 ./Core/Src/graphics.o
                0x08000a74                draw_horizontal_line
 .text.draw_vertical_line
                0x08000aea       0x76 ./Core/Src/graphics.o
                0x08000aea                draw_vertical_line
 .text.draw_rectangle
                0x08000b60       0xba ./Core/Src/graphics.o
                0x08000b60                draw_rectangle
 *fill*         0x08000c1a        0x2 
 .text.draw_entity
                0x08000c1c      0x200 ./Core/Src/graphics.o
                0x08000c1c                draw_entity
 .text.translation_entity
                0x08000e1c      0x1fc ./Core/Src/graphics.o
                0x08000e1c                translation_entity
 .text.translation_test
                0x08001018      0x17a ./Core/Src/graphics.o
                0x08001018                translation_test
 *fill*         0x08001192        0x2 
 .text.LCD_send_command
                0x08001194       0x48 ./Core/Src/lcd.o
                0x08001194                LCD_send_command
 .text.LCD_send_data_multi
                0x080011dc       0xe8 ./Core/Src/lcd.o
                0x080011dc                LCD_send_data_multi
 .text.LCD_send_data
                0x080012c4       0x48 ./Core/Src/lcd.o
                0x080012c4                LCD_send_data
 .text.ILI9488_driver_init
                0x0800130c      0x200 ./Core/Src/lcd.o
                0x0800130c                ILI9488_driver_init
 .text.set_adress_window
                0x0800150c       0xa6 ./Core/Src/lcd.o
                0x0800150c                set_adress_window
 *fill*         0x080015b2        0x2 
 .text.read_pixel_frame
                0x080015b4      0x220 ./Core/Src/lcd.o
                0x080015b4                read_pixel_frame
 .text.HAL_SPI_TxCpltCallback
                0x080017d4       0x20 ./Core/Src/main.o
                0x080017d4                HAL_SPI_TxCpltCallback
 .text.HAL_SPI_RxCpltCallback
                0x080017f4       0x20 ./Core/Src/main.o
                0x080017f4                HAL_SPI_RxCpltCallback
 .text.HAL_DAC_ConvHalfCpltCallbackCh1
                0x08001814       0x20 ./Core/Src/main.o
                0x08001814                HAL_DAC_ConvHalfCpltCallbackCh1
 .text.main     0x08001834      0x654 ./Core/Src/main.o
                0x08001834                main
 .text.SystemClock_Config
                0x08001e88       0xd4 ./Core/Src/main.o
                0x08001e88                SystemClock_Config
 .text.MX_DAC_Init
                0x08001f5c       0x54 ./Core/Src/main.o
 .text.MX_SDIO_SD_Init
                0x08001fb0       0x40 ./Core/Src/main.o
 .text.MX_SPI1_Init
                0x08001ff0       0x6c ./Core/Src/main.o
 .text.MX_TIM2_Init
                0x0800205c       0x98 ./Core/Src/main.o
 .text.MX_USART1_UART_Init
                0x080020f4       0x54 ./Core/Src/main.o
 .text.MX_DMA_Init
                0x08002148       0x7c ./Core/Src/main.o
 .text.MX_GPIO_Init
                0x080021c4       0xbc ./Core/Src/main.o
 .text.Error_Handler
                0x08002280        0xc ./Core/Src/main.o
                0x08002280                Error_Handler
 .text.init_cardSD
                0x0800228c       0x1c ./Core/Src/sdsys.o
                0x0800228c                init_cardSD
 .text.read_file
                0x080022a8       0xbe ./Core/Src/sdsys.o
                0x080022a8                read_file
 .text.string_to_int
                0x08002366       0x52 ./Core/Src/sdsys.o
 .text.read_audio_file
                0x080023b8      0x258 ./Core/Src/sdsys.o
                0x080023b8                read_audio_file
 .text.read_image_file
                0x08002610      0x3d8 ./Core/Src/sdsys.o
                0x08002610                read_image_file
 .text.HAL_MspInit
                0x080029e8       0x50 ./Core/Src/stm32f4xx_hal_msp.o
                0x080029e8                HAL_MspInit
 .text.HAL_DAC_MspInit
                0x08002a38       0xf4 ./Core/Src/stm32f4xx_hal_msp.o
                0x08002a38                HAL_DAC_MspInit
 .text.HAL_SD_MspInit
                0x08002b2c       0xf4 ./Core/Src/stm32f4xx_hal_msp.o
                0x08002b2c                HAL_SD_MspInit
 .text.HAL_SPI_MspInit
                0x08002c20      0x158 ./Core/Src/stm32f4xx_hal_msp.o
                0x08002c20                HAL_SPI_MspInit
 .text.HAL_TIM_Base_MspInit
                0x08002d78       0x40 ./Core/Src/stm32f4xx_hal_msp.o
                0x08002d78                HAL_TIM_Base_MspInit
 .text.HAL_UART_MspInit
                0x08002db8       0xa0 ./Core/Src/stm32f4xx_hal_msp.o
                0x08002db8                HAL_UART_MspInit
 .text.NMI_Handler
                0x08002e58        0x8 ./Core/Src/stm32f4xx_it.o
                0x08002e58                NMI_Handler
 .text.HardFault_Handler
                0x08002e60        0x8 ./Core/Src/stm32f4xx_it.o
                0x08002e60                HardFault_Handler
 .text.MemManage_Handler
                0x08002e68        0x8 ./Core/Src/stm32f4xx_it.o
                0x08002e68                MemManage_Handler
 .text.BusFault_Handler
                0x08002e70        0x8 ./Core/Src/stm32f4xx_it.o
                0x08002e70                BusFault_Handler
 .text.UsageFault_Handler
                0x08002e78        0x8 ./Core/Src/stm32f4xx_it.o
                0x08002e78                UsageFault_Handler
 .text.SVC_Handler
                0x08002e80        0xe ./Core/Src/stm32f4xx_it.o
                0x08002e80                SVC_Handler
 .text.DebugMon_Handler
                0x08002e8e        0xe ./Core/Src/stm32f4xx_it.o
                0x08002e8e                DebugMon_Handler
 .text.PendSV_Handler
                0x08002e9c        0xe ./Core/Src/stm32f4xx_it.o
                0x08002e9c                PendSV_Handler
 .text.SysTick_Handler
                0x08002eaa        0xc ./Core/Src/stm32f4xx_it.o
                0x08002eaa                SysTick_Handler
 *fill*         0x08002eb6        0x2 
 .text.DMA1_Stream5_IRQHandler
                0x08002eb8       0x14 ./Core/Src/stm32f4xx_it.o
                0x08002eb8                DMA1_Stream5_IRQHandler
 .text.USART1_IRQHandler
                0x08002ecc       0x14 ./Core/Src/stm32f4xx_it.o
                0x08002ecc                USART1_IRQHandler
 .text.DMA2_Stream0_IRQHandler
                0x08002ee0       0x14 ./Core/Src/stm32f4xx_it.o
                0x08002ee0                DMA2_Stream0_IRQHandler
 .text.DMA2_Stream3_IRQHandler
                0x08002ef4       0x14 ./Core/Src/stm32f4xx_it.o
                0x08002ef4                DMA2_Stream3_IRQHandler
 .text._sbrk    0x08002f08       0x6c ./Core/Src/sysmem.o
                0x08002f08                _sbrk
 .text.SystemInit
                0x08002f74       0x24 ./Core/Src/system_stm32f4xx.o
                0x08002f74                SystemInit
 .text.Reset_Handler
                0x08002f98       0x50 ./Core/Startup/startup_stm32f407vetx.o
                0x08002f98                Reset_Handler
 .text.Default_Handler
                0x08002fe8        0x2 ./Core/Startup/startup_stm32f407vetx.o
                0x08002fe8                RTC_Alarm_IRQHandler
                0x08002fe8                HASH_RNG_IRQHandler
                0x08002fe8                EXTI2_IRQHandler
                0x08002fe8                TIM8_CC_IRQHandler
                0x08002fe8                TIM1_CC_IRQHandler
                0x08002fe8                DMA2_Stream5_IRQHandler
                0x08002fe8                PVD_IRQHandler
                0x08002fe8                SDIO_IRQHandler
                0x08002fe8                TAMP_STAMP_IRQHandler
                0x08002fe8                CAN2_RX1_IRQHandler
                0x08002fe8                EXTI3_IRQHandler
                0x08002fe8                TIM8_TRG_COM_TIM14_IRQHandler
                0x08002fe8                TIM1_UP_TIM10_IRQHandler
                0x08002fe8                TIM8_UP_TIM13_IRQHandler
                0x08002fe8                I2C3_ER_IRQHandler
                0x08002fe8                EXTI0_IRQHandler
                0x08002fe8                I2C2_EV_IRQHandler
                0x08002fe8                DMA1_Stream2_IRQHandler
                0x08002fe8                CAN1_RX0_IRQHandler
                0x08002fe8                FPU_IRQHandler
                0x08002fe8                OTG_HS_WKUP_IRQHandler
                0x08002fe8                CAN2_SCE_IRQHandler
                0x08002fe8                DMA2_Stream2_IRQHandler
                0x08002fe8                SPI1_IRQHandler
                0x08002fe8                TIM6_DAC_IRQHandler
                0x08002fe8                TIM1_BRK_TIM9_IRQHandler
                0x08002fe8                DCMI_IRQHandler
                0x08002fe8                CAN2_RX0_IRQHandler
                0x08002fe8                USART6_IRQHandler
                0x08002fe8                USART3_IRQHandler
                0x08002fe8                CAN1_RX1_IRQHandler
                0x08002fe8                UART5_IRQHandler
                0x08002fe8                TIM4_IRQHandler
                0x08002fe8                I2C1_EV_IRQHandler
                0x08002fe8                DMA1_Stream6_IRQHandler
                0x08002fe8                DMA1_Stream1_IRQHandler
                0x08002fe8                UART4_IRQHandler
                0x08002fe8                TIM3_IRQHandler
                0x08002fe8                RCC_IRQHandler
                0x08002fe8                TIM8_BRK_TIM12_IRQHandler
                0x08002fe8                Default_Handler
                0x08002fe8                EXTI15_10_IRQHandler
                0x08002fe8                ADC_IRQHandler
                0x08002fe8                DMA1_Stream7_IRQHandler
                0x08002fe8                TIM7_IRQHandler
                0x08002fe8                CAN2_TX_IRQHandler
                0x08002fe8                TIM5_IRQHandler
                0x08002fe8                DMA2_Stream7_IRQHandler
                0x08002fe8                I2C3_EV_IRQHandler
                0x08002fe8                EXTI9_5_IRQHandler
                0x08002fe8                RTC_WKUP_IRQHandler
                0x08002fe8                ETH_WKUP_IRQHandler
                0x08002fe8                SPI2_IRQHandler
                0x08002fe8                OTG_HS_EP1_IN_IRQHandler
                0x08002fe8                DMA1_Stream0_IRQHandler
                0x08002fe8                CAN1_TX_IRQHandler
                0x08002fe8                EXTI4_IRQHandler
                0x08002fe8                FSMC_IRQHandler
                0x08002fe8                ETH_IRQHandler
                0x08002fe8                OTG_HS_EP1_OUT_IRQHandler
                0x08002fe8                WWDG_IRQHandler
                0x08002fe8                TIM2_IRQHandler
                0x08002fe8                OTG_FS_WKUP_IRQHandler
                0x08002fe8                TIM1_TRG_COM_TIM11_IRQHandler
                0x08002fe8                OTG_HS_IRQHandler
                0x08002fe8                EXTI1_IRQHandler
                0x08002fe8                USART2_IRQHandler
                0x08002fe8                I2C2_ER_IRQHandler
                0x08002fe8                DMA2_Stream1_IRQHandler
                0x08002fe8                CAN1_SCE_IRQHandler
                0x08002fe8                FLASH_IRQHandler
                0x08002fe8                DMA2_Stream4_IRQHandler
                0x08002fe8                OTG_FS_IRQHandler
                0x08002fe8                SPI3_IRQHandler
                0x08002fe8                DMA1_Stream4_IRQHandler
                0x08002fe8                I2C1_ER_IRQHandler
                0x08002fe8                DMA2_Stream6_IRQHandler
                0x08002fe8                DMA1_Stream3_IRQHandler
 *fill*         0x08002fea        0x2 
 .text.HAL_Init
                0x08002fec       0x44 ./Drivers/STM32F4xx_HAL_Driver/Src/stm32f4xx_hal.o
                0x08002fec                HAL_Init
 .text.HAL_InitTick
                0x08003030       0x60 ./Drivers/STM32F4xx_HAL_Driver/Src/stm32f4xx_hal.o
                0x08003030                HAL_InitTick
 .text.HAL_IncTick
                0x08003090       0x28 ./Drivers/STM32F4xx_HAL_Driver/Src/stm32f4xx_hal.o
                0x08003090                HAL_IncTick
 .text.HAL_GetTick
                0x080030b8       0x18 ./Drivers/STM32F4xx_HAL_Driver/Src/stm32f4xx_hal.o
                0x080030b8                HAL_GetTick
 .text.HAL_Delay
                0x080030d0       0x48 ./Drivers/STM32F4xx_HAL_Driver/Src/stm32f4xx_hal.o
                0x080030d0                HAL_Delay
 .text.__NVIC_SetPriorityGrouping
                0x08003118       0x48 ./Drivers/STM32F4xx_HAL_Driver/Src/stm32f4xx_hal_cortex.o
 .text.__NVIC_GetPriorityGrouping
                0x08003160       0x1c ./Drivers/STM32F4xx_HAL_Driver/Src/stm32f4xx_hal_cortex.o
 .text.__NVIC_EnableIRQ
                0x0800317c       0x3c ./Drivers/STM32F4xx_HAL_Driver/Src/stm32f4xx_hal_cortex.o
 .text.__NVIC_SetPriority
                0x080031b8       0x54 ./Drivers/STM32F4xx_HAL_Driver/Src/stm32f4xx_hal_cortex.o
 .text.NVIC_EncodePriority
                0x0800320c       0x66 ./Drivers/STM32F4xx_HAL_Driver/Src/stm32f4xx_hal_cortex.o
 *fill*         0x08003272        0x2 
 .text.SysTick_Config
                0x08003274       0x44 ./Drivers/STM32F4xx_HAL_Driver/Src/stm32f4xx_hal_cortex.o
 .text.HAL_NVIC_SetPriorityGrouping
                0x080032b8       0x16 ./Drivers/STM32F4xx_HAL_Driver/Src/stm32f4xx_hal_cortex.o
                0x080032b8                HAL_NVIC_SetPriorityGrouping
 .text.HAL_NVIC_SetPriority
                0x080032ce       0x38 ./Drivers/STM32F4xx_HAL_Driver/Src/stm32f4xx_hal_cortex.o
                0x080032ce                HAL_NVIC_SetPriority
 .text.HAL_NVIC_EnableIRQ
                0x08003306       0x1c ./Drivers/STM32F4xx_HAL_Driver/Src/stm32f4xx_hal_cortex.o
                0x08003306                HAL_NVIC_EnableIRQ
 .text.HAL_SYSTICK_Config
                0x08003322       0x18 ./Drivers/STM32F4xx_HAL_Driver/Src/stm32f4xx_hal_cortex.o
                0x08003322                HAL_SYSTICK_Config
 .text.HAL_DAC_Init
                0x0800333a       0x44 ./Drivers/STM32F4xx_HAL_Driver/Src/stm32f4xx_hal_dac.o
                0x0800333a                HAL_DAC_Init
 *fill*         0x0800337e        0x2 
 .text.HAL_DAC_Start_DMA
                0x08003380      0x184 ./Drivers/STM32F4xx_HAL_Driver/Src/stm32f4xx_hal_dac.o
                0x08003380                HAL_DAC_Start_DMA
 .text.HAL_DAC_ConvCpltCallbackCh1
                0x08003504       0x14 ./Drivers/STM32F4xx_HAL_Driver/Src/stm32f4xx_hal_dac.o
                0x08003504                HAL_DAC_ConvCpltCallbackCh1
 .text.HAL_DAC_ErrorCallbackCh1
                0x08003518       0x14 ./Drivers/STM32F4xx_HAL_Driver/Src/stm32f4xx_hal_dac.o
                0x08003518                HAL_DAC_ErrorCallbackCh1
 .text.HAL_DAC_ConfigChannel
                0x0800352c       0xb2 ./Drivers/STM32F4xx_HAL_Driver/Src/stm32f4xx_hal_dac.o
                0x0800352c                HAL_DAC_ConfigChannel
 .text.DAC_DMAConvCpltCh1
                0x080035de       0x22 ./Drivers/STM32F4xx_HAL_Driver/Src/stm32f4xx_hal_dac.o
                0x080035de                DAC_DMAConvCpltCh1
 .text.DAC_DMAHalfConvCpltCh1
                0x08003600       0x1c ./Drivers/STM32F4xx_HAL_Driver/Src/stm32f4xx_hal_dac.o
                0x08003600                DAC_DMAHalfConvCpltCh1
 .text.DAC_DMAErrorCh1
                0x0800361c       0x2e ./Drivers/STM32F4xx_HAL_Driver/Src/stm32f4xx_hal_dac.o
                0x0800361c                DAC_DMAErrorCh1
 .text.HAL_DACEx_ConvCpltCallbackCh2
                0x0800364a       0x14 ./Drivers/STM32F4xx_HAL_Driver/Src/stm32f4xx_hal_dac_ex.o
                0x0800364a                HAL_DACEx_ConvCpltCallbackCh2
 .text.HAL_DACEx_ConvHalfCpltCallbackCh2
                0x0800365e       0x14 ./Drivers/STM32F4xx_HAL_Driver/Src/stm32f4xx_hal_dac_ex.o
                0x0800365e                HAL_DACEx_ConvHalfCpltCallbackCh2
 .text.HAL_DACEx_ErrorCallbackCh2
                0x08003672       0x14 ./Drivers/STM32F4xx_HAL_Driver/Src/stm32f4xx_hal_dac_ex.o
                0x08003672                HAL_DACEx_ErrorCallbackCh2
 .text.DAC_DMAConvCpltCh2
                0x08003686       0x22 ./Drivers/STM32F4xx_HAL_Driver/Src/stm32f4xx_hal_dac_ex.o
                0x08003686                DAC_DMAConvCpltCh2
 .text.DAC_DMAHalfConvCpltCh2
                0x080036a8       0x1c ./Drivers/STM32F4xx_HAL_Driver/Src/stm32f4xx_hal_dac_ex.o
                0x080036a8                DAC_DMAHalfConvCpltCh2
 .text.DAC_DMAErrorCh2
                0x080036c4       0x2e ./Drivers/STM32F4xx_HAL_Driver/Src/stm32f4xx_hal_dac_ex.o
                0x080036c4                DAC_DMAErrorCh2
 *fill*         0x080036f2        0x2 
 .text.HAL_DMA_Init
                0x080036f4      0x15c ./Drivers/STM32F4xx_HAL_Driver/Src/stm32f4xx_hal_dma.o
                0x080036f4                HAL_DMA_Init
 .text.HAL_DMA_Start_IT
                0x08003850       0xb0 ./Drivers/STM32F4xx_HAL_Driver/Src/stm32f4xx_hal_dma.o
                0x08003850                HAL_DMA_Start_IT
 .text.HAL_DMA_Abort
                0x08003900       0xe0 ./Drivers/STM32F4xx_HAL_Driver/Src/stm32f4xx_hal_dma.o
                0x08003900                HAL_DMA_Abort
 .text.HAL_DMA_Abort_IT
                0x080039e0       0x44 ./Drivers/STM32F4xx_HAL_Driver/Src/stm32f4xx_hal_dma.o
                0x080039e0                HAL_DMA_Abort_IT
 .text.HAL_DMA_IRQHandler
                0x08003a24      0x314 ./Drivers/STM32F4xx_HAL_Driver/Src/stm32f4xx_hal_dma.o
                0x08003a24                HAL_DMA_IRQHandler
 .text.DMA_SetConfig
                0x08003d38       0x5c ./Drivers/STM32F4xx_HAL_Driver/Src/stm32f4xx_hal_dma.o
 .text.DMA_CalcBaseAndBitshift
                0x08003d94       0x6c ./Drivers/STM32F4xx_HAL_Driver/Src/stm32f4xx_hal_dma.o
 .text.DMA_CheckFifoParam
                0x08003e00       0xf8 ./Drivers/STM32F4xx_HAL_Driver/Src/stm32f4xx_hal_dma.o
 .text.HAL_GPIO_Init
                0x08003ef8      0x338 ./Drivers/STM32F4xx_HAL_Driver/Src/stm32f4xx_hal_gpio.o
                0x08003ef8                HAL_GPIO_Init
 .text.HAL_GPIO_WritePin
                0x08004230       0x32 ./Drivers/STM32F4xx_HAL_Driver/Src/stm32f4xx_hal_gpio.o
                0x08004230                HAL_GPIO_WritePin
 *fill*         0x08004262        0x2 
 .text.HAL_RCC_OscConfig
                0x08004264      0x4f0 ./Drivers/STM32F4xx_HAL_Driver/Src/stm32f4xx_hal_rcc.o
                0x08004264                HAL_RCC_OscConfig
 .text.HAL_RCC_ClockConfig
                0x08004754      0x1cc ./Drivers/STM32F4xx_HAL_Driver/Src/stm32f4xx_hal_rcc.o
                0x08004754                HAL_RCC_ClockConfig
 .text.HAL_RCC_GetSysClockFreq
                0x08004920      0x20c ./Drivers/STM32F4xx_HAL_Driver/Src/stm32f4xx_hal_rcc.o
                0x08004920                HAL_RCC_GetSysClockFreq
 .text.HAL_RCC_GetHCLKFreq
                0x08004b2c       0x18 ./Drivers/STM32F4xx_HAL_Driver/Src/stm32f4xx_hal_rcc.o
                0x08004b2c                HAL_RCC_GetHCLKFreq
 .text.HAL_RCC_GetPCLK1Freq
                0x08004b44       0x28 ./Drivers/STM32F4xx_HAL_Driver/Src/stm32f4xx_hal_rcc.o
                0x08004b44                HAL_RCC_GetPCLK1Freq
 .text.HAL_RCC_GetPCLK2Freq
                0x08004b6c       0x28 ./Drivers/STM32F4xx_HAL_Driver/Src/stm32f4xx_hal_rcc.o
                0x08004b6c                HAL_RCC_GetPCLK2Freq
 .text.HAL_SD_Init
                0x08004b94       0x60 ./Drivers/STM32F4xx_HAL_Driver/Src/stm32f4xx_hal_sd.o
                0x08004b94                HAL_SD_Init
 .text.HAL_SD_InitCard
                0x08004bf4      0x100 ./Drivers/STM32F4xx_HAL_Driver/Src/stm32f4xx_hal_sd.o
                0x08004bf4                HAL_SD_InitCard
 .text.HAL_SD_ReadBlocks
                0x08004cf4      0x3cc ./Drivers/STM32F4xx_HAL_Driver/Src/stm32f4xx_hal_sd.o
                0x08004cf4                HAL_SD_ReadBlocks
 .text.HAL_SD_WriteBlocks
                0x080050c0      0x31c ./Drivers/STM32F4xx_HAL_Driver/Src/stm32f4xx_hal_sd.o
                0x080050c0                HAL_SD_WriteBlocks
 .text.HAL_SD_GetCardCSD
                0x080053dc      0x348 ./Drivers/STM32F4xx_HAL_Driver/Src/stm32f4xx_hal_sd.o
                0x080053dc                HAL_SD_GetCardCSD
 .text.HAL_SD_GetCardInfo
                0x08005724       0x58 ./Drivers/STM32F4xx_HAL_Driver/Src/stm32f4xx_hal_sd.o
                0x08005724                HAL_SD_GetCardInfo
 .text.HAL_SD_GetCardState
                0x0800577c       0x40 ./Drivers/STM32F4xx_HAL_Driver/Src/stm32f4xx_hal_sd.o
                0x0800577c                HAL_SD_GetCardState
 .text.SD_InitCard
                0x080057bc      0x19c ./Drivers/STM32F4xx_HAL_Driver/Src/stm32f4xx_hal_sd.o
 .text.SD_PowerON
                0x08005958      0x11c ./Drivers/STM32F4xx_HAL_Driver/Src/stm32f4xx_hal_sd.o
 .text.SD_SendStatus
                0x08005a74       0x50 ./Drivers/STM32F4xx_HAL_Driver/Src/stm32f4xx_hal_sd.o
 .text.HAL_SPI_Init
                0x08005ac4      0x112 ./Drivers/STM32F4xx_HAL_Driver/Src/stm32f4xx_hal_spi.o
                0x08005ac4                HAL_SPI_Init
 .text.HAL_SPI_Transmit
                0x08005bd6      0x288 ./Drivers/STM32F4xx_HAL_Driver/Src/stm32f4xx_hal_spi.o
                0x08005bd6                HAL_SPI_Transmit
 .text.HAL_SPI_Receive
                0x08005e5e      0x232 ./Drivers/STM32F4xx_HAL_Driver/Src/stm32f4xx_hal_spi.o
                0x08005e5e                HAL_SPI_Receive
 .text.HAL_SPI_TransmitReceive
                0x08006090      0x352 ./Drivers/STM32F4xx_HAL_Driver/Src/stm32f4xx_hal_spi.o
                0x08006090                HAL_SPI_TransmitReceive
 *fill*         0x080063e2        0x2 
 .text.HAL_SPI_Transmit_DMA
                0x080063e4      0x164 ./Drivers/STM32F4xx_HAL_Driver/Src/stm32f4xx_hal_spi.o
                0x080063e4                HAL_SPI_Transmit_DMA
 .text.HAL_SPI_Receive_DMA
                0x08006548      0x188 ./Drivers/STM32F4xx_HAL_Driver/Src/stm32f4xx_hal_spi.o
                0x08006548                HAL_SPI_Receive_DMA
 .text.HAL_SPI_TransmitReceive_DMA
                0x080066d0      0x1f8 ./Drivers/STM32F4xx_HAL_Driver/Src/stm32f4xx_hal_spi.o
                0x080066d0                HAL_SPI_TransmitReceive_DMA
 .text.HAL_SPI_TxRxCpltCallback
                0x080068c8       0x14 ./Drivers/STM32F4xx_HAL_Driver/Src/stm32f4xx_hal_spi.o
                0x080068c8                HAL_SPI_TxRxCpltCallback
 .text.HAL_SPI_TxHalfCpltCallback
                0x080068dc       0x14 ./Drivers/STM32F4xx_HAL_Driver/Src/stm32f4xx_hal_spi.o
                0x080068dc                HAL_SPI_TxHalfCpltCallback
 .text.HAL_SPI_RxHalfCpltCallback
                0x080068f0       0x14 ./Drivers/STM32F4xx_HAL_Driver/Src/stm32f4xx_hal_spi.o
                0x080068f0                HAL_SPI_RxHalfCpltCallback
 .text.HAL_SPI_TxRxHalfCpltCallback
                0x08006904       0x14 ./Drivers/STM32F4xx_HAL_Driver/Src/stm32f4xx_hal_spi.o
                0x08006904                HAL_SPI_TxRxHalfCpltCallback
 .text.HAL_SPI_ErrorCallback
                0x08006918       0x14 ./Drivers/STM32F4xx_HAL_Driver/Src/stm32f4xx_hal_spi.o
                0x08006918                HAL_SPI_ErrorCallback
 .text.SPI_DMATransmitCplt
                0x0800692c       0xa8 ./Drivers/STM32F4xx_HAL_Driver/Src/stm32f4xx_hal_spi.o
 .text.SPI_DMAReceiveCplt
                0x080069d4       0xa8 ./Drivers/STM32F4xx_HAL_Driver/Src/stm32f4xx_hal_spi.o
 .text.SPI_DMATransmitReceiveCplt
                0x08006a7c       0x90 ./Drivers/STM32F4xx_HAL_Driver/Src/stm32f4xx_hal_spi.o
 .text.SPI_DMAHalfTransmitCplt
                0x08006b0c       0x1c ./Drivers/STM32F4xx_HAL_Driver/Src/stm32f4xx_hal_spi.o
 .text.SPI_DMAHalfReceiveCplt
                0x08006b28       0x1c ./Drivers/STM32F4xx_HAL_Driver/Src/stm32f4xx_hal_spi.o
 .text.SPI_DMAHalfTransmitReceiveCplt
                0x08006b44       0x1c ./Drivers/STM32F4xx_HAL_Driver/Src/stm32f4xx_hal_spi.o
 .text.SPI_DMAError
                0x08006b60       0x40 ./Drivers/STM32F4xx_HAL_Driver/Src/stm32f4xx_hal_spi.o
 .text.SPI_WaitFlagStateUntilTimeout
                0x08006ba0      0x110 ./Drivers/STM32F4xx_HAL_Driver/Src/stm32f4xx_hal_spi.o
 .text.SPI_EndRxTransaction
                0x08006cb0       0xca ./Drivers/STM32F4xx_HAL_Driver/Src/stm32f4xx_hal_spi.o
 *fill*         0x08006d7a        0x2 
 .text.SPI_EndRxTxTransaction
                0x08006d7c       0xa8 ./Drivers/STM32F4xx_HAL_Driver/Src/stm32f4xx_hal_spi.o
 .text.HAL_TIM_Base_Init
                0x08006e24       0x9e ./Drivers/STM32F4xx_HAL_Driver/Src/stm32f4xx_hal_tim.o
                0x08006e24                HAL_TIM_Base_Init
 *fill*         0x08006ec2        0x2 
 .text.HAL_TIM_Base_Start
                0x08006ec4       0xd0 ./Drivers/STM32F4xx_HAL_Driver/Src/stm32f4xx_hal_tim.o
                0x08006ec4                HAL_TIM_Base_Start
 .text.HAL_TIM_ConfigClockSource
                0x08006f94      0x18e ./Drivers/STM32F4xx_HAL_Driver/Src/stm32f4xx_hal_tim.o
                0x08006f94                HAL_TIM_ConfigClockSource
 *fill*         0x08007122        0x2 
 .text.TIM_Base_SetConfig
                0x08007124      0x158 ./Drivers/STM32F4xx_HAL_Driver/Src/stm32f4xx_hal_tim.o
                0x08007124                TIM_Base_SetConfig
 .text.TIM_TI1_ConfigInputStage
                0x0800727c       0x5e ./Drivers/STM32F4xx_HAL_Driver/Src/stm32f4xx_hal_tim.o
 .text.TIM_TI2_ConfigInputStage
                0x080072da       0x60 ./Drivers/STM32F4xx_HAL_Driver/Src/stm32f4xx_hal_tim.o
 .text.TIM_ITRx_SetConfig
                0x0800733a       0x36 ./Drivers/STM32F4xx_HAL_Driver/Src/stm32f4xx_hal_tim.o
 .text.TIM_ETR_SetConfig
                0x08007370       0x40 ./Drivers/STM32F4xx_HAL_Driver/Src/stm32f4xx_hal_tim.o
                0x08007370                TIM_ETR_SetConfig
 .text.HAL_TIMEx_MasterConfigSynchronization
                0x080073b0       0xf8 ./Drivers/STM32F4xx_HAL_Driver/Src/stm32f4xx_hal_tim_ex.o
                0x080073b0                HAL_TIMEx_MasterConfigSynchronization
 .text.HAL_UART_Init
                0x080074a8       0xa0 ./Drivers/STM32F4xx_HAL_Driver/Src/stm32f4xx_hal_uart.o
                0x080074a8                HAL_UART_Init
 .text.HAL_UART_IRQHandler
                0x08007548      0x524 ./Drivers/STM32F4xx_HAL_Driver/Src/stm32f4xx_hal_uart.o
                0x08007548                HAL_UART_IRQHandler
 .text.HAL_UART_TxCpltCallback
                0x08007a6c       0x14 ./Drivers/STM32F4xx_HAL_Driver/Src/stm32f4xx_hal_uart.o
                0x08007a6c                HAL_UART_TxCpltCallback
 .text.HAL_UART_RxCpltCallback
                0x08007a80       0x14 ./Drivers/STM32F4xx_HAL_Driver/Src/stm32f4xx_hal_uart.o
                0x08007a80                HAL_UART_RxCpltCallback
 .text.HAL_UART_ErrorCallback
                0x08007a94       0x14 ./Drivers/STM32F4xx_HAL_Driver/Src/stm32f4xx_hal_uart.o
                0x08007a94                HAL_UART_ErrorCallback
 .text.HAL_UARTEx_RxEventCallback
                0x08007aa8       0x18 ./Drivers/STM32F4xx_HAL_Driver/Src/stm32f4xx_hal_uart.o
                0x08007aa8                HAL_UARTEx_RxEventCallback
 .text.UART_EndRxTransfer
                0x08007ac0       0xc6 ./Drivers/STM32F4xx_HAL_Driver/Src/stm32f4xx_hal_uart.o
 .text.UART_DMAAbortOnError
                0x08007b86       0x28 ./Drivers/STM32F4xx_HAL_Driver/Src/stm32f4xx_hal_uart.o
 .text.UART_Transmit_IT
                0x08007bae       0xa0 ./Drivers/STM32F4xx_HAL_Driver/Src/stm32f4xx_hal_uart.o
 .text.UART_EndTransmit_IT
                0x08007c4e       0x30 ./Drivers/STM32F4xx_HAL_Driver/Src/stm32f4xx_hal_uart.o
 .text.UART_Receive_IT
                0x08007c7e      0x17c ./Drivers/STM32F4xx_HAL_Driver/Src/stm32f4xx_hal_uart.o
 *fill*         0x08007dfa        0x2 
 .text.UART_SetConfig
                0x08007dfc      0x4e8 ./Drivers/STM32F4xx_HAL_Driver/Src/stm32f4xx_hal_uart.o
 .text.SDIO_Init
                0x080082e4       0x56 ./Drivers/STM32F4xx_HAL_Driver/Src/stm32f4xx_ll_sdmmc.o
                0x080082e4                SDIO_Init
 .text.SDIO_ReadFIFO
                0x0800833a       0x1a ./Drivers/STM32F4xx_HAL_Driver/Src/stm32f4xx_ll_sdmmc.o
                0x0800833a                SDIO_ReadFIFO
 .text.SDIO_WriteFIFO
                0x08008354       0x22 ./Drivers/STM32F4xx_HAL_Driver/Src/stm32f4xx_ll_sdmmc.o
                0x08008354                SDIO_WriteFIFO
 .text.SDIO_PowerState_ON
                0x08008376       0x1c ./Drivers/STM32F4xx_HAL_Driver/Src/stm32f4xx_ll_sdmmc.o
                0x08008376                SDIO_PowerState_ON
 .text.SDIO_GetPowerState
                0x08008392       0x1c ./Drivers/STM32F4xx_HAL_Driver/Src/stm32f4xx_ll_sdmmc.o
                0x08008392                SDIO_GetPowerState
 .text.SDIO_SendCommand
                0x080083ae       0x54 ./Drivers/STM32F4xx_HAL_Driver/Src/stm32f4xx_ll_sdmmc.o
                0x080083ae                SDIO_SendCommand
 .text.SDIO_GetCommandResponse
                0x08008402       0x1a ./Drivers/STM32F4xx_HAL_Driver/Src/stm32f4xx_ll_sdmmc.o
                0x08008402                SDIO_GetCommandResponse
 .text.SDIO_GetResponse
                0x0800841c       0x26 ./Drivers/STM32F4xx_HAL_Driver/Src/stm32f4xx_ll_sdmmc.o
                0x0800841c                SDIO_GetResponse
 .text.SDIO_ConfigData
                0x08008442       0x58 ./Drivers/STM32F4xx_HAL_Driver/Src/stm32f4xx_ll_sdmmc.o
                0x08008442                SDIO_ConfigData
 .text.SDMMC_CmdBlockLength
                0x0800849a       0x44 ./Drivers/STM32F4xx_HAL_Driver/Src/stm32f4xx_ll_sdmmc.o
                0x0800849a                SDMMC_CmdBlockLength
 .text.SDMMC_CmdReadSingleBlock
                0x080084de       0x44 ./Drivers/STM32F4xx_HAL_Driver/Src/stm32f4xx_ll_sdmmc.o
                0x080084de                SDMMC_CmdReadSingleBlock
 .text.SDMMC_CmdReadMultiBlock
                0x08008522       0x44 ./Drivers/STM32F4xx_HAL_Driver/Src/stm32f4xx_ll_sdmmc.o
                0x08008522                SDMMC_CmdReadMultiBlock
 .text.SDMMC_CmdWriteSingleBlock
                0x08008566       0x44 ./Drivers/STM32F4xx_HAL_Driver/Src/stm32f4xx_ll_sdmmc.o
                0x08008566                SDMMC_CmdWriteSingleBlock
 .text.SDMMC_CmdWriteMultiBlock
                0x080085aa       0x44 ./Drivers/STM32F4xx_HAL_Driver/Src/stm32f4xx_ll_sdmmc.o
                0x080085aa                SDMMC_CmdWriteMultiBlock
 *fill*         0x080085ee        0x2 
 .text.SDMMC_CmdStopTransfer
                0x080085f0       0x44 ./Drivers/STM32F4xx_HAL_Driver/Src/stm32f4xx_ll_sdmmc.o
                0x080085f0                SDMMC_CmdStopTransfer
 .text.SDMMC_CmdSelDesel
                0x08008634       0x46 ./Drivers/STM32F4xx_HAL_Driver/Src/stm32f4xx_ll_sdmmc.o
                0x08008634                SDMMC_CmdSelDesel
 .text.SDMMC_CmdGoIdleState
                0x0800867a       0x3c ./Drivers/STM32F4xx_HAL_Driver/Src/stm32f4xx_ll_sdmmc.o
                0x0800867a                SDMMC_CmdGoIdleState
 .text.SDMMC_CmdOperCond
                0x080086b6       0x3e ./Drivers/STM32F4xx_HAL_Driver/Src/stm32f4xx_ll_sdmmc.o
                0x080086b6                SDMMC_CmdOperCond
 .text.SDMMC_CmdAppCommand
                0x080086f4       0x44 ./Drivers/STM32F4xx_HAL_Driver/Src/stm32f4xx_ll_sdmmc.o
                0x080086f4                SDMMC_CmdAppCommand
 .text.SDMMC_CmdAppOperCommand
                0x08008738       0x46 ./Drivers/STM32F4xx_HAL_Driver/Src/stm32f4xx_ll_sdmmc.o
                0x08008738                SDMMC_CmdAppOperCommand
 .text.SDMMC_CmdSendCID
                0x0800877e       0x3c ./Drivers/STM32F4xx_HAL_Driver/Src/stm32f4xx_ll_sdmmc.o
                0x0800877e                SDMMC_CmdSendCID
 .text.SDMMC_CmdSendCSD
                0x080087ba       0x3e ./Drivers/STM32F4xx_HAL_Driver/Src/stm32f4xx_ll_sdmmc.o
                0x080087ba                SDMMC_CmdSendCSD
 .text.SDMMC_CmdSetRelAdd
                0x080087f8       0x42 ./Drivers/STM32F4xx_HAL_Driver/Src/stm32f4xx_ll_sdmmc.o
                0x080087f8                SDMMC_CmdSetRelAdd
 .text.SDMMC_CmdSendStatus
                0x0800883a       0x44 ./Drivers/STM32F4xx_HAL_Driver/Src/stm32f4xx_ll_sdmmc.o
                0x0800883a                SDMMC_CmdSendStatus
 *fill*         0x0800887e        0x2 
 .text.SDMMC_GetCmdResp1
                0x08008880      0x1dc ./Drivers/STM32F4xx_HAL_Driver/Src/stm32f4xx_ll_sdmmc.o
                0x08008880                SDMMC_GetCmdResp1
 .text.SDMMC_GetCmdResp2
                0x08008a5c       0x90 ./Drivers/STM32F4xx_HAL_Driver/Src/stm32f4xx_ll_sdmmc.o
                0x08008a5c                SDMMC_GetCmdResp2
 .text.SDMMC_GetCmdResp3
                0x08008aec       0x7c ./Drivers/STM32F4xx_HAL_Driver/Src/stm32f4xx_ll_sdmmc.o
                0x08008aec                SDMMC_GetCmdResp3
 .text.SDMMC_GetCmdResp6
                0x08008b68       0xec ./Drivers/STM32F4xx_HAL_Driver/Src/stm32f4xx_ll_sdmmc.o
                0x08008b68                SDMMC_GetCmdResp6
 .text.SDMMC_GetCmdResp7
                0x08008c54       0x9c ./Drivers/STM32F4xx_HAL_Driver/Src/stm32f4xx_ll_sdmmc.o
                0x08008c54                SDMMC_GetCmdResp7
 .text.SDMMC_GetCmdError
                0x08008cf0       0x58 ./Drivers/STM32F4xx_HAL_Driver/Src/stm32f4xx_ll_sdmmc.o
 .text.MX_FATFS_Init
                0x08008d48       0x24 ./FATFS/App/fatfs.o
                0x08008d48                MX_FATFS_Init
 .text.get_fattime
                0x08008d6c       0x10 ./FATFS/App/fatfs.o
                0x08008d6c                get_fattime
 .text.BSP_SD_Init
                0x08008d7c       0x30 ./FATFS/Target/bsp_driver_sd.o
                0x08008d7c                BSP_SD_Init
 .text.BSP_SD_ReadBlocks
                0x08008dac       0x3c ./FATFS/Target/bsp_driver_sd.o
                0x08008dac                BSP_SD_ReadBlocks
 .text.BSP_SD_WriteBlocks
                0x08008de8       0x3c ./FATFS/Target/bsp_driver_sd.o
                0x08008de8                BSP_SD_WriteBlocks
 .text.BSP_SD_GetCardState
                0x08008e24       0x20 ./FATFS/Target/bsp_driver_sd.o
                0x08008e24                BSP_SD_GetCardState
 .text.BSP_SD_GetCardInfo
                0x08008e44       0x1c ./FATFS/Target/bsp_driver_sd.o
                0x08008e44                BSP_SD_GetCardInfo
 .text.BSP_SD_IsDetected
                0x08008e60       0x1a ./FATFS/Target/bsp_driver_sd.o
                0x08008e60                BSP_SD_IsDetected
 *fill*         0x08008e7a        0x2 
 .text.SD_CheckStatus
                0x08008e7c       0x3c ./FATFS/Target/sd_diskio.o
 .text.SD_initialize
                0x08008eb8       0x3c ./FATFS/Target/sd_diskio.o
                0x08008eb8                SD_initialize
 .text.SD_status
                0x08008ef4       0x1c ./FATFS/Target/sd_diskio.o
                0x08008ef4                SD_status
 .text.SD_read  0x08008f10       0x42 ./FATFS/Target/sd_diskio.o
                0x08008f10                SD_read
 .text.SD_write
                0x08008f52       0x42 ./FATFS/Target/sd_diskio.o
                0x08008f52                SD_write
 .text.SD_ioctl
                0x08008f94       0xb0 ./FATFS/Target/sd_diskio.o
                0x08008f94                SD_ioctl
 .text.disk_status
                0x08009044       0x34 ./Middlewares/Third_Party/FatFs/src/diskio.o
                0x08009044                disk_status
 .text.disk_initialize
                0x08009078       0x50 ./Middlewares/Third_Party/FatFs/src/diskio.o
                0x08009078                disk_initialize
 .text.disk_read
                0x080090c8       0x40 ./Middlewares/Third_Party/FatFs/src/diskio.o
                0x080090c8                disk_read
 .text.disk_write
                0x08009108       0x40 ./Middlewares/Third_Party/FatFs/src/diskio.o
                0x08009108                disk_write
 .text.disk_ioctl
                0x08009148       0x3c ./Middlewares/Third_Party/FatFs/src/diskio.o
                0x08009148                disk_ioctl
 .text.ld_word  0x08009184       0x30 ./Middlewares/Third_Party/FatFs/src/ff.o
 .text.ld_dword
                0x080091b4       0x46 ./Middlewares/Third_Party/FatFs/src/ff.o
 .text.st_word  0x080091fa       0x36 ./Middlewares/Third_Party/FatFs/src/ff.o
 .text.st_dword
                0x08009230       0x58 ./Middlewares/Third_Party/FatFs/src/ff.o
 .text.mem_cpy  0x08009288       0x42 ./Middlewares/Third_Party/FatFs/src/ff.o
 .text.mem_set  0x080092ca       0x36 ./Middlewares/Third_Party/FatFs/src/ff.o
 .text.mem_cmp  0x08009300       0x4e ./Middlewares/Third_Party/FatFs/src/ff.o
 .text.chk_chr  0x0800934e       0x36 ./Middlewares/Third_Party/FatFs/src/ff.o
 .text.chk_lock
                0x08009384       0xb8 ./Middlewares/Third_Party/FatFs/src/ff.o
 .text.enq_lock
                0x0800943c       0x44 ./Middlewares/Third_Party/FatFs/src/ff.o
 .text.inc_lock
                0x08009480      0x11c ./Middlewares/Third_Party/FatFs/src/ff.o
 .text.dec_lock
                0x0800959c       0x78 ./Middlewares/Third_Party/FatFs/src/ff.o
 .text.clear_lock
                0x08009614       0x48 ./Middlewares/Third_Party/FatFs/src/ff.o
 .text.sync_window
                0x0800965c       0x88 ./Middlewares/Third_Party/FatFs/src/ff.o
 .text.move_window
                0x080096e4       0x5a ./Middlewares/Third_Party/FatFs/src/ff.o
 *fill*         0x0800973e        0x2 
 .text.sync_fs  0x08009740       0xdc ./Middlewares/Third_Party/FatFs/src/ff.o
 .text.clust2sect
                0x0800981c       0x3e ./Middlewares/Third_Party/FatFs/src/ff.o
 .text.get_fat  0x0800985a      0x14e ./Middlewares/Third_Party/FatFs/src/ff.o
 .text.put_fat  0x080099a8      0x1d4 ./Middlewares/Third_Party/FatFs/src/ff.o
 .text.remove_chain
                0x08009b7c       0xca ./Middlewares/Third_Party/FatFs/src/ff.o
 .text.create_chain
                0x08009c46      0x130 ./Middlewares/Third_Party/FatFs/src/ff.o
 .text.clmt_clust
                0x08009d76       0x68 ./Middlewares/Third_Party/FatFs/src/ff.o
 .text.dir_sdi  0x08009dde       0xf6 ./Middlewares/Third_Party/FatFs/src/ff.o
 .text.dir_next
                0x08009ed4      0x18a ./Middlewares/Third_Party/FatFs/src/ff.o
 .text.dir_alloc
                0x0800a05e       0x8e ./Middlewares/Third_Party/FatFs/src/ff.o
 .text.ld_clust
                0x0800a0ec       0x3e ./Middlewares/Third_Party/FatFs/src/ff.o
 .text.st_clust
                0x0800a12a       0x40 ./Middlewares/Third_Party/FatFs/src/ff.o
 .text.dir_find
                0x0800a16a       0xaa ./Middlewares/Third_Party/FatFs/src/ff.o
 .text.dir_register
                0x0800a214       0x64 ./Middlewares/Third_Party/FatFs/src/ff.o
 .text.create_name
                0x0800a278      0x128 ./Middlewares/Third_Party/FatFs/src/ff.o
 .text.follow_path
                0x0800a3a0       0xe2 ./Middlewares/Third_Party/FatFs/src/ff.o
 .text.get_ldnumber
                0x0800a482       0x88 ./Middlewares/Third_Party/FatFs/src/ff.o
 *fill*         0x0800a50a        0x2 
 .text.check_fs
                0x0800a50c       0xac ./Middlewares/Third_Party/FatFs/src/ff.o
 .text.find_volume
                0x0800a5b8      0x498 ./Middlewares/Third_Party/FatFs/src/ff.o
 .text.validate
                0x0800aa50       0x6a ./Middlewares/Third_Party/FatFs/src/ff.o
 *fill*         0x0800aaba        0x2 
 .text.f_mount  0x0800aabc       0x8c ./Middlewares/Third_Party/FatFs/src/ff.o
                0x0800aabc                f_mount
 .text.f_open   0x0800ab48      0x374 ./Middlewares/Third_Party/FatFs/src/ff.o
                0x0800ab48                f_open
 .text.f_read   0x0800aebc      0x27e ./Middlewares/Third_Party/FatFs/src/ff.o
                0x0800aebc                f_read
 .text.f_sync   0x0800b13a       0xfc ./Middlewares/Third_Party/FatFs/src/ff.o
                0x0800b13a                f_sync
 .text.f_close  0x0800b236       0x54 ./Middlewares/Third_Party/FatFs/src/ff.o
                0x0800b236                f_close
 .text.f_lseek  0x0800b28a      0x412 ./Middlewares/Third_Party/FatFs/src/ff.o
                0x0800b28a                f_lseek
 .text.FATFS_LinkDriverEx
                0x0800b69c       0x98 ./Middlewares/Third_Party/FatFs/src/ff_gen_drv.o
                0x0800b69c                FATFS_LinkDriverEx
 .text.FATFS_LinkDriver
                0x0800b734       0x1e ./Middlewares/Third_Party/FatFs/src/ff_gen_drv.o
                0x0800b734                FATFS_LinkDriver
 *fill*         0x0800b752        0x2 
 .text.malloc   0x0800b754       0x10 C:/ST/STM32CubeIDE_1.15.1/STM32CubeIDE/plugins/com.st.stm32cube.ide.mcu.externaltools.gnu-tools-for-stm32.12.3.rel1.win32_1.0.100.202403111256/tools/bin/../lib/gcc/arm-none-eabi/12.3.1/../../../../arm-none-eabi/lib/thumb/v7e-m+fp/hard\libc_nano.a(libc_a-malloc.o)
                0x0800b754                malloc
 .text.free     0x0800b764       0x10 C:/ST/STM32CubeIDE_1.15.1/STM32CubeIDE/plugins/com.st.stm32cube.ide.mcu.externaltools.gnu-tools-for-stm32.12.3.rel1.win32_1.0.100.202403111256/tools/bin/../lib/gcc/arm-none-eabi/12.3.1/../../../../arm-none-eabi/lib/thumb/v7e-m+fp/hard\libc_nano.a(libc_a-malloc.o)
                0x0800b764                free
 .text.sbrk_aligned
                0x0800b774       0x44 C:/ST/STM32CubeIDE_1.15.1/STM32CubeIDE/plugins/com.st.stm32cube.ide.mcu.externaltools.gnu-tools-for-stm32.12.3.rel1.win32_1.0.100.202403111256/tools/bin/../lib/gcc/arm-none-eabi/12.3.1/../../../../arm-none-eabi/lib/thumb/v7e-m+fp/hard\libc_nano.a(libc_a-mallocr.o)
 .text._malloc_r
                0x0800b7b8      0x100 C:/ST/STM32CubeIDE_1.15.1/STM32CubeIDE/plugins/com.st.stm32cube.ide.mcu.externaltools.gnu-tools-for-stm32.12.3.rel1.win32_1.0.100.202403111256/tools/bin/../lib/gcc/arm-none-eabi/12.3.1/../../../../arm-none-eabi/lib/thumb/v7e-m+fp/hard\libc_nano.a(libc_a-mallocr.o)
                0x0800b7b8                _malloc_r
 .text.__malloc_lock
                0x0800b8b8        0xc C:/ST/STM32CubeIDE_1.15.1/STM32CubeIDE/plugins/com.st.stm32cube.ide.mcu.externaltools.gnu-tools-for-stm32.12.3.rel1.win32_1.0.100.202403111256/tools/bin/../lib/gcc/arm-none-eabi/12.3.1/../../../../arm-none-eabi/lib/thumb/v7e-m+fp/hard\libc_nano.a(libc_a-mlock.o)
                0x0800b8b8                __malloc_lock
 .text.__malloc_unlock
                0x0800b8c4        0xc C:/ST/STM32CubeIDE_1.15.1/STM32CubeIDE/plugins/com.st.stm32cube.ide.mcu.externaltools.gnu-tools-for-stm32.12.3.rel1.win32_1.0.100.202403111256/tools/bin/../lib/gcc/arm-none-eabi/12.3.1/../../../../arm-none-eabi/lib/thumb/v7e-m+fp/hard\libc_nano.a(libc_a-mlock.o)
                0x0800b8c4                __malloc_unlock
 .text.realloc  0x0800b8d0       0x10 C:/ST/STM32CubeIDE_1.15.1/STM32CubeIDE/plugins/com.st.stm32cube.ide.mcu.externaltools.gnu-tools-for-stm32.12.3.rel1.win32_1.0.100.202403111256/tools/bin/../lib/gcc/arm-none-eabi/12.3.1/../../../../arm-none-eabi/lib/thumb/v7e-m+fp/hard\libc_nano.a(libc_a-realloc.o)
                0x0800b8d0                realloc
 .text._realloc_r
                0x0800b8e0       0x5c C:/ST/STM32CubeIDE_1.15.1/STM32CubeIDE/plugins/com.st.stm32cube.ide.mcu.externaltools.gnu-tools-for-stm32.12.3.rel1.win32_1.0.100.202403111256/tools/bin/../lib/gcc/arm-none-eabi/12.3.1/../../../../arm-none-eabi/lib/thumb/v7e-m+fp/hard\libc_nano.a(libc_a-reallocr.o)
                0x0800b8e0                _realloc_r
 .text.memset   0x0800b93c       0x10 C:/ST/STM32CubeIDE_1.15.1/STM32CubeIDE/plugins/com.st.stm32cube.ide.mcu.externaltools.gnu-tools-for-stm32.12.3.rel1.win32_1.0.100.202403111256/tools/bin/../lib/gcc/arm-none-eabi/12.3.1/../../../../arm-none-eabi/lib/thumb/v7e-m+fp/hard\libc_nano.a(libc_a-memset.o)
                0x0800b93c                memset
 .text._sbrk_r  0x0800b94c       0x20 C:/ST/STM32CubeIDE_1.15.1/STM32CubeIDE/plugins/com.st.stm32cube.ide.mcu.externaltools.gnu-tools-for-stm32.12.3.rel1.win32_1.0.100.202403111256/tools/bin/../lib/gcc/arm-none-eabi/12.3.1/../../../../arm-none-eabi/lib/thumb/v7e-m+fp/hard\libc_nano.a(libc_a-sbrkr.o)
                0x0800b94c                _sbrk_r
 .text.__errno  0x0800b96c        0xc C:/ST/STM32CubeIDE_1.15.1/STM32CubeIDE/plugins/com.st.stm32cube.ide.mcu.externaltools.gnu-tools-for-stm32.12.3.rel1.win32_1.0.100.202403111256/tools/bin/../lib/gcc/arm-none-eabi/12.3.1/../../../../arm-none-eabi/lib/thumb/v7e-m+fp/hard\libc_nano.a(libc_a-errno.o)
                0x0800b96c                __errno
 .text.__libc_init_array
                0x0800b978       0x48 C:/ST/STM32CubeIDE_1.15.1/STM32CubeIDE/plugins/com.st.stm32cube.ide.mcu.externaltools.gnu-tools-for-stm32.12.3.rel1.win32_1.0.100.202403111256/tools/bin/../lib/gcc/arm-none-eabi/12.3.1/../../../../arm-none-eabi/lib/thumb/v7e-m+fp/hard\libc_nano.a(libc_a-init.o)
                0x0800b978                __libc_init_array
 .text.__retarget_lock_acquire_recursive
                0x0800b9c0        0x2 C:/ST/STM32CubeIDE_1.15.1/STM32CubeIDE/plugins/com.st.stm32cube.ide.mcu.externaltools.gnu-tools-for-stm32.12.3.rel1.win32_1.0.100.202403111256/tools/bin/../lib/gcc/arm-none-eabi/12.3.1/../../../../arm-none-eabi/lib/thumb/v7e-m+fp/hard\libc_nano.a(libc_a-lock.o)
                0x0800b9c0                __retarget_lock_acquire_recursive
 .text.__retarget_lock_release_recursive
                0x0800b9c2        0x2 C:/ST/STM32CubeIDE_1.15.1/STM32CubeIDE/plugins/com.st.stm32cube.ide.mcu.externaltools.gnu-tools-for-stm32.12.3.rel1.win32_1.0.100.202403111256/tools/bin/../lib/gcc/arm-none-eabi/12.3.1/../../../../arm-none-eabi/lib/thumb/v7e-m+fp/hard\libc_nano.a(libc_a-lock.o)
                0x0800b9c2                __retarget_lock_release_recursive
 .text.memcpy   0x0800b9c4       0x1c C:/ST/STM32CubeIDE_1.15.1/STM32CubeIDE/plugins/com.st.stm32cube.ide.mcu.externaltools.gnu-tools-for-stm32.12.3.rel1.win32_1.0.100.202403111256/tools/bin/../lib/gcc/arm-none-eabi/12.3.1/../../../../arm-none-eabi/lib/thumb/v7e-m+fp/hard\libc_nano.a(libc_a-memcpy-stub.o)
                0x0800b9c4                memcpy
 .text._free_r  0x0800b9e0       0x94 C:/ST/STM32CubeIDE_1.15.1/STM32CubeIDE/plugins/com.st.stm32cube.ide.mcu.externaltools.gnu-tools-for-stm32.12.3.rel1.win32_1.0.100.202403111256/tools/bin/../lib/gcc/arm-none-eabi/12.3.1/../../../../arm-none-eabi/lib/thumb/v7e-m+fp/hard\libc_nano.a(libc_a-freer.o)
                0x0800b9e0                _free_r
 .text._malloc_usable_size_r
                0x0800ba74       0x10 C:/ST/STM32CubeIDE_1.15.1/STM32CubeIDE/plugins/com.st.stm32cube.ide.mcu.externaltools.gnu-tools-for-stm32.12.3.rel1.win32_1.0.100.202403111256/tools/bin/../lib/gcc/arm-none-eabi/12.3.1/../../../../arm-none-eabi/lib/thumb/v7e-m+fp/hard\libc_nano.a(libc_a-msizer.o)
                0x0800ba74                _malloc_usable_size_r
 *(.glue_7)
 .glue_7        0x0800ba84        0x0 linker stubs
 *(.glue_7t)
 .glue_7t       0x0800ba84        0x0 linker stubs
 *(.eh_frame)
 .eh_frame      0x0800ba84        0x0 C:/ST/STM32CubeIDE_1.15.1/STM32CubeIDE/plugins/com.st.stm32cube.ide.mcu.externaltools.gnu-tools-for-stm32.12.3.rel1.win32_1.0.100.202403111256/tools/bin/../lib/gcc/arm-none-eabi/12.3.1/thumb/v7e-m+fp/hard/crtbegin.o
 *(.init)
 .init          0x0800ba84        0x4 C:/ST/STM32CubeIDE_1.15.1/STM32CubeIDE/plugins/com.st.stm32cube.ide.mcu.externaltools.gnu-tools-for-stm32.12.3.rel1.win32_1.0.100.202403111256/tools/bin/../lib/gcc/arm-none-eabi/12.3.1/thumb/v7e-m+fp/hard/crti.o
                0x0800ba84                _init
 .init          0x0800ba88        0x8 C:/ST/STM32CubeIDE_1.15.1/STM32CubeIDE/plugins/com.st.stm32cube.ide.mcu.externaltools.gnu-tools-for-stm32.12.3.rel1.win32_1.0.100.202403111256/tools/bin/../lib/gcc/arm-none-eabi/12.3.1/thumb/v7e-m+fp/hard/crtn.o
 *(.fini)
 .fini          0x0800ba90        0x4 C:/ST/STM32CubeIDE_1.15.1/STM32CubeIDE/plugins/com.st.stm32cube.ide.mcu.externaltools.gnu-tools-for-stm32.12.3.rel1.win32_1.0.100.202403111256/tools/bin/../lib/gcc/arm-none-eabi/12.3.1/thumb/v7e-m+fp/hard/crti.o
                0x0800ba90                _fini
 .fini          0x0800ba94        0x8 C:/ST/STM32CubeIDE_1.15.1/STM32CubeIDE/plugins/com.st.stm32cube.ide.mcu.externaltools.gnu-tools-for-stm32.12.3.rel1.win32_1.0.100.202403111256/tools/bin/../lib/gcc/arm-none-eabi/12.3.1/thumb/v7e-m+fp/hard/crtn.o
                0x0800ba9c                        . = ALIGN (0x4)
                0x0800ba9c                        _etext = .

.vfp11_veneer   0x0800ba9c        0x0
 .vfp11_veneer  0x0800ba9c        0x0 linker stubs

.v4_bx          0x0800ba9c        0x0
 .v4_bx         0x0800ba9c        0x0 linker stubs

.iplt           0x0800ba9c        0x0
 .iplt          0x0800ba9c        0x0 C:/ST/STM32CubeIDE_1.15.1/STM32CubeIDE/plugins/com.st.stm32cube.ide.mcu.externaltools.gnu-tools-for-stm32.12.3.rel1.win32_1.0.100.202403111256/tools/bin/../lib/gcc/arm-none-eabi/12.3.1/thumb/v7e-m+fp/hard/crtbegin.o

.rodata         0x0800ba9c      0xef0
                0x0800ba9c                        . = ALIGN (0x4)
 *(.rodata)
 .rodata        0x0800ba9c       0x91 ./Core/Src/main.o
 *fill*         0x0800bb2d        0x3 
 .rodata        0x0800bb30        0x1 ./Core/Src/sdsys.o
 *fill*         0x0800bb31        0x3 
 .rodata        0x0800bb34       0x44 ./Middlewares/Third_Party/FatFs/src/ff.o
 *(.rodata*)
 .rodata.dataFont11x18
                0x0800bb78      0xd5c ./Core/Src/font.o
 .rodata.n.1    0x0800c8d4        0x4 ./Core/Src/sdsys.o
 .rodata.AHBPrescTable
                0x0800c8d8       0x10 ./Core/Src/system_stm32f4xx.o
                0x0800c8d8                AHBPrescTable
 .rodata.APBPrescTable
                0x0800c8e8        0x8 ./Core/Src/system_stm32f4xx.o
                0x0800c8e8                APBPrescTable
 .rodata.flagBitshiftOffset.0
                0x0800c8f0        0x8 ./Drivers/STM32F4xx_HAL_Driver/Src/stm32f4xx_hal_dma.o
 .rodata.SD_Driver
                0x0800c8f8       0x14 ./FATFS/Target/sd_diskio.o
                0x0800c8f8                SD_Driver
 .rodata.ExCvt  0x0800c90c       0x80 ./Middlewares/Third_Party/FatFs/src/ff.o
                0x0800c98c                        . = ALIGN (0x4)

.ARM.extab      0x0800c98c        0x0
                0x0800c98c                        . = ALIGN (0x4)
 *(.ARM.extab* .gnu.linkonce.armextab.*)
                0x0800c98c                        . = ALIGN (0x4)

.ARM            0x0800c98c        0x8
                0x0800c98c                        . = ALIGN (0x4)
                0x0800c98c                        __exidx_start = .
 *(.ARM.exidx*)
 .ARM.exidx     0x0800c98c        0x8 C:/ST/STM32CubeIDE_1.15.1/STM32CubeIDE/plugins/com.st.stm32cube.ide.mcu.externaltools.gnu-tools-for-stm32.12.3.rel1.win32_1.0.100.202403111256/tools/bin/../lib/gcc/arm-none-eabi/12.3.1/thumb/v7e-m+fp/hard\libgcc.a(_udivmoddi4.o)
                0x0800c994                        __exidx_end = .
                0x0800c994                        . = ALIGN (0x4)

.preinit_array  0x0800c994        0x0
                0x0800c994                        . = ALIGN (0x4)
                0x0800c994                        PROVIDE (__preinit_array_start = .)
 *(.preinit_array*)
                0x0800c994                        PROVIDE (__preinit_array_end = .)
                0x0800c994                        . = ALIGN (0x4)

.init_array     0x0800c994        0x4
                0x0800c994                        . = ALIGN (0x4)
                0x0800c994                        PROVIDE (__init_array_start = .)
 *(SORT_BY_NAME(.init_array.*))
 *(.init_array*)
 .init_array    0x0800c994        0x4 C:/ST/STM32CubeIDE_1.15.1/STM32CubeIDE/plugins/com.st.stm32cube.ide.mcu.externaltools.gnu-tools-for-stm32.12.3.rel1.win32_1.0.100.202403111256/tools/bin/../lib/gcc/arm-none-eabi/12.3.1/thumb/v7e-m+fp/hard/crtbegin.o
                0x0800c998                        PROVIDE (__init_array_end = .)
                0x0800c998                        . = ALIGN (0x4)

.fini_array     0x0800c998        0x4
                0x0800c998                        . = ALIGN (0x4)
                [!provide]                        PROVIDE (__fini_array_start = .)
 *(SORT_BY_NAME(.fini_array.*))
 *(.fini_array*)
 .fini_array    0x0800c998        0x4 C:/ST/STM32CubeIDE_1.15.1/STM32CubeIDE/plugins/com.st.stm32cube.ide.mcu.externaltools.gnu-tools-for-stm32.12.3.rel1.win32_1.0.100.202403111256/tools/bin/../lib/gcc/arm-none-eabi/12.3.1/thumb/v7e-m+fp/hard/crtbegin.o
                [!provide]                        PROVIDE (__fini_array_end = .)
                0x0800c99c                        . = ALIGN (0x4)
                0x0800c99c                        _sidata = LOADADDR (.data)

.rel.dyn        0x0800c99c        0x0
 .rel.iplt      0x0800c99c        0x0 C:/ST/STM32CubeIDE_1.15.1/STM32CubeIDE/plugins/com.st.stm32cube.ide.mcu.externaltools.gnu-tools-for-stm32.12.3.rel1.win32_1.0.100.202403111256/tools/bin/../lib/gcc/arm-none-eabi/12.3.1/thumb/v7e-m+fp/hard/crtbegin.o

.data           0x20000000       0x68 load address 0x0800c99c
                0x20000000                        . = ALIGN (0x4)
                0x20000000                        _sdata = .
 *(.data)
 *(.data*)
 .data.font     0x20000000        0x8 ./Core/Src/font.o
                0x20000000                font
 .data.flagNewAudioFile.8
                0x20000008        0x1 ./Core/Src/sdsys.o
 .data.flagNewImageFile.5
                0x20000009        0x1 ./Core/Src/sdsys.o
 *fill*         0x2000000a        0x2 
 .data.SystemCoreClock
                0x2000000c        0x4 ./Core/Src/system_stm32f4xx.o
                0x2000000c                SystemCoreClock
 .data.uwTickPrio
                0x20000010        0x4 ./Drivers/STM32F4xx_HAL_Driver/Src/stm32f4xx_hal.o
                0x20000010                uwTickPrio
 .data.uwTickFreq
                0x20000014        0x1 ./Drivers/STM32F4xx_HAL_Driver/Src/stm32f4xx_hal.o
                0x20000014                uwTickFreq
 .data.Stat     0x20000015        0x1 ./FATFS/Target/sd_diskio.o
 *fill*         0x20000016        0x2 
 .data._impure_ptr
                0x20000018        0x4 C:/ST/STM32CubeIDE_1.15.1/STM32CubeIDE/plugins/com.st.stm32cube.ide.mcu.externaltools.gnu-tools-for-stm32.12.3.rel1.win32_1.0.100.202403111256/tools/bin/../lib/gcc/arm-none-eabi/12.3.1/../../../../arm-none-eabi/lib/thumb/v7e-m+fp/hard\libc_nano.a(libc_a-impure.o)
                0x20000018                _impure_ptr
 .data._impure_data
                0x2000001c       0x4c C:/ST/STM32CubeIDE_1.15.1/STM32CubeIDE/plugins/com.st.stm32cube.ide.mcu.externaltools.gnu-tools-for-stm32.12.3.rel1.win32_1.0.100.202403111256/tools/bin/../lib/gcc/arm-none-eabi/12.3.1/../../../../arm-none-eabi/lib/thumb/v7e-m+fp/hard\libc_nano.a(libc_a-impure.o)
                0x2000001c                _impure_data
 *(.RamFunc)
 *(.RamFunc*)
                0x20000068                        . = ALIGN (0x4)
                0x20000068                        _edata = .
                0x0800ca04                        _siccmram = LOADADDR (.ccmram)

.igot.plt       0x20000068        0x0 load address 0x0800ca04
 .igot.plt      0x20000068        0x0 C:/ST/STM32CubeIDE_1.15.1/STM32CubeIDE/plugins/com.st.stm32cube.ide.mcu.externaltools.gnu-tools-for-stm32.12.3.rel1.win32_1.0.100.202403111256/tools/bin/../lib/gcc/arm-none-eabi/12.3.1/thumb/v7e-m+fp/hard/crtbegin.o

.ccmram         0x10000000        0x0 load address 0x0800ca04
                0x10000000                        . = ALIGN (0x4)
                0x10000000                        _sccmram = .
 *(.ccmram)
 *(.ccmram*)
                0x10000000                        . = ALIGN (0x4)
                0x10000000                        _eccmram = .
                0x10000000                        . = ALIGN (0x4)

.bss            0x20000068      0x69c
                0x20000068                        _sbss = .
                0x20000068                        __bss_start__ = _sbss
 *(.bss)
 .bss           0x20000068       0x1c C:/ST/STM32CubeIDE_1.15.1/STM32CubeIDE/plugins/com.st.stm32cube.ide.mcu.externaltools.gnu-tools-for-stm32.12.3.rel1.win32_1.0.100.202403111256/tools/bin/../lib/gcc/arm-none-eabi/12.3.1/thumb/v7e-m+fp/hard/crtbegin.o
 *(.bss*)
 .bss.buffer    0x20000084        0x4 ./Core/Src/audio.o
 .bss.hdac      0x20000088       0x14 ./Core/Src/main.o
                0x20000088                hdac
 .bss.hdma_dac1
                0x2000009c       0x60 ./Core/Src/main.o
                0x2000009c                hdma_dac1
 .bss.hsd       0x200000fc       0x84 ./Core/Src/main.o
                0x200000fc                hsd
 .bss.hspi1     0x20000180       0x58 ./Core/Src/main.o
                0x20000180                hspi1
 .bss.hdma_spi1_tx
                0x200001d8       0x60 ./Core/Src/main.o
                0x200001d8                hdma_spi1_tx
 .bss.hdma_spi1_rx
                0x20000238       0x60 ./Core/Src/main.o
                0x20000238                hdma_spi1_rx
 .bss.htim2     0x20000298       0x48 ./Core/Src/main.o
                0x20000298                htim2
 .bss.huart1    0x200002e0       0x48 ./Core/Src/main.o
                0x200002e0                huart1
 .bss.flagDmaSpiTx
                0x20000328        0x1 ./Core/Src/main.o
                0x20000328                flagDmaSpiTx
 .bss.flagDmaSpiRx
                0x20000329        0x1 ./Core/Src/main.o
                0x20000329                flagDmaSpiRx
 .bss.flagDmaDAC
                0x2000032a        0x1 ./Core/Src/main.o
                0x2000032a                flagDmaDAC
 *fill*         0x2000032b        0x1 
 .bss.fs        0x2000032c      0x230 ./Core/Src/sdsys.o
 .bss.currentPosition.9
                0x2000055c        0x4 ./Core/Src/sdsys.o
 .bss.currentFrame.7
                0x20000560        0x2 ./Core/Src/sdsys.o
 *fill*         0x20000562        0x2 
 .bss.fileSize.6
                0x20000564        0x4 ./Core/Src/sdsys.o
 .bss.currentPosition.4
                0x20000568        0x4 ./Core/Src/sdsys.o
 .bss.currentFrame.3
                0x2000056c        0x2 ./Core/Src/sdsys.o
 *fill*         0x2000056e        0x2 
 .bss.fileSize.2
                0x20000570        0x4 ./Core/Src/sdsys.o
 .bss.nrFrames.0
                0x20000574        0x4 ./Core/Src/sdsys.o
 .bss.__sbrk_heap_end
                0x20000578        0x4 ./Core/Src/sysmem.o
 .bss.uwTick    0x2000057c        0x4 ./Drivers/STM32F4xx_HAL_Driver/Src/stm32f4xx_hal.o
                0x2000057c                uwTick
 .bss.retSD     0x20000580        0x1 ./FATFS/App/fatfs.o
                0x20000580                retSD
 *fill*         0x20000581        0x3 
 .bss.SDPath    0x20000584        0x4 ./FATFS/App/fatfs.o
                0x20000584                SDPath
 .bss.FatFs     0x20000588        0x4 ./Middlewares/Third_Party/FatFs/src/ff.o
 .bss.Fsid      0x2000058c        0x2 ./Middlewares/Third_Party/FatFs/src/ff.o
 *fill*         0x2000058e        0x2 
 .bss.Files     0x20000590       0x20 ./Middlewares/Third_Party/FatFs/src/ff.o
 .bss.disk      0x200005b0        0xc ./Middlewares/Third_Party/FatFs/src/ff_gen_drv.o
                0x200005b0                disk
 .bss.__malloc_sbrk_start
                0x200005bc        0x4 C:/ST/STM32CubeIDE_1.15.1/STM32CubeIDE/plugins/com.st.stm32cube.ide.mcu.externaltools.gnu-tools-for-stm32.12.3.rel1.win32_1.0.100.202403111256/tools/bin/../lib/gcc/arm-none-eabi/12.3.1/../../../../arm-none-eabi/lib/thumb/v7e-m+fp/hard\libc_nano.a(libc_a-mallocr.o)
                0x200005bc                __malloc_sbrk_start
 .bss.__malloc_free_list
                0x200005c0        0x4 C:/ST/STM32CubeIDE_1.15.1/STM32CubeIDE/plugins/com.st.stm32cube.ide.mcu.externaltools.gnu-tools-for-stm32.12.3.rel1.win32_1.0.100.202403111256/tools/bin/../lib/gcc/arm-none-eabi/12.3.1/../../../../arm-none-eabi/lib/thumb/v7e-m+fp/hard\libc_nano.a(libc_a-mallocr.o)
                0x200005c0                __malloc_free_list
 .bss.__sf      0x200005c4      0x138 C:/ST/STM32CubeIDE_1.15.1/STM32CubeIDE/plugins/com.st.stm32cube.ide.mcu.externaltools.gnu-tools-for-stm32.12.3.rel1.win32_1.0.100.202403111256/tools/bin/../lib/gcc/arm-none-eabi/12.3.1/../../../../arm-none-eabi/lib/thumb/v7e-m+fp/hard\libc_nano.a(libc_a-findfp.o)
                0x200005c4                __sf
 .bss.errno     0x200006fc        0x4 C:/ST/STM32CubeIDE_1.15.1/STM32CubeIDE/plugins/com.st.stm32cube.ide.mcu.externaltools.gnu-tools-for-stm32.12.3.rel1.win32_1.0.100.202403111256/tools/bin/../lib/gcc/arm-none-eabi/12.3.1/../../../../arm-none-eabi/lib/thumb/v7e-m+fp/hard\libc_nano.a(libc_a-reent.o)
                0x200006fc                errno
 .bss.__lock___malloc_recursive_mutex
                0x20000700        0x1 C:/ST/STM32CubeIDE_1.15.1/STM32CubeIDE/plugins/com.st.stm32cube.ide.mcu.externaltools.gnu-tools-for-stm32.12.3.rel1.win32_1.0.100.202403111256/tools/bin/../lib/gcc/arm-none-eabi/12.3.1/../../../../arm-none-eabi/lib/thumb/v7e-m+fp/hard\libc_nano.a(libc_a-lock.o)
                0x20000700                __lock___malloc_recursive_mutex
 *(COMMON)
                0x20000704                        . = ALIGN (0x4)
 *fill*         0x20000701        0x3 
                0x20000704                        _ebss = .
                0x20000704                        __bss_end__ = _ebss

._user_heap_stack
                0x20000704      0x604
                0x20000708                        . = ALIGN (0x8)
 *fill*         0x20000704        0x4 
                [!provide]                        PROVIDE (end = .)
                0x20000708                        PROVIDE (_end = .)
                0x20000908                        . = (. + _Min_Heap_Size)
 *fill*         0x20000708      0x200 
                0x20000d08                        . = (. + _Min_Stack_Size)
 *fill*         0x20000908      0x400 
                0x20000d08                        . = ALIGN (0x8)

/DISCARD/
 libc.a(*)
 libm.a(*)
 libgcc.a(*)

.ARM.attributes
                0x00000000       0x30
 *(.ARM.attributes)
 .ARM.attributes
                0x00000000       0x22 C:/ST/STM32CubeIDE_1.15.1/STM32CubeIDE/plugins/com.st.stm32cube.ide.mcu.externaltools.gnu-tools-for-stm32.12.3.rel1.win32_1.0.100.202403111256/tools/bin/../lib/gcc/arm-none-eabi/12.3.1/thumb/v7e-m+fp/hard/crti.o
 .ARM.attributes
                0x00000022       0x34 C:/ST/STM32CubeIDE_1.15.1/STM32CubeIDE/plugins/com.st.stm32cube.ide.mcu.externaltools.gnu-tools-for-stm32.12.3.rel1.win32_1.0.100.202403111256/tools/bin/../lib/gcc/arm-none-eabi/12.3.1/thumb/v7e-m+fp/hard/crtbegin.o
 .ARM.attributes
                0x00000056       0x34 ./Core/Src/audio.o
 .ARM.attributes
                0x0000008a       0x34 ./Core/Src/font.o
 .ARM.attributes
                0x000000be       0x34 ./Core/Src/graphics.o
 .ARM.attributes
                0x000000f2       0x34 ./Core/Src/lcd.o
 .ARM.attributes
                0x00000126       0x34 ./Core/Src/main.o
 .ARM.attributes
                0x0000015a       0x34 ./Core/Src/sdsys.o
 .ARM.attributes
                0x0000018e       0x34 ./Core/Src/stm32f4xx_hal_msp.o
 .ARM.attributes
                0x000001c2       0x34 ./Core/Src/stm32f4xx_it.o
 .ARM.attributes
                0x000001f6       0x34 ./Core/Src/sysmem.o
 .ARM.attributes
                0x0000022a       0x34 ./Core/Src/system_stm32f4xx.o
 .ARM.attributes
                0x0000025e       0x21 ./Core/Startup/startup_stm32f407vetx.o
 .ARM.attributes
                0x0000027f       0x34 ./Drivers/STM32F4xx_HAL_Driver/Src/stm32f4xx_hal.o
 .ARM.attributes
                0x000002b3       0x34 ./Drivers/STM32F4xx_HAL_Driver/Src/stm32f4xx_hal_cortex.o
 .ARM.attributes
                0x000002e7       0x34 ./Drivers/STM32F4xx_HAL_Driver/Src/stm32f4xx_hal_dac.o
 .ARM.attributes
                0x0000031b       0x34 ./Drivers/STM32F4xx_HAL_Driver/Src/stm32f4xx_hal_dac_ex.o
 .ARM.attributes
                0x0000034f       0x34 ./Drivers/STM32F4xx_HAL_Driver/Src/stm32f4xx_hal_dma.o
 .ARM.attributes
                0x00000383       0x34 ./Drivers/STM32F4xx_HAL_Driver/Src/stm32f4xx_hal_gpio.o
 .ARM.attributes
                0x000003b7       0x34 ./Drivers/STM32F4xx_HAL_Driver/Src/stm32f4xx_hal_rcc.o
 .ARM.attributes
                0x000003eb       0x34 ./Drivers/STM32F4xx_HAL_Driver/Src/stm32f4xx_hal_sd.o
 .ARM.attributes
                0x0000041f       0x34 ./Drivers/STM32F4xx_HAL_Driver/Src/stm32f4xx_hal_spi.o
 .ARM.attributes
                0x00000453       0x34 ./Drivers/STM32F4xx_HAL_Driver/Src/stm32f4xx_hal_tim.o
 .ARM.attributes
                0x00000487       0x34 ./Drivers/STM32F4xx_HAL_Driver/Src/stm32f4xx_hal_tim_ex.o
 .ARM.attributes
                0x000004bb       0x34 ./Drivers/STM32F4xx_HAL_Driver/Src/stm32f4xx_hal_uart.o
 .ARM.attributes
                0x000004ef       0x34 ./Drivers/STM32F4xx_HAL_Driver/Src/stm32f4xx_ll_sdmmc.o
 .ARM.attributes
                0x00000523       0x34 ./FATFS/App/fatfs.o
 .ARM.attributes
                0x00000557       0x34 ./FATFS/Target/bsp_driver_sd.o
 .ARM.attributes
                0x0000058b       0x34 ./FATFS/Target/sd_diskio.o
 .ARM.attributes
                0x000005bf       0x34 ./Middlewares/Third_Party/FatFs/src/diskio.o
 .ARM.attributes
                0x000005f3       0x34 ./Middlewares/Third_Party/FatFs/src/ff.o
 .ARM.attributes
                0x00000627       0x34 ./Middlewares/Third_Party/FatFs/src/ff_gen_drv.o
 .ARM.attributes
                0x0000065b       0x34 C:/ST/STM32CubeIDE_1.15.1/STM32CubeIDE/plugins/com.st.stm32cube.ide.mcu.externaltools.gnu-tools-for-stm32.12.3.rel1.win32_1.0.100.202403111256/tools/bin/../lib/gcc/arm-none-eabi/12.3.1/../../../../arm-none-eabi/lib/thumb/v7e-m+fp/hard\libc_nano.a(libc_a-malloc.o)
 .ARM.attributes
                0x0000068f       0x34 C:/ST/STM32CubeIDE_1.15.1/STM32CubeIDE/plugins/com.st.stm32cube.ide.mcu.externaltools.gnu-tools-for-stm32.12.3.rel1.win32_1.0.100.202403111256/tools/bin/../lib/gcc/arm-none-eabi/12.3.1/../../../../arm-none-eabi/lib/thumb/v7e-m+fp/hard\libc_nano.a(libc_a-mallocr.o)
 .ARM.attributes
                0x000006c3       0x34 C:/ST/STM32CubeIDE_1.15.1/STM32CubeIDE/plugins/com.st.stm32cube.ide.mcu.externaltools.gnu-tools-for-stm32.12.3.rel1.win32_1.0.100.202403111256/tools/bin/../lib/gcc/arm-none-eabi/12.3.1/../../../../arm-none-eabi/lib/thumb/v7e-m+fp/hard\libc_nano.a(libc_a-mlock.o)
 .ARM.attributes
                0x000006f7       0x34 C:/ST/STM32CubeIDE_1.15.1/STM32CubeIDE/plugins/com.st.stm32cube.ide.mcu.externaltools.gnu-tools-for-stm32.12.3.rel1.win32_1.0.100.202403111256/tools/bin/../lib/gcc/arm-none-eabi/12.3.1/../../../../arm-none-eabi/lib/thumb/v7e-m+fp/hard\libc_nano.a(libc_a-realloc.o)
 .ARM.attributes
                0x0000072b       0x34 C:/ST/STM32CubeIDE_1.15.1/STM32CubeIDE/plugins/com.st.stm32cube.ide.mcu.externaltools.gnu-tools-for-stm32.12.3.rel1.win32_1.0.100.202403111256/tools/bin/../lib/gcc/arm-none-eabi/12.3.1/../../../../arm-none-eabi/lib/thumb/v7e-m+fp/hard\libc_nano.a(libc_a-reallocr.o)
 .ARM.attributes
                0x0000075f       0x34 C:/ST/STM32CubeIDE_1.15.1/STM32CubeIDE/plugins/com.st.stm32cube.ide.mcu.externaltools.gnu-tools-for-stm32.12.3.rel1.win32_1.0.100.202403111256/tools/bin/../lib/gcc/arm-none-eabi/12.3.1/../../../../arm-none-eabi/lib/thumb/v7e-m+fp/hard\libc_nano.a(libc_a-findfp.o)
 .ARM.attributes
                0x00000793       0x34 C:/ST/STM32CubeIDE_1.15.1/STM32CubeIDE/plugins/com.st.stm32cube.ide.mcu.externaltools.gnu-tools-for-stm32.12.3.rel1.win32_1.0.100.202403111256/tools/bin/../lib/gcc/arm-none-eabi/12.3.1/../../../../arm-none-eabi/lib/thumb/v7e-m+fp/hard\libc_nano.a(libc_a-memset.o)
 .ARM.attributes
                0x000007c7       0x34 C:/ST/STM32CubeIDE_1.15.1/STM32CubeIDE/plugins/com.st.stm32cube.ide.mcu.externaltools.gnu-tools-for-stm32.12.3.rel1.win32_1.0.100.202403111256/tools/bin/../lib/gcc/arm-none-eabi/12.3.1/../../../../arm-none-eabi/lib/thumb/v7e-m+fp/hard\libc_nano.a(libc_a-reent.o)
 .ARM.attributes
                0x000007fb       0x34 C:/ST/STM32CubeIDE_1.15.1/STM32CubeIDE/plugins/com.st.stm32cube.ide.mcu.externaltools.gnu-tools-for-stm32.12.3.rel1.win32_1.0.100.202403111256/tools/bin/../lib/gcc/arm-none-eabi/12.3.1/../../../../arm-none-eabi/lib/thumb/v7e-m+fp/hard\libc_nano.a(libc_a-impure.o)
 .ARM.attributes
                0x0000082f       0x34 C:/ST/STM32CubeIDE_1.15.1/STM32CubeIDE/plugins/com.st.stm32cube.ide.mcu.externaltools.gnu-tools-for-stm32.12.3.rel1.win32_1.0.100.202403111256/tools/bin/../lib/gcc/arm-none-eabi/12.3.1/../../../../arm-none-eabi/lib/thumb/v7e-m+fp/hard\libc_nano.a(libc_a-sbrkr.o)
 .ARM.attributes
                0x00000863       0x34 C:/ST/STM32CubeIDE_1.15.1/STM32CubeIDE/plugins/com.st.stm32cube.ide.mcu.externaltools.gnu-tools-for-stm32.12.3.rel1.win32_1.0.100.202403111256/tools/bin/../lib/gcc/arm-none-eabi/12.3.1/../../../../arm-none-eabi/lib/thumb/v7e-m+fp/hard\libc_nano.a(libc_a-errno.o)
 .ARM.attributes
                0x00000897       0x34 C:/ST/STM32CubeIDE_1.15.1/STM32CubeIDE/plugins/com.st.stm32cube.ide.mcu.externaltools.gnu-tools-for-stm32.12.3.rel1.win32_1.0.100.202403111256/tools/bin/../lib/gcc/arm-none-eabi/12.3.1/../../../../arm-none-eabi/lib/thumb/v7e-m+fp/hard\libc_nano.a(libc_a-init.o)
 .ARM.attributes
                0x000008cb       0x34 C:/ST/STM32CubeIDE_1.15.1/STM32CubeIDE/plugins/com.st.stm32cube.ide.mcu.externaltools.gnu-tools-for-stm32.12.3.rel1.win32_1.0.100.202403111256/tools/bin/../lib/gcc/arm-none-eabi/12.3.1/../../../../arm-none-eabi/lib/thumb/v7e-m+fp/hard\libc_nano.a(libc_a-lock.o)
 .ARM.attributes
                0x000008ff       0x34 C:/ST/STM32CubeIDE_1.15.1/STM32CubeIDE/plugins/com.st.stm32cube.ide.mcu.externaltools.gnu-tools-for-stm32.12.3.rel1.win32_1.0.100.202403111256/tools/bin/../lib/gcc/arm-none-eabi/12.3.1/../../../../arm-none-eabi/lib/thumb/v7e-m+fp/hard\libc_nano.a(libc_a-memcpy-stub.o)
 .ARM.attributes
                0x00000933       0x34 C:/ST/STM32CubeIDE_1.15.1/STM32CubeIDE/plugins/com.st.stm32cube.ide.mcu.externaltools.gnu-tools-for-stm32.12.3.rel1.win32_1.0.100.202403111256/tools/bin/../lib/gcc/arm-none-eabi/12.3.1/../../../../arm-none-eabi/lib/thumb/v7e-m+fp/hard\libc_nano.a(libc_a-freer.o)
 .ARM.attributes
                0x00000967       0x34 C:/ST/STM32CubeIDE_1.15.1/STM32CubeIDE/plugins/com.st.stm32cube.ide.mcu.externaltools.gnu-tools-for-stm32.12.3.rel1.win32_1.0.100.202403111256/tools/bin/../lib/gcc/arm-none-eabi/12.3.1/../../../../arm-none-eabi/lib/thumb/v7e-m+fp/hard\libc_nano.a(libc_a-msizer.o)
 .ARM.attributes
                0x0000099b       0x22 C:/ST/STM32CubeIDE_1.15.1/STM32CubeIDE/plugins/com.st.stm32cube.ide.mcu.externaltools.gnu-tools-for-stm32.12.3.rel1.win32_1.0.100.202403111256/tools/bin/../lib/gcc/arm-none-eabi/12.3.1/thumb/v7e-m+fp/hard\libgcc.a(_aeabi_uldivmod.o)
 .ARM.attributes
                0x000009bd       0x34 C:/ST/STM32CubeIDE_1.15.1/STM32CubeIDE/plugins/com.st.stm32cube.ide.mcu.externaltools.gnu-tools-for-stm32.12.3.rel1.win32_1.0.100.202403111256/tools/bin/../lib/gcc/arm-none-eabi/12.3.1/thumb/v7e-m+fp/hard\libgcc.a(_udivmoddi4.o)
 .ARM.attributes
                0x000009f1       0x22 C:/ST/STM32CubeIDE_1.15.1/STM32CubeIDE/plugins/com.st.stm32cube.ide.mcu.externaltools.gnu-tools-for-stm32.12.3.rel1.win32_1.0.100.202403111256/tools/bin/../lib/gcc/arm-none-eabi/12.3.1/thumb/v7e-m+fp/hard\libgcc.a(_dvmd_tls.o)
 .ARM.attributes
                0x00000a13       0x22 C:/ST/STM32CubeIDE_1.15.1/STM32CubeIDE/plugins/com.st.stm32cube.ide.mcu.externaltools.gnu-tools-for-stm32.12.3.rel1.win32_1.0.100.202403111256/tools/bin/../lib/gcc/arm-none-eabi/12.3.1/thumb/v7e-m+fp/hard/crtn.o
OUTPUT(ProcessAV.elf elf32-littlearm)
LOAD linker stubs
LOAD C:/ST/STM32CubeIDE_1.15.1/STM32CubeIDE/plugins/com.st.stm32cube.ide.mcu.externaltools.gnu-tools-for-stm32.12.3.rel1.win32_1.0.100.202403111256/tools/bin/../lib/gcc/arm-none-eabi/12.3.1/../../../../arm-none-eabi/lib/thumb/v7e-m+fp/hard\libc.a
LOAD C:/ST/STM32CubeIDE_1.15.1/STM32CubeIDE/plugins/com.st.stm32cube.ide.mcu.externaltools.gnu-tools-for-stm32.12.3.rel1.win32_1.0.100.202403111256/tools/bin/../lib/gcc/arm-none-eabi/12.3.1/../../../../arm-none-eabi/lib/thumb/v7e-m+fp/hard\libm.a
LOAD C:/ST/STM32CubeIDE_1.15.1/STM32CubeIDE/plugins/com.st.stm32cube.ide.mcu.externaltools.gnu-tools-for-stm32.12.3.rel1.win32_1.0.100.202403111256/tools/bin/../lib/gcc/arm-none-eabi/12.3.1/thumb/v7e-m+fp/hard\libgcc.a

.debug_info     0x00000000    0x19ec7
 .debug_info    0x00000000      0x56c ./Core/Src/audio.o
 .debug_info    0x0000056c      0x10c ./Core/Src/font.o
 .debug_info    0x00000678      0xecd ./Core/Src/graphics.o
 .debug_info    0x00001545      0xc58 ./Core/Src/lcd.o
 .debug_info    0x0000219d     0x1fc9 ./Core/Src/main.o
 .debug_info    0x00004166      0x97f ./Core/Src/sdsys.o
 .debug_info    0x00004ae5     0x18df ./Core/Src/stm32f4xx_hal_msp.o
 .debug_info    0x000063c4      0x69c ./Core/Src/stm32f4xx_it.o
 .debug_info    0x00006a60      0x168 ./Core/Src/sysmem.o
 .debug_info    0x00006bc8      0x512 ./Core/Src/system_stm32f4xx.o
 .debug_info    0x000070da       0x30 ./Core/Startup/startup_stm32f407vetx.o
 .debug_info    0x0000710a      0x944 ./Drivers/STM32F4xx_HAL_Driver/Src/stm32f4xx_hal.o
 .debug_info    0x00007a4e      0xd8c ./Drivers/STM32F4xx_HAL_Driver/Src/stm32f4xx_hal_cortex.o
 .debug_info    0x000087da      0xa01 ./Drivers/STM32F4xx_HAL_Driver/Src/stm32f4xx_hal_dac.o
 .debug_info    0x000091db      0x750 ./Drivers/STM32F4xx_HAL_Driver/Src/stm32f4xx_hal_dac_ex.o
 .debug_info    0x0000992b      0x8e7 ./Drivers/STM32F4xx_HAL_Driver/Src/stm32f4xx_hal_dma.o
 .debug_info    0x0000a212      0x6c3 ./Drivers/STM32F4xx_HAL_Driver/Src/stm32f4xx_hal_gpio.o
 .debug_info    0x0000a8d5      0x8af ./Drivers/STM32F4xx_HAL_Driver/Src/stm32f4xx_hal_rcc.o
 .debug_info    0x0000b184     0x1c0a ./Drivers/STM32F4xx_HAL_Driver/Src/stm32f4xx_hal_sd.o
 .debug_info    0x0000cd8e     0x1525 ./Drivers/STM32F4xx_HAL_Driver/Src/stm32f4xx_hal_spi.o
 .debug_info    0x0000e2b3     0x299d ./Drivers/STM32F4xx_HAL_Driver/Src/stm32f4xx_hal_tim.o
 .debug_info    0x00010c50     0x14db ./Drivers/STM32F4xx_HAL_Driver/Src/stm32f4xx_hal_tim_ex.o
 .debug_info    0x0001212b     0x2f4f ./Drivers/STM32F4xx_HAL_Driver/Src/stm32f4xx_hal_uart.o
 .debug_info    0x0001507a     0x10c4 ./Drivers/STM32F4xx_HAL_Driver/Src/stm32f4xx_ll_sdmmc.o
 .debug_info    0x0001613e      0x4d9 ./FATFS/App/fatfs.o
 .debug_info    0x00016617      0xabd ./FATFS/Target/bsp_driver_sd.o
 .debug_info    0x000170d4      0x4b8 ./FATFS/Target/sd_diskio.o
 .debug_info    0x0001758c      0x3df ./Middlewares/Third_Party/FatFs/src/diskio.o
 .debug_info    0x0001796b     0x21dd ./Middlewares/Third_Party/FatFs/src/ff.o
 .debug_info    0x00019b48      0x37f ./Middlewares/Third_Party/FatFs/src/ff_gen_drv.o

.debug_abbrev   0x00000000     0x3d5b
 .debug_abbrev  0x00000000      0x195 ./Core/Src/audio.o
 .debug_abbrev  0x00000195       0xaf ./Core/Src/font.o
 .debug_abbrev  0x00000244      0x2b0 ./Core/Src/graphics.o
 .debug_abbrev  0x000004f4      0x27f ./Core/Src/lcd.o
 .debug_abbrev  0x00000773      0x388 ./Core/Src/main.o
 .debug_abbrev  0x00000afb      0x260 ./Core/Src/sdsys.o
 .debug_abbrev  0x00000d5b      0x28e ./Core/Src/stm32f4xx_hal_msp.o
 .debug_abbrev  0x00000fe9      0x176 ./Core/Src/stm32f4xx_it.o
 .debug_abbrev  0x0000115f       0xbc ./Core/Src/sysmem.o
 .debug_abbrev  0x0000121b      0x11a ./Core/Src/system_stm32f4xx.o
 .debug_abbrev  0x00001335       0x24 ./Core/Startup/startup_stm32f407vetx.o
 .debug_abbrev  0x00001359      0x214 ./Drivers/STM32F4xx_HAL_Driver/Src/stm32f4xx_hal.o
 .debug_abbrev  0x0000156d      0x31d ./Drivers/STM32F4xx_HAL_Driver/Src/stm32f4xx_hal_cortex.o
 .debug_abbrev  0x0000188a      0x1fa ./Drivers/STM32F4xx_HAL_Driver/Src/stm32f4xx_hal_dac.o
 .debug_abbrev  0x00001a84      0x1ef ./Drivers/STM32F4xx_HAL_Driver/Src/stm32f4xx_hal_dac_ex.o
 .debug_abbrev  0x00001c73      0x264 ./Drivers/STM32F4xx_HAL_Driver/Src/stm32f4xx_hal_dma.o
 .debug_abbrev  0x00001ed7      0x1d4 ./Drivers/STM32F4xx_HAL_Driver/Src/stm32f4xx_hal_gpio.o
 .debug_abbrev  0x000020ab      0x2b7 ./Drivers/STM32F4xx_HAL_Driver/Src/stm32f4xx_hal_rcc.o
 .debug_abbrev  0x00002362      0x297 ./Drivers/STM32F4xx_HAL_Driver/Src/stm32f4xx_hal_sd.o
 .debug_abbrev  0x000025f9      0x27a ./Drivers/STM32F4xx_HAL_Driver/Src/stm32f4xx_hal_spi.o
 .debug_abbrev  0x00002873      0x278 ./Drivers/STM32F4xx_HAL_Driver/Src/stm32f4xx_hal_tim.o
 .debug_abbrev  0x00002aeb      0x283 ./Drivers/STM32F4xx_HAL_Driver/Src/stm32f4xx_hal_tim_ex.o
 .debug_abbrev  0x00002d6e      0x30e ./Drivers/STM32F4xx_HAL_Driver/Src/stm32f4xx_hal_uart.o
 .debug_abbrev  0x0000307c      0x1d6 ./Drivers/STM32F4xx_HAL_Driver/Src/stm32f4xx_ll_sdmmc.o
 .debug_abbrev  0x00003252      0x160 ./FATFS/App/fatfs.o
 .debug_abbrev  0x000033b2      0x276 ./FATFS/Target/bsp_driver_sd.o
 .debug_abbrev  0x00003628      0x191 ./FATFS/Target/sd_diskio.o
 .debug_abbrev  0x000037b9      0x181 ./Middlewares/Third_Party/FatFs/src/diskio.o
 .debug_abbrev  0x0000393a      0x282 ./Middlewares/Third_Party/FatFs/src/ff.o
 .debug_abbrev  0x00003bbc      0x19f ./Middlewares/Third_Party/FatFs/src/ff_gen_drv.o

.debug_aranges  0x00000000     0x17a8
 .debug_aranges
                0x00000000       0x20 ./Core/Src/audio.o
 .debug_aranges
                0x00000020       0x18 ./Core/Src/font.o
 .debug_aranges
                0x00000038       0x80 ./Core/Src/graphics.o
 .debug_aranges
                0x000000b8       0x50 ./Core/Src/lcd.o
 .debug_aranges
                0x00000108       0x80 ./Core/Src/main.o
 .debug_aranges
                0x00000188       0x50 ./Core/Src/sdsys.o
 .debug_aranges
                0x000001d8       0x70 ./Core/Src/stm32f4xx_hal_msp.o
 .debug_aranges
                0x00000248       0x80 ./Core/Src/stm32f4xx_it.o
 .debug_aranges
                0x000002c8       0x20 ./Core/Src/sysmem.o
 .debug_aranges
                0x000002e8       0x28 ./Core/Src/system_stm32f4xx.o
 .debug_aranges
                0x00000310       0x28 ./Core/Startup/startup_stm32f407vetx.o
 .debug_aranges
                0x00000338       0xf0 ./Drivers/STM32F4xx_HAL_Driver/Src/stm32f4xx_hal.o
 .debug_aranges
                0x00000428      0x130 ./Drivers/STM32F4xx_HAL_Driver/Src/stm32f4xx_hal_cortex.o
 .debug_aranges
                0x00000558       0xc0 ./Drivers/STM32F4xx_HAL_Driver/Src/stm32f4xx_hal_dac.o
 .debug_aranges
                0x00000618       0x80 ./Drivers/STM32F4xx_HAL_Driver/Src/stm32f4xx_hal_dac_ex.o
 .debug_aranges
                0x00000698       0x90 ./Drivers/STM32F4xx_HAL_Driver/Src/stm32f4xx_hal_dma.o
 .debug_aranges
                0x00000728       0x58 ./Drivers/STM32F4xx_HAL_Driver/Src/stm32f4xx_hal_gpio.o
 .debug_aranges
                0x00000780       0x88 ./Drivers/STM32F4xx_HAL_Driver/Src/stm32f4xx_hal_rcc.o
 .debug_aranges
                0x00000808      0x168 ./Drivers/STM32F4xx_HAL_Driver/Src/stm32f4xx_hal_sd.o
 .debug_aranges
                0x00000970      0x1d0 ./Drivers/STM32F4xx_HAL_Driver/Src/stm32f4xx_hal_spi.o
 .debug_aranges
                0x00000b40      0x3d0 ./Drivers/STM32F4xx_HAL_Driver/Src/stm32f4xx_hal_tim.o
 .debug_aranges
                0x00000f10      0x168 ./Drivers/STM32F4xx_HAL_Driver/Src/stm32f4xx_hal_tim_ex.o
 .debug_aranges
                0x00001078      0x208 ./Drivers/STM32F4xx_HAL_Driver/Src/stm32f4xx_hal_uart.o
 .debug_aranges
                0x00001280      0x188 ./Drivers/STM32F4xx_HAL_Driver/Src/stm32f4xx_ll_sdmmc.o
 .debug_aranges
                0x00001408       0x28 ./FATFS/App/fatfs.o
 .debug_aranges
                0x00001430       0xa0 ./FATFS/Target/bsp_driver_sd.o
 .debug_aranges
                0x000014d0       0x48 ./FATFS/Target/sd_diskio.o
 .debug_aranges
                0x00001518       0x48 ./Middlewares/Third_Party/FatFs/src/diskio.o
 .debug_aranges
                0x00001560      0x208 ./Middlewares/Third_Party/FatFs/src/ff.o
 .debug_aranges
                0x00001768       0x40 ./Middlewares/Third_Party/FatFs/src/ff_gen_drv.o

.debug_rnglists
                0x00000000     0x123f
 .debug_rnglists
                0x00000000       0x14 ./Core/Src/audio.o
 .debug_rnglists
                0x00000014       0x64 ./Core/Src/graphics.o
 .debug_rnglists
                0x00000078       0x3c ./Core/Src/lcd.o
 .debug_rnglists
                0x000000b4       0x5f ./Core/Src/main.o
 .debug_rnglists
                0x00000113       0x3b ./Core/Src/sdsys.o
 .debug_rnglists
                0x0000014e       0x53 ./Core/Src/stm32f4xx_hal_msp.o
 .debug_rnglists
                0x000001a1       0x5b ./Core/Src/stm32f4xx_it.o
 .debug_rnglists
                0x000001fc       0x13 ./Core/Src/sysmem.o
 .debug_rnglists
                0x0000020f       0x1a ./Core/Src/system_stm32f4xx.o
 .debug_rnglists
                0x00000229       0x19 ./Core/Startup/startup_stm32f407vetx.o
 .debug_rnglists
                0x00000242       0xaf ./Drivers/STM32F4xx_HAL_Driver/Src/stm32f4xx_hal.o
 .debug_rnglists
                0x000002f1       0xe0 ./Drivers/STM32F4xx_HAL_Driver/Src/stm32f4xx_hal_cortex.o
 .debug_rnglists
                0x000003d1       0x90 ./Drivers/STM32F4xx_HAL_Driver/Src/stm32f4xx_hal_dac.o
 .debug_rnglists
                0x00000461       0x5c ./Drivers/STM32F4xx_HAL_Driver/Src/stm32f4xx_hal_dac_ex.o
 .debug_rnglists
                0x000004bd       0x70 ./Drivers/STM32F4xx_HAL_Driver/Src/stm32f4xx_hal_dma.o
 .debug_rnglists
                0x0000052d       0x3f ./Drivers/STM32F4xx_HAL_Driver/Src/stm32f4xx_hal_gpio.o
 .debug_rnglists
                0x0000056c       0x66 ./Drivers/STM32F4xx_HAL_Driver/Src/stm32f4xx_hal_rcc.o
 .debug_rnglists
                0x000005d2      0x121 ./Drivers/STM32F4xx_HAL_Driver/Src/stm32f4xx_hal_sd.o
 .debug_rnglists
                0x000006f3      0x16f ./Drivers/STM32F4xx_HAL_Driver/Src/stm32f4xx_hal_spi.o
 .debug_rnglists
                0x00000862      0x31a ./Drivers/STM32F4xx_HAL_Driver/Src/stm32f4xx_hal_tim.o
 .debug_rnglists
                0x00000b7c      0x125 ./Drivers/STM32F4xx_HAL_Driver/Src/stm32f4xx_hal_tim_ex.o
 .debug_rnglists
                0x00000ca1      0x1bc ./Drivers/STM32F4xx_HAL_Driver/Src/stm32f4xx_hal_uart.o
 .debug_rnglists
                0x00000e5d      0x125 ./Drivers/STM32F4xx_HAL_Driver/Src/stm32f4xx_ll_sdmmc.o
 .debug_rnglists
                0x00000f82       0x19 ./FATFS/App/fatfs.o
 .debug_rnglists
                0x00000f9b       0x73 ./FATFS/Target/bsp_driver_sd.o
 .debug_rnglists
                0x0000100e       0x32 ./FATFS/Target/sd_diskio.o
 .debug_rnglists
                0x00001040       0x31 ./Middlewares/Third_Party/FatFs/src/diskio.o
 .debug_rnglists
                0x00001071      0x1a2 ./Middlewares/Third_Party/FatFs/src/ff.o
 .debug_rnglists
                0x00001213       0x2c ./Middlewares/Third_Party/FatFs/src/ff_gen_drv.o

.debug_macro    0x00000000    0x25b3b
 .debug_macro   0x00000000      0x3f8 ./Core/Src/audio.o
 .debug_macro   0x000003f8      0xab4 ./Core/Src/audio.o
 .debug_macro   0x00000eac      0x2ad ./Core/Src/audio.o
 .debug_macro   0x00001159       0x2e ./Core/Src/audio.o
 .debug_macro   0x00001187       0x2f ./Core/Src/audio.o
 .debug_macro   0x000011b6       0x22 ./Core/Src/audio.o
 .debug_macro   0x000011d8       0x8e ./Core/Src/audio.o
 .debug_macro   0x00001266       0x51 ./Core/Src/audio.o
 .debug_macro   0x000012b7      0x103 ./Core/Src/audio.o
 .debug_macro   0x000013ba       0x6a ./Core/Src/audio.o
 .debug_macro   0x00001424      0x1df ./Core/Src/audio.o
 .debug_macro   0x00001603       0x1c ./Core/Src/audio.o
 .debug_macro   0x0000161f       0x22 ./Core/Src/audio.o
 .debug_macro   0x00001641       0xfb ./Core/Src/audio.o
 .debug_macro   0x0000173c     0x1011 ./Core/Src/audio.o
 .debug_macro   0x0000274d      0x11f ./Core/Src/audio.o
 .debug_macro   0x0000286c    0x15e97 ./Core/Src/audio.o
 .debug_macro   0x00018703       0x6d ./Core/Src/audio.o
 .debug_macro   0x00018770     0x369a ./Core/Src/audio.o
 .debug_macro   0x0001be0a      0x189 ./Core/Src/audio.o
 .debug_macro   0x0001bf93       0x5c ./Core/Src/audio.o
 .debug_macro   0x0001bfef      0x980 ./Core/Src/audio.o
 .debug_macro   0x0001c96f      0x9e9 ./Core/Src/audio.o
 .debug_macro   0x0001d358      0x115 ./Core/Src/audio.o
 .debug_macro   0x0001d46d      0x13e ./Core/Src/audio.o
 .debug_macro   0x0001d5ab       0xa5 ./Core/Src/audio.o
 .debug_macro   0x0001d650      0x174 ./Core/Src/audio.o
 .debug_macro   0x0001d7c4      0x287 ./Core/Src/audio.o
 .debug_macro   0x0001da4b       0x5f ./Core/Src/audio.o
 .debug_macro   0x0001daaa      0x236 ./Core/Src/audio.o
 .debug_macro   0x0001dce0      0x122 ./Core/Src/audio.o
 .debug_macro   0x0001de02       0xa6 ./Core/Src/audio.o
 .debug_macro   0x0001dea8      0x12c ./Core/Src/audio.o
 .debug_macro   0x0001dfd4      0x21e ./Core/Src/audio.o
 .debug_macro   0x0001e1f2       0x2e ./Core/Src/audio.o
 .debug_macro   0x0001e220      0x127 ./Core/Src/audio.o
 .debug_macro   0x0001e347       0x7e ./Core/Src/audio.o
 .debug_macro   0x0001e3c5       0x89 ./Core/Src/audio.o
 .debug_macro   0x0001e44e      0x868 ./Core/Src/audio.o
 .debug_macro   0x0001ecb6      0x1d5 ./Core/Src/audio.o
 .debug_macro   0x0001ee8b      0x225 ./Core/Src/audio.o
 .debug_macro   0x0001f0b0      0x8ed ./Core/Src/audio.o
 .debug_macro   0x0001f99d       0x4d ./Core/Src/audio.o
 .debug_macro   0x0001f9ea      0x2aa ./Core/Src/audio.o
 .debug_macro   0x0001fc94      0x12d ./Core/Src/audio.o
 .debug_macro   0x0001fdc1       0x22 ./Core/Src/audio.o