../Core/Src/app.c:18:13:controller_test	32	static
../Core/Src/app.c:62:22:Task0	32	static
../Core/Src/app.c:84:22:Task1	8	static
../Core/Src/app.c:94:22:Task2	32	static
../Core/Src/app.c:118:22:Task3	8	static
../Core/Src/app.c:126:22:Task4	8	static
../Core/Src/app.c:135:22:Task5	8	static
../Core/Src/app.c:145:13:demo_os_1	16	static
../Core/Src/app.c:166:13:scaling_test	40	static
../Core/Src/app.c:242:13:rotation_test	40	static
../Core/Src/app.c:298:13:graphics_test	40	static
../Core/Src/app.c:368:13:set_graphics_gui	16	static
../Core/Src/app.c:391:13:list_graphics	16	static
../Core/Src/app.c:519:13:list_songs	24	static
../Core/Src/app.c:631:13:set_main_gui	16	static
../Core/Src/app.c:664:6:main_app	16	static
