../Core/Src/graphics.c:22:6:init_cursor	4	static
../Core/Src/graphics.c:33:6:convert_color_16_to_18	24	static
../Core/Src/graphics.c:62:6:write_color	24	static
../Core/Src/graphics.c:89:6:draw_pixel	32	static
../Core/Src/graphics.c:109:20:draw_pixel_data	32	static
../Core/Src/graphics.c:124:6:fill_screen1	40	static
../Core/Src/graphics.c:164:6:fill_screen2	88	dynamic
../Core/Src/graphics.c:216:6:print_character	48	static
../Core/Src/graphics.c:258:6:print_string	48	static
../Core/Src/graphics.c:284:6:draw_horizontal_line	40	static
../Core/Src/graphics.c:308:6:draw_vertical_line	40	static
../Core/Src/graphics.c:332:6:draw_rectangle_slow	56	static
../Core/Src/graphics.c:384:6:draw_rectangle	48	static
../Core/Src/graphics.c:414:6:init_entity_sd	16	static
../Core/Src/graphics.c:425:6:free_entity_sd	16	static
../Core/Src/graphics.c:432:6:draw_entity	48	static
../Core/Src/graphics.c:541:6:translation_entity	64	static
../Core/Src/graphics.c:627:6:translation_test	16	static
../Core/Src/graphics.c:684:6:scaling_entity	88	static
../Core/Src/graphics.c:829:6:rotate_entity	48	static
../Core/Src/graphics.c:924:6:erase_entity	24	static
