../Core/Src/main.c:89:8:HAL_SPI_TxCpltCallback	16	static
../Core/Src/main.c:103:8:HAL_SPI_RxCpltCallback	16	static
../Core/Src/main.c:115:8:HAL_DAC_ConvHalfCpltCallbackCh1	16	static
../Core/Src/main.c:133:5:main	4176	static
../Core/Src/main.c:410:6:SystemClock_Config	88	static
../Core/Src/main.c:456:13:MX_DAC_Init	16	static
../Core/Src/main.c:496:13:MX_SDIO_SD_Init	4	static
../Core/Src/main.c:524:13:MX_SPI1_Init	8	static
../Core/Src/main.c:562:13:MX_TIM2_Init	32	static
../Core/Src/main.c:607:13:MX_USART1_UART_Init	8	static
../Core/Src/main.c:638:13:MX_DMA_Init	16	static
../Core/Src/main.c:663:13:MX_GPIO_Init	48	static
../Core/Src/main.c:697:6:Error_Handler	4	static,ignoring_inline_asm
