../Core/Src/main.c:100:6:HAL_SPI_TxCpltCallback	16	static
../Core/Src/main.c:119:6:HAL_SPI_RxCpltCallback	16	static
../Core/Src/main.c:175:6:HAL_DAC_ConvHalfCpltCallbackCh1	16	static
../Core/Src/main.c:188:6:controller_test	32	static
../Core/Src/main.c:234:15:Task0	32	static
../Core/Src/main.c:256:15:Task1	8	static
../Core/Src/main.c:292:15:Task2	32	static
../Core/Src/main.c:317:15:Task3	8	static
../Core/Src/main.c:325:15:Task4	8	static
../Core/Src/main.c:334:15:Task5	8	static
../Core/Src/main.c:344:6:demo_os_1	16	static
../Core/Src/main.c:372:5:main	88	static
../Core/Src/main.c:728:6:SystemClock_Config	88	static
../Core/Src/main.c:774:13:MX_DAC_Init	16	static
../Core/Src/main.c:814:13:MX_SDIO_SD_Init	4	static
../Core/Src/main.c:842:13:MX_SPI1_Init	8	static
../Core/Src/main.c:880:13:MX_SPI2_Init	8	static
../Core/Src/main.c:917:13:MX_TIM2_Init	32	static
../Core/Src/main.c:962:13:MX_TIM4_Init	32	static
../Core/Src/main.c:1007:13:MX_USART1_UART_Init	8	static
../Core/Src/main.c:1038:13:MX_DMA_Init	16	static
../Core/Src/main.c:1063:13:MX_GPIO_Init	56	static
../Core/Src/main.c:1109:6:Error_Handler	4	static,ignoring_inline_asm
