../Core/Src/main.c:89:8:HAL_SPI_TxCpltCallback	16	static
../Core/Src/main.c:103:8:HAL_SPI_RxCpltCallback	16	static
../Core/Src/main.c:115:8:HAL_DAC_ConvHalfCpltCallbackCh1	16	static
../Core/Src/main.c:127:8:redare_fisier_audio	24	static
../Core/Src/main.c:156:8:get_sine	16	static
../Core/Src/main.c:176:5:main	4144	static
../Core/Src/main.c:380:6:SystemClock_Config	88	static
../Core/Src/main.c:426:13:MX_DAC_Init	16	static
../Core/Src/main.c:466:13:MX_SDIO_SD_Init	4	static
../Core/Src/main.c:494:13:MX_SPI1_Init	8	static
../Core/Src/main.c:532:13:MX_TIM2_Init	32	static
../Core/Src/main.c:577:13:MX_USART1_UART_Init	8	static
../Core/Src/main.c:608:13:MX_DMA_Init	16	static
../Core/Src/main.c:633:13:MX_GPIO_Init	48	static
../Core/Src/main.c:667:6:Error_Handler	4	static,ignoring_inline_asm
