../Core/Src/main.c:111:6:HAL_SPI_TxCpltCallback	16	static
../Core/Src/main.c:130:6:HAL_SPI_RxCpltCallback	16	static
../Core/Src/main.c:186:6:HAL_DAC_ConvHalfCpltCallbackCh1	16	static
../Core/Src/main.c:198:6:HAL_TIM_PeriodElapsedCallback	16	static
../Core/Src/main.c:215:6:process1	8	static
../Core/Src/main.c:224:6:process2	8	static
../Core/Src/main.c:239:5:main	88	static
../Core/Src/main.c:580:6:SystemClock_Config	88	static
../Core/Src/main.c:626:13:MX_DAC_Init	16	static
../Core/Src/main.c:666:13:MX_SDIO_SD_Init	4	static
../Core/Src/main.c:694:13:MX_SPI1_Init	8	static
../Core/Src/main.c:732:13:MX_SPI2_Init	8	static
../Core/Src/main.c:770:13:MX_TIM2_Init	32	static
../Core/Src/main.c:815:13:MX_TIM4_Init	32	static
../Core/Src/main.c:860:13:MX_USART1_UART_Init	8	static
../Core/Src/main.c:891:13:MX_DMA_Init	16	static
../Core/Src/main.c:916:13:MX_GPIO_Init	48	static
../Core/Src/main.c:951:6:Error_Handler	4	static,ignoring_inline_asm
