../Core/Src/main.c:89:8:HAL_SPI_TxCpltCallback	16	static
../Core/Src/main.c:103:8:HAL_SPI_RxCpltCallback	16	static
../Core/Src/main.c:115:8:HAL_DAC_ConvHalfCpltCallbackCh1	16	static
../Core/Src/main.c:133:5:main	4184	static
../Core/Src/main.c:437:6:SystemClock_Config	88	static
../Core/Src/main.c:483:13:MX_DAC_Init	16	static
../Core/Src/main.c:523:13:MX_SDIO_SD_Init	4	static
../Core/Src/main.c:551:13:MX_SPI1_Init	8	static
../Core/Src/main.c:589:13:MX_TIM2_Init	32	static
../Core/Src/main.c:634:13:MX_USART1_UART_Init	8	static
../Core/Src/main.c:665:13:MX_DMA_Init	16	static
../Core/Src/main.c:690:13:MX_GPIO_Init	48	static
../Core/Src/main.c:724:6:Error_Handler	4	static,ignoring_inline_asm
