../Core/Src/main.c:111:6:HAL_SPI_TxCpltCallback	16	static
../Core/Src/main.c:130:6:HAL_SPI_RxCpltCallback	16	static
../Core/Src/main.c:186:6:HAL_DAC_ConvHalfCpltCallbackCh1	16	static
../Core/Src/main.c:198:6:controller_test	32	static
../Core/Src/main.c:247:6:HAL_TIM_PeriodElapsedCallback	16	static
../Core/Src/main.c:267:15:Task0	32	static
../Core/Src/main.c:289:15:Task1	8	static
../Core/Src/main.c:324:15:Task2	32	static
../Core/Src/main.c:349:15:Task3	8	static
../Core/Src/main.c:357:6:demo_os_1	16	static
../Core/Src/main.c:383:5:main	88	static
../Core/Src/main.c:736:6:SystemClock_Config	88	static
../Core/Src/main.c:782:13:MX_DAC_Init	16	static
../Core/Src/main.c:822:13:MX_SDIO_SD_Init	4	static
../Core/Src/main.c:850:13:MX_SPI1_Init	8	static
../Core/Src/main.c:888:13:MX_SPI2_Init	8	static
../Core/Src/main.c:925:13:MX_TIM2_Init	32	static
../Core/Src/main.c:970:13:MX_TIM4_Init	32	static
../Core/Src/main.c:1015:13:MX_USART1_UART_Init	8	static
../Core/Src/main.c:1046:13:MX_DMA_Init	16	static
../Core/Src/main.c:1071:13:MX_GPIO_Init	56	static
../Core/Src/main.c:1117:6:Error_Handler	4	static,ignoring_inline_asm
