../Core/Src/main.c:111:6:HAL_SPI_TxCpltCallback	16	static
../Core/Src/main.c:130:6:HAL_SPI_RxCpltCallback	16	static
../Core/Src/main.c:186:6:HAL_DAC_ConvHalfCpltCallbackCh1	16	static
../Core/Src/main.c:201:6:HAL_TIM_PeriodElapsedCallback	16	static
../Core/Src/main.c:236:6:process1	8	static
../Core/Src/main.c:245:6:process2	8	static
../Core/Src/main.c:260:5:main	88	static
../Core/Src/main.c:600:6:SystemClock_Config	88	static
../Core/Src/main.c:646:13:MX_DAC_Init	16	static
../Core/Src/main.c:686:13:MX_SDIO_SD_Init	4	static
../Core/Src/main.c:714:13:MX_SPI1_Init	8	static
../Core/Src/main.c:752:13:MX_SPI2_Init	8	static
../Core/Src/main.c:790:13:MX_TIM2_Init	32	static
../Core/Src/main.c:835:13:MX_TIM4_Init	32	static
../Core/Src/main.c:880:13:MX_USART1_UART_Init	8	static
../Core/Src/main.c:911:13:MX_DMA_Init	16	static
../Core/Src/main.c:936:13:MX_GPIO_Init	48	static
../Core/Src/main.c:971:6:Error_Handler	4	static,ignoring_inline_asm
