../Core/Src/main.c:108:6:HAL_SPI_TxCpltCallback	16	static
../Core/Src/main.c:127:6:HAL_SPI_RxCpltCallback	16	static
../Core/Src/main.c:183:6:HAL_DAC_ConvHalfCpltCallbackCh1	16	static
../Core/Src/main.c:201:5:main	88	static
../Core/Src/main.c:535:6:SystemClock_Config	88	static
../Core/Src/main.c:581:13:MX_DAC_Init	16	static
../Core/Src/main.c:621:13:MX_SDIO_SD_Init	4	static
../Core/Src/main.c:649:13:MX_SPI1_Init	8	static
../Core/Src/main.c:687:13:MX_SPI2_Init	8	static
../Core/Src/main.c:725:13:MX_TIM2_Init	32	static
../Core/Src/main.c:770:13:MX_USART1_UART_Init	8	static
../Core/Src/main.c:801:13:MX_DMA_Init	16	static
../Core/Src/main.c:826:13:MX_GPIO_Init	48	static
../Core/Src/main.c:861:6:Error_Handler	4	static,ignoring_inline_asm
