../Core/Src/main.c:110:6:HAL_SPI_TxCpltCallback	16	static
../Core/Src/main.c:129:6:HAL_SPI_RxCpltCallback	16	static
../Core/Src/main.c:185:6:HAL_DAC_ConvHalfCpltCallbackCh1	16	static
../Core/Src/main.c:198:6:controller_test	32	static
../Core/Src/main.c:244:15:Task0	32	static
../Core/Src/main.c:266:15:Task1	8	static
../Core/Src/main.c:302:15:Task2	32	static
../Core/Src/main.c:327:15:Task3	8	static
../Core/Src/main.c:335:15:Task4	8	static
../Core/Src/main.c:344:15:Task5	8	static
../Core/Src/main.c:354:6:demo_os_1	16	static
../Core/Src/main.c:382:5:main	88	static
../Core/Src/main.c:735:6:SystemClock_Config	88	static
../Core/Src/main.c:781:13:MX_DAC_Init	16	static
../Core/Src/main.c:821:13:MX_SDIO_SD_Init	4	static
../Core/Src/main.c:849:13:MX_SPI1_Init	8	static
../Core/Src/main.c:887:13:MX_SPI2_Init	8	static
../Core/Src/main.c:924:13:MX_TIM2_Init	32	static
../Core/Src/main.c:969:13:MX_TIM4_Init	32	static
../Core/Src/main.c:1014:13:MX_USART1_UART_Init	8	static
../Core/Src/main.c:1045:13:MX_DMA_Init	16	static
../Core/Src/main.c:1070:13:MX_GPIO_Init	56	static
../Core/Src/main.c:1116:6:Error_Handler	4	static,ignoring_inline_asm
