../Core/Src/main.c:115:6:HAL_SPI_TxCpltCallback	16	static
../Core/Src/main.c:134:6:HAL_SPI_RxCpltCallback	16	static
../Core/Src/main.c:190:6:HAL_DAC_ConvHalfCpltCallbackCh1	16	static
../Core/Src/main.c:203:6:HAL_TIM_PeriodElapsedCallback	16	static
../Core/Src/main.c:218:15:Task0	32	static
../Core/Src/main.c:241:15:Task1	32	static
../Core/Src/main.c:271:5:main	56	static
../Core/Src/main.c:632:6:SystemClock_Config	88	static
../Core/Src/main.c:678:13:MX_DAC_Init	16	static
../Core/Src/main.c:718:13:MX_SDIO_SD_Init	4	static
../Core/Src/main.c:746:13:MX_SPI1_Init	8	static
../Core/Src/main.c:784:13:MX_SPI2_Init	8	static
../Core/Src/main.c:822:13:MX_TIM2_Init	32	static
../Core/Src/main.c:867:13:MX_TIM4_Init	32	static
../Core/Src/main.c:912:13:MX_USART1_UART_Init	8	static
../Core/Src/main.c:943:13:MX_DMA_Init	16	static
../Core/Src/main.c:968:13:MX_GPIO_Init	56	static
../Core/Src/main.c:1014:6:Error_Handler	4	static,ignoring_inline_asm
