../Core/Src/main.c:100:6:HAL_SPI_TxCpltCallback	16	static
../Core/Src/main.c:119:6:HAL_SPI_RxCpltCallback	16	static
../Core/Src/main.c:178:6:HAL_DAC_ConvHalfCpltCallbackCh1	16	static
../Core/Src/main.c:191:6:controller_test	32	static
../Core/Src/main.c:237:15:Task0	32	static
../Core/Src/main.c:259:15:Task1	8	static
../Core/Src/main.c:295:15:Task2	32	static
../Core/Src/main.c:320:15:Task3	8	static
../Core/Src/main.c:328:15:Task4	8	static
../Core/Src/main.c:337:15:Task5	8	static
../Core/Src/main.c:347:6:demo_os_1	16	static
../Core/Src/main.c:375:5:main	88	static
../Core/Src/main.c:734:6:SystemClock_Config	88	static
../Core/Src/main.c:780:13:MX_DAC_Init	16	static
../Core/Src/main.c:820:13:MX_SDIO_SD_Init	4	static
../Core/Src/main.c:848:13:MX_SPI1_Init	8	static
../Core/Src/main.c:886:13:MX_SPI2_Init	8	static
../Core/Src/main.c:923:13:MX_TIM2_Init	32	static
../Core/Src/main.c:968:13:MX_TIM4_Init	32	static
../Core/Src/main.c:1013:13:MX_USART1_UART_Init	8	static
../Core/Src/main.c:1044:13:MX_DMA_Init	16	static
../Core/Src/main.c:1069:13:MX_GPIO_Init	56	static
../Core/Src/main.c:1115:6:Error_Handler	4	static,ignoring_inline_asm
