../Core/Src/sdsys.c:14:6:init_cardSD	8	static
../Core/Src/sdsys.c:29:6:read_file	592	static
../Core/Src/sdsys.c:63:14:return_int_value_first_line	48	static
../Core/Src/sdsys.c:108:17:string_to_int	24	static
../Core/Src/sdsys.c:126:16:stringHexa_to_int	24	static
../Core/Src/sdsys.c:184:6:read_audio_file	640	dynamic
../Core/Src/sdsys.c:306:6:read_image_file	632	dynamic
../Core/Src/sdsys.c:460:17:frame_number_x	24	static
../Core/Src/sdsys.c:492:6:read_image_file_scaling	608	static
../Core/Src/sdsys.c:636:6:write_image_file	608	static
